
========================================
Benchmarking: Frustrated Ising N=4 (5 trials)
========================================
Exact GS energy: -1.549051
  Running QLTO V6...
  Running QAOA...
  Running Correct QNG...
  Running AdamW...
  Running SPSA...
  Saved plot with error bars: results/benchmark_Frustrated_Ising_N4_stats.png

  === Frustrated Ising N=4 over 5 trials (exact -1.5491) ===
  Optimizer               E_best mean   +/- std      SEM    E_final   NEFV  Depth
  -------------------------------------------------------------------------------
  AdamW                       -1.3863    0.0363   0.0162    -1.3815   1280      0
  QLTO V6                     -1.3429    0.0305   0.0136    -1.3419     80     27
  Correct QNG                 -1.3184    0.0350   0.0156    -1.3184   1440      0
  SPSA                        -1.2667    0.0462   0.0207    -1.2667    400      0

========================================
Benchmarking: MaxCut N=4 (Opt=4.0) (5 trials)
========================================
Exact GS energy: -0.000000
  Running QLTO V6...
  Running QAOA...
  Running Correct QNG...
  Running AdamW...
  Running SPSA...
  Saved plot with error bars: results/benchmark_MaxCut_N4_Opt4.0_stats.png

  === MaxCut N=4 (Opt=4.0) over 5 trials (exact -0.0000) ===
  Optimizer               E_best mean   +/- std      SEM    E_final   NEFV  Depth
  -------------------------------------------------------------------------------
  AdamW                        0.0597    0.0194   0.0087     0.0711    640      0
  Correct QNG                  0.1070    0.1445   0.0646     0.1070    720      0
  QLTO V6                      0.1613    0.2692   0.1204     0.1614     20     27
  SPSA                         0.2688    0.4148   0.1855     0.2688    200      0

========================================
Benchmarking: MaxCut N=6 (Opt=12.0) (5 trials)
========================================
Exact GS energy: -0.000000
  Running QLTO V6...
  Running QAOA...
  Running Correct QNG...
  Running AdamW...
  Running SPSA...
  Saved plot with error bars: results/benchmark_MaxCut_N6_Opt12.0_stats.png

  === MaxCut N=6 (Opt=12.0) over 5 trials (exact -0.0000) ===
  Optimizer               E_best mean   +/- std      SEM    E_final   NEFV  Depth
  -------------------------------------------------------------------------------
  Correct QNG                  0.0033    0.0027   0.0012     0.0045   1040      0
  AdamW                        0.2374    0.0733   0.0328     0.3466    960      0
  SPSA                         0.3361    0.2655   0.1187     0.3363    200      0
  QLTO V6                      1.0095    0.8289   0.3707     1.0096     20     45

========================================
Benchmarking: H2 Molecule (5 trials)
========================================
Exact GS energy: -1.857275
  Running QLTO V6...
  Running QAOA...
    N/A: QAOA not applicable: Hamiltonian has non-diagonal terms the X mixer does not represent (e.g. XX). Standard QAOA needs a Z-only cost plus a transverse field.
  Running Correct QNG...
  Running AdamW...
  Running SPSA...
  Saved plot with error bars: results/benchmark_H2_Molecule_stats.png

  === H2 Molecule over 5 trials (exact -1.8573) ===
  Optimizer               E_best mean   +/- std      SEM    E_final   NEFV  Depth
  -------------------------------------------------------------------------------
  QLTO V6                     -1.8483    0.0069   0.0031    -1.8476     80     19
  AdamW                       -1.8440    0.0078   0.0035    -1.8385    640      0
  SPSA                        -1.8313    0.0137   0.0061    -1.8313    400      0
  Correct QNG                 -1.8249    0.0162   0.0072    -1.8249    800      0

========================================
Benchmarking: LiH Molecule (5 trials)
========================================
Exact GS energy: -8.949737
  Running QLTO V6...
  Running QAOA...
    N/A: QAOA not applicable: Hamiltonian has non-diagonal terms the X mixer does not represent (e.g. IXIX). Standard QAOA needs a Z-only cost plus a transverse field.
  Running Correct QNG...
  Running AdamW...
  Running SPSA...
  Saved plot with error bars: results/benchmark_LiH_Molecule_stats.png

  === LiH Molecule over 5 trials (exact -8.9497) ===
  Optimizer               E_best mean   +/- std      SEM    E_final   NEFV  Depth
  -------------------------------------------------------------------------------
  AdamW                       -8.9077    0.0124   0.0056    -8.8928   1920      0
  QLTO V6                     -8.8222    0.1095   0.0490    -8.8222    180     27
  SPSA                        -8.6477    0.2303   0.1030    -8.6477    600      0
  Correct QNG                 -8.4827    0.3391   0.1517    -8.4827   2160      0

========================================
Benchmarking: Heisenberg N=4 (5 trials)
========================================
Exact GS energy: -6.464102
  Running QLTO V6...
  Running QAOA...
    N/A: QAOA not applicable: Hamiltonian has non-diagonal terms the X mixer does not represent (e.g. XXII). Standard QAOA needs a Z-only cost plus a transverse field.
  Running Correct QNG...
  Running AdamW...
  Running SPSA...
  Saved plot with error bars: results/benchmark_Heisenberg_N4_stats.png

  === Heisenberg N=4 over 5 trials (exact -6.4641) ===
  Optimizer               E_best mean   +/- std      SEM    E_final   NEFV  Depth
  -------------------------------------------------------------------------------
  Correct QNG                 -6.0231    0.0433   0.0194    -6.0229   2160      0
  SPSA                        -6.0060    0.0753   0.0337    -6.0046    600      0
  AdamW                       -5.9561    0.0615   0.0275    -5.9111   1920      0
  QLTO V6                     -5.6228    0.5473   0.2447    -5.6151    180     27

========================================
Benchmarking: Heisenberg N=6 (5 trials)
========================================
Exact GS energy: -9.974309
  Running QLTO V6...
  Running QAOA...
    N/A: QAOA not applicable: Hamiltonian has non-diagonal terms the X mixer does not represent (e.g. XXIIII). Standard QAOA needs a Z-only cost plus a transverse field.
  Running Correct QNG...
  Running AdamW...
  Running SPSA...
  Saved plot with error bars: results/benchmark_Heisenberg_N6_stats.png

  === Heisenberg N=6 over 5 trials (exact -9.9743) ===
  Optimizer               E_best mean   +/- std      SEM    E_final   NEFV  Depth
  -------------------------------------------------------------------------------
  Correct QNG                 -8.8771    0.4720   0.2111    -8.8771   3120      0
  AdamW                       -8.7988    0.1486   0.0664    -8.7802   2880      0
  QLTO V6                     -8.5844    0.5846   0.2614    -8.5803    180     45
  SPSA                        -7.6393    0.7415   0.3316    -7.6393    600      0

========================================
Benchmarking: Heisenberg N=8 (5 trials)
========================================
Exact GS energy: -13.499730
  Running QLTO V6...
  Running QAOA...
    N/A: QAOA not applicable: Hamiltonian has non-diagonal terms the X mixer does not represent (e.g. XXIIIIII). Standard QAOA needs a Z-only cost plus a transverse field.
  Running Correct QNG...
  Running AdamW...
  Running SPSA...
  Saved plot with error bars: results/benchmark_Heisenberg_N8_stats.png

  === Heisenberg N=8 over 5 trials (exact -13.4997) ===
  Optimizer               E_best mean   +/- std      SEM    E_final   NEFV  Depth
  -------------------------------------------------------------------------------
  Correct QNG                -12.1576    0.0509   0.0228   -12.1576   4080      0
  AdamW                      -11.9613    0.0661   0.0295   -11.9613   3840      0
  QLTO V6                    -10.4341    0.9280   0.4150   -10.4341    180     41
  SPSA                       -10.0662    0.3814   0.1706   -10.0405    600      0
