
========================================
Benchmarking: Frustrated Ising N=4
========================================
Exact GS energy: -1.549051
  Using Matrix Product State (MPS) Simulator due to size.
  Running QLTO V3 (walk-grad)...
[V3] 4 commuting blocks [4, 4, 4, 4] | range(H)=4.5066 identity=+0.0000 tau=0.2219 | layered 9q statevector, global 21q (fits) | no gradient engine
    Ep 0: E=-0.8145 | NEFV=9 | Depth=149
    Ep 5: E=-1.2399 | NEFV=54 | Depth=149
    Ep 10: E=-1.2708 | NEFV=99 | Depth=149
    Ep 15: E=-1.2184 | NEFV=144 | Depth=149
    Ep 19: E=-1.2325 | NEFV=180 | Depth=149
  Running QLTO V2 (engine-grad)...
[Init] Riemannian Engines Online. Detected 4 commuting layers. FIM=OFF
[Init] widest walk circuit 9q -> AerSimulator(statevector)
[Init] Legacy single-ancilla sensing active. ‖H‖_2 = 2.9576
/home/poig/anaconda3/lib/python3.13/site-packages/qiskit/compiler/transpiler.py:269: UserWarning: Providing `coupling_map` and/or `basis_gates` along with `backend` is not recommended, as this will invalidate the backend's gate durations and error rates.
  pm = generate_preset_pass_manager(
    Ep 0: E=-0.8345 | NEFV=36 | Depth=419
    Ep 5: E=-1.2799 | NEFV=216 | Depth=419
    Ep 10: E=-1.3939 | NEFV=396 | Depth=419
    Ep 15: E=-1.3959 | NEFV=576 | Depth=419
    Ep 19: E=-1.3915 | NEFV=720 | Depth=419
  Running QAOA (p=3)...
    Ep 0: E=-0.5297 | NEFV=20 | Depth=43
    Ep 5: E=-0.8964 | NEFV=120 | Depth=43
    Ep 10: E=-1.0172 | NEFV=220 | Depth=43
    Ep 15: E=-1.0119 | NEFV=320 | Depth=43
    Ep 19: E=-0.9966 | NEFV=400 | Depth=43
  Running Correct QNG...
    Ep 0: E=-0.5787 | NEFV=36
    Ep 5: E=-0.7264 | NEFV=216
    Ep 10: E=-0.7956 | NEFV=396
    Ep 15: E=-0.9043 | NEFV=576
    Ep 19: E=-0.9731 | NEFV=720
  Running PennyLane QNG...
    Ep 0: E=-0.6124 | NEFV=34 | Depth=7
    Ep 5: E=-0.7238 | NEFV=204 | Depth=7
    Ep 10: E=-0.7589 | NEFV=374 | Depth=7
    Ep 15: E=-0.8140 | NEFV=544 | Depth=7
    Ep 19: E=-0.8945 | NEFV=680 | Depth=7
  Running AdamW...
    Ep 0: E=-0.7221 | NEFV=32
    Ep 5: E=-1.1404 | NEFV=192
    Ep 10: E=-1.2506 | NEFV=352
    Ep 15: E=-1.3500 | NEFV=512
    Ep 19: E=-1.3603 | NEFV=640
  Running SPSA...
    Ep 0: E=-0.5572 | NEFV=2
    Ep 5: E=-0.6735 | NEFV=12
    Ep 10: E=-0.6827 | NEFV=22
    Ep 15: E=-0.6797 | NEFV=32
    Ep 20: E=-0.7453 | NEFV=42
    Ep 25: E=-0.7570 | NEFV=52
    Ep 30: E=-0.7607 | NEFV=62
    Ep 35: E=-0.7651 | NEFV=72
    Ep 40: E=-0.7635 | NEFV=82
    Ep 45: E=-0.7974 | NEFV=92
    Ep 50: E=-0.7832 | NEFV=102
    Ep 55: E=-0.8023 | NEFV=112
    Ep 60: E=-0.8149 | NEFV=122
    Ep 65: E=-0.8367 | NEFV=132
    Ep 70: E=-0.8276 | NEFV=142
    Ep 75: E=-0.8323 | NEFV=152
    Ep 80: E=-0.8473 | NEFV=162
    Ep 85: E=-0.8354 | NEFV=172
    Ep 90: E=-0.8422 | NEFV=182
    Ep 95: E=-0.8455 | NEFV=192
    Ep 100: E=-0.8572 | NEFV=202
    Ep 105: E=-0.8938 | NEFV=212
    Ep 110: E=-0.8835 | NEFV=222
    Ep 115: E=-0.8936 | NEFV=232
    Ep 120: E=-0.8817 | NEFV=242
    Ep 125: E=-0.8918 | NEFV=252
    Ep 130: E=-0.9085 | NEFV=262
    Ep 135: E=-0.8962 | NEFV=272
    Ep 140: E=-0.8956 | NEFV=282
    Ep 145: E=-0.9041 | NEFV=292
    Ep 150: E=-0.9175 | NEFV=302
    Ep 155: E=-0.9304 | NEFV=312
    Ep 160: E=-0.9396 | NEFV=322
    Ep 165: E=-0.9124 | NEFV=332
    Ep 170: E=-0.9221 | NEFV=342
    Ep 175: E=-0.9212 | NEFV=352
    Ep 180: E=-0.9148 | NEFV=362
    Ep 185: E=-0.9432 | NEFV=372
    Ep 190: E=-0.9452 | NEFV=382
    Ep 195: E=-0.9440 | NEFV=392
    Ep 199: E=-0.9443 | NEFV=400
  Saved plot: results/benchmark_Frustrated_Ising_N4_convergence.png
  Saved plot: results/benchmark_Frustrated_Ising_N4_depth.png
  Saved plot: results/benchmark_Frustrated_Ising_N4_nefv.png

  === Summary for Frustrated Ising N=4 ===
  Optimizer               Final E     NEFV    Depth     Time
  --------------------------------------------------------
  QLTO V3 (walk-grad)     -1.2325      180      149    37.7s
  QLTO V2 (engine-grad)    -1.3915      720      419    17.8s
  QAOA (p=3)              -0.9966      400       43     4.4s
  Correct QNG             -0.9731      720      N/A     3.9s
  PennyLane QNG           -0.8945      680        7     5.3s
  AdamW                   -1.3603      640      N/A     2.9s
  SPSA                    -0.9443      400      N/A     5.7s

========================================
Benchmarking: MaxCut N=4 (Opt=4.0)
========================================
Exact GS energy: -0.000000
  Using Matrix Product State (MPS) Simulator due to size.
  Running QLTO V3 (walk-grad)...
[V3] 4 commuting blocks [4, 4, 4, 4] | range(H)=3.9600 identity=+1.9800 tau=0.2525 | layered 9q statevector, global 21q (fits) | no gradient engine
    Ep 0: E=1.8896 | NEFV=9 | Depth=136
    Ep 5: E=0.3458 | NEFV=54 | Depth=136
    Ep 10: E=0.1544 | NEFV=99 | Depth=136
    Ep 15: E=0.0627 | NEFV=144 | Depth=136
    Ep 19: E=0.0506 | NEFV=180 | Depth=136
  Running QLTO V2 (engine-grad)...
[Init] Riemannian Engines Online. Detected 4 commuting layers. FIM=OFF
[Init] widest walk circuit 9q -> AerSimulator(statevector)
[Init] Legacy single-ancilla sensing active. ‖H‖_2 = 3.9600
/home/poig/anaconda3/lib/python3.13/site-packages/qiskit/compiler/transpiler.py:269: UserWarning: Providing `coupling_map` and/or `basis_gates` along with `backend` is not recommended, as this will invalidate the backend's gate durations and error rates.
  pm = generate_preset_pass_manager(
    Ep 0: E=1.9072 | NEFV=32 | Depth=389
    Ep 5: E=0.2000 | NEFV=192 | Depth=389
    Ep 10: E=0.0427 | NEFV=352 | Depth=389
    Ep 15: E=0.0837 | NEFV=512 | Depth=389
    Ep 19: E=0.0860 | NEFV=640 | Depth=389
  Running QAOA (p=3)...
    Ep 0: E=0.6754 | NEFV=20 | Depth=22
    Ep 5: E=0.4044 | NEFV=120 | Depth=22
    Ep 10: E=0.3535 | NEFV=220 | Depth=22
    Ep 15: E=0.3237 | NEFV=320 | Depth=22
    Ep 19: E=0.3389 | NEFV=400 | Depth=22
  Running Correct QNG...
    Ep 0: E=2.3212 | NEFV=36
    Ep 5: E=1.8724 | NEFV=216
    Ep 10: E=1.2951 | NEFV=396
    Ep 15: E=0.8630 | NEFV=576
    Ep 19: E=0.6420 | NEFV=720
  Running PennyLane QNG...
    Ep 0: E=2.2629 | NEFV=34 | Depth=7
    Ep 5: E=1.8853 | NEFV=204 | Depth=7
    Ep 10: E=1.8654 | NEFV=374 | Depth=7
    Ep 15: E=1.9296 | NEFV=544 | Depth=7
    Ep 19: E=1.9993 | NEFV=680 | Depth=7
  Running AdamW...
    Ep 0: E=2.1568 | NEFV=32
    Ep 5: E=0.7895 | NEFV=192
    Ep 10: E=0.3324 | NEFV=352
    Ep 15: E=0.1652 | NEFV=512
    Ep 19: E=0.0971 | NEFV=640
  Running SPSA...
    Ep 0: E=2.3238 | NEFV=2
    Ep 5: E=2.0336 | NEFV=12
    Ep 10: E=2.0107 | NEFV=22
    Ep 15: E=1.8782 | NEFV=32
    Ep 20: E=1.7148 | NEFV=42
    Ep 25: E=1.5891 | NEFV=52
    Ep 30: E=1.4094 | NEFV=62
    Ep 35: E=1.4051 | NEFV=72
    Ep 40: E=1.3034 | NEFV=82
    Ep 45: E=1.3043 | NEFV=92
    Ep 50: E=1.1959 | NEFV=102
    Ep 55: E=1.1458 | NEFV=112
    Ep 60: E=1.1227 | NEFV=122
    Ep 65: E=1.0863 | NEFV=132
    Ep 70: E=1.0700 | NEFV=142
    Ep 75: E=1.0754 | NEFV=152
    Ep 80: E=1.0294 | NEFV=162
    Ep 85: E=0.9982 | NEFV=172
    Ep 90: E=0.9998 | NEFV=182
    Ep 95: E=0.9817 | NEFV=192
    Ep 100: E=0.9933 | NEFV=202
    Ep 105: E=0.8951 | NEFV=212
    Ep 110: E=0.9115 | NEFV=222
    Ep 115: E=0.8931 | NEFV=232
    Ep 120: E=0.8627 | NEFV=242
    Ep 125: E=0.8519 | NEFV=252
    Ep 130: E=0.8518 | NEFV=262
    Ep 135: E=0.8298 | NEFV=272
    Ep 140: E=0.8155 | NEFV=282
    Ep 145: E=0.8109 | NEFV=292
    Ep 150: E=0.7912 | NEFV=302
    Ep 155: E=0.7820 | NEFV=312
    Ep 160: E=0.7548 | NEFV=322
    Ep 165: E=0.7642 | NEFV=332
    Ep 170: E=0.7305 | NEFV=342
    Ep 175: E=0.7213 | NEFV=352
    Ep 180: E=0.7039 | NEFV=362
    Ep 185: E=0.7150 | NEFV=372
    Ep 190: E=0.6986 | NEFV=382
    Ep 195: E=0.6753 | NEFV=392
    Ep 199: E=0.6548 | NEFV=400
  Saved plot: results/benchmark_MaxCut_N4_Opt4.0_convergence.png
  Saved plot: results/benchmark_MaxCut_N4_Opt4.0_depth.png
  Saved plot: results/benchmark_MaxCut_N4_Opt4.0_nefv.png

  === Summary for MaxCut N=4 (Opt=4.0) ===
  Optimizer               Final E     NEFV    Depth     Time
  --------------------------------------------------------
  QLTO V3 (walk-grad)      0.0506      180      136    33.0s
  QLTO V2 (engine-grad)     0.0860      640      389    15.9s
  QAOA (p=3)               0.3389      400       22     3.6s
  Correct QNG              0.6420      720      N/A     3.8s
  PennyLane QNG            1.9993      680        7     4.8s
  AdamW                    0.0971      640      N/A     2.3s
  SPSA                     0.6548      400      N/A     3.3s

========================================
Benchmarking: MaxCut N=6 (Opt=12.0)
========================================
Exact GS energy: -0.000000
  Using Matrix Product State (MPS) Simulator due to size.
  Running QLTO V3 (walk-grad)...
[V3] 4 commuting blocks [6, 6, 6, 6] | range(H)=11.9900 identity=+8.6350 tau=0.0834 | layered 13q statevector, global 31q (too wide) | no gradient engine
    Ep 0: E=8.6622 | NEFV=9 | Depth=224
    Ep 5: E=3.9755 | NEFV=54 | Depth=224
    Ep 10: E=1.7183 | NEFV=99 | Depth=224
    Ep 15: E=0.9620 | NEFV=144 | Depth=224
    Ep 19: E=0.8249 | NEFV=180 | Depth=224
  Running QLTO V2 (engine-grad)...
[Init] Riemannian Engines Online. Detected 4 commuting layers. FIM=OFF
[Init] widest walk circuit 13q -> AerSimulator(statevector)
[Init] Legacy single-ancilla sensing active. ‖H‖_2 = 11.9900
/home/poig/anaconda3/lib/python3.13/site-packages/qiskit/compiler/transpiler.py:269: UserWarning: Providing `coupling_map` and/or `basis_gates` along with `backend` is not recommended, as this will invalidate the backend's gate durations and error rates.
  pm = generate_preset_pass_manager(
    Ep 0: E=8.2750 | NEFV=44 | Depth=626
    Ep 5: E=1.9744 | NEFV=264 | Depth=626
    Ep 10: E=0.0712 | NEFV=484 | Depth=626
    Ep 15: E=0.0096 | NEFV=704 | Depth=626
    Ep 19: E=0.0107 | NEFV=880 | Depth=626
  Running QAOA (p=3)...
    Ep 0: E=4.9049 | NEFV=20 | Depth=67
    Ep 5: E=3.7877 | NEFV=120 | Depth=67
    Ep 10: E=3.2946 | NEFV=220 | Depth=67
    Ep 15: E=3.1749 | NEFV=320 | Depth=67
    Ep 19: E=3.1428 | NEFV=400 | Depth=67
  Running Correct QNG...
    Ep 0: E=9.1309 | NEFV=52
    Ep 5: E=8.0656 | NEFV=312
    Ep 10: E=4.8714 | NEFV=572
    Ep 15: E=0.6443 | NEFV=832
    Ep 19: E=0.0537 | NEFV=1040
  Running PennyLane QNG...
    Ep 0: E=8.9179 | NEFV=50 | Depth=9
    Ep 5: E=5.3092 | NEFV=300 | Depth=9
    Ep 10: E=0.7075 | NEFV=550 | Depth=9
    Ep 15: E=0.0047 | NEFV=800 | Depth=9
    Ep 19: E=0.0041 | NEFV=1000 | Depth=9
  Running AdamW...
    Ep 0: E=8.8740 | NEFV=48
    Ep 5: E=6.6249 | NEFV=288
    Ep 10: E=4.3679 | NEFV=528
    Ep 15: E=3.0373 | NEFV=768
    Ep 19: E=1.5806 | NEFV=960
  Running SPSA...
    Ep 0: E=9.2306 | NEFV=2
    Ep 5: E=8.8301 | NEFV=12
    Ep 10: E=8.7038 | NEFV=22
    Ep 15: E=8.3055 | NEFV=32
    Ep 20: E=8.1443 | NEFV=42
    Ep 25: E=7.6625 | NEFV=52
    Ep 30: E=7.3371 | NEFV=62
    Ep 35: E=6.9792 | NEFV=72
    Ep 40: E=6.6775 | NEFV=82
    Ep 45: E=6.3433 | NEFV=92
    Ep 50: E=5.8861 | NEFV=102
    Ep 55: E=5.6786 | NEFV=112
    Ep 60: E=5.1539 | NEFV=122
    Ep 65: E=4.9568 | NEFV=132
    Ep 70: E=4.8350 | NEFV=142
    Ep 75: E=4.5839 | NEFV=152
    Ep 80: E=4.5337 | NEFV=162
    Ep 85: E=4.4178 | NEFV=172
    Ep 90: E=4.2531 | NEFV=182
    Ep 95: E=4.1416 | NEFV=192
    Ep 100: E=4.0752 | NEFV=202
    Ep 105: E=3.8123 | NEFV=212
    Ep 110: E=3.7095 | NEFV=222
    Ep 115: E=3.6086 | NEFV=232
    Ep 120: E=3.4962 | NEFV=242
    Ep 125: E=3.3030 | NEFV=252
    Ep 130: E=3.1498 | NEFV=262
    Ep 135: E=2.9295 | NEFV=272
    Ep 140: E=2.8693 | NEFV=282
    Ep 145: E=2.6531 | NEFV=292
    Ep 150: E=2.1928 | NEFV=302
    Ep 155: E=1.9807 | NEFV=312
    Ep 160: E=1.7510 | NEFV=322
    Ep 165: E=1.5356 | NEFV=332
    Ep 170: E=1.4468 | NEFV=342
    Ep 175: E=1.2571 | NEFV=352
    Ep 180: E=1.2584 | NEFV=362
    Ep 185: E=1.1165 | NEFV=372
    Ep 190: E=1.0115 | NEFV=382
    Ep 195: E=0.9293 | NEFV=392
    Ep 199: E=0.7467 | NEFV=400
  Saved plot: results/benchmark_MaxCut_N6_Opt12.0_convergence.png
  Saved plot: results/benchmark_MaxCut_N6_Opt12.0_depth.png
  Saved plot: results/benchmark_MaxCut_N6_Opt12.0_nefv.png

  === Summary for MaxCut N=6 (Opt=12.0) ===
  Optimizer               Final E     NEFV    Depth     Time
  --------------------------------------------------------
  QLTO V3 (walk-grad)      0.8249      180      224    34.0s
  QLTO V2 (engine-grad)     0.0107      880      626    23.4s
  QAOA (p=3)               3.1428      400       67     6.7s
  Correct QNG              0.0537     1040      N/A     8.3s
  PennyLane QNG            0.0041     1000        9     9.5s
  AdamW                    1.5806      960      N/A     4.5s
  SPSA                     0.7467      400      N/A     5.4s

========================================
Benchmarking: H2 Molecule
========================================
Exact GS energy: -1.857275
  Running QLTO V3 (walk-grad)...
[V3] 4 commuting blocks [2, 2, 2, 2] | range(H)=1.6324 identity=-1.0524 tau=0.6126 | layered 5q statevector, global 11q (fits) | no gradient engine
    Ep 0: E=-1.6311 | NEFV=9 | Depth=77
    Ep 5: E=-1.7966 | NEFV=54 | Depth=77
    Ep 10: E=-1.8367 | NEFV=99 | Depth=77
    Ep 15: E=-1.7997 | NEFV=144 | Depth=77
    Ep 19: E=-1.8037 | NEFV=180 | Depth=77
  Running QLTO V2 (engine-grad)...
[Init] Riemannian Engines Online. Detected 4 commuting layers. FIM=OFF
[Init] widest walk circuit 5q -> AerSimulator(statevector)
[Init] Legacy single-ancilla sensing active. ‖H‖_2 = 1.8573
/home/poig/anaconda3/lib/python3.13/site-packages/qiskit/compiler/transpiler.py:269: UserWarning: Providing `coupling_map` and/or `basis_gates` along with `backend` is not recommended, as this will invalidate the backend's gate durations and error rates.
  pm = generate_preset_pass_manager(
    Ep 0: E=-1.7292 | NEFV=22 | Depth=212
    Ep 5: E=-1.8171 | NEFV=132 | Depth=212
    Ep 10: E=-1.7632 | NEFV=242 | Depth=212
    Ep 15: E=-1.7308 | NEFV=352 | Depth=212
    Ep 19: E=-1.7229 | NEFV=440 | Depth=212
  Running QAOA (p=3)...
    Ep 0: E=-1.8115 | NEFV=20 | Depth=16
    Ep 5: E=-1.7977 | NEFV=120 | Depth=16
    Ep 10: E=-1.8443 | NEFV=220 | Depth=16
    Ep 15: E=-1.8323 | NEFV=320 | Depth=16
    Ep 19: E=-1.8580 | NEFV=400 | Depth=16
  Running Correct QNG...
    Ep 0: E=-1.5989 | NEFV=20
    Ep 5: E=-1.6588 | NEFV=120
    Ep 10: E=-1.7098 | NEFV=220
    Ep 15: E=-1.7601 | NEFV=320
    Ep 19: E=-1.7790 | NEFV=400
  Running PennyLane QNG...
    Ep 0: E=-1.6247 | NEFV=18 | Depth=5
    Ep 5: E=-1.7558 | NEFV=108 | Depth=5
    Ep 10: E=-1.8225 | NEFV=198 | Depth=5
    Ep 15: E=-1.8272 | NEFV=288 | Depth=5
    Ep 19: E=-1.8443 | NEFV=360 | Depth=5
  Running AdamW...
    Ep 0: E=-1.6552 | NEFV=16
    Ep 5: E=-1.8210 | NEFV=96
    Ep 10: E=-1.8366 | NEFV=176
    Ep 15: E=-1.8454 | NEFV=256
    Ep 19: E=-1.8356 | NEFV=320
  Running SPSA...
    Ep 0: E=-1.5862 | NEFV=2
    Ep 5: E=-1.6357 | NEFV=12
    Ep 10: E=-1.6517 | NEFV=22
    Ep 15: E=-1.6414 | NEFV=32
    Ep 20: E=-1.6693 | NEFV=42
    Ep 25: E=-1.7026 | NEFV=52
    Ep 30: E=-1.6834 | NEFV=62
    Ep 35: E=-1.7009 | NEFV=72
    Ep 40: E=-1.7273 | NEFV=82
    Ep 45: E=-1.7132 | NEFV=92
    Ep 50: E=-1.7141 | NEFV=102
    Ep 55: E=-1.7364 | NEFV=112
    Ep 60: E=-1.7407 | NEFV=122
    Ep 65: E=-1.7472 | NEFV=132
    Ep 70: E=-1.7425 | NEFV=142
    Ep 75: E=-1.7208 | NEFV=152
    Ep 80: E=-1.7455 | NEFV=162
    Ep 85: E=-1.7447 | NEFV=172
    Ep 90: E=-1.7429 | NEFV=182
    Ep 95: E=-1.7572 | NEFV=192
    Ep 100: E=-1.7481 | NEFV=202
    Ep 105: E=-1.7456 | NEFV=212
    Ep 110: E=-1.7636 | NEFV=222
    Ep 115: E=-1.7854 | NEFV=232
    Ep 120: E=-1.7682 | NEFV=242
    Ep 125: E=-1.7661 | NEFV=252
    Ep 130: E=-1.7578 | NEFV=262
    Ep 135: E=-1.7730 | NEFV=272
    Ep 140: E=-1.7724 | NEFV=282
    Ep 145: E=-1.7803 | NEFV=292
    Ep 150: E=-1.7705 | NEFV=302
    Ep 155: E=-1.7685 | NEFV=312
    Ep 160: E=-1.7799 | NEFV=322
    Ep 165: E=-1.7770 | NEFV=332
    Ep 170: E=-1.7803 | NEFV=342
    Ep 175: E=-1.7827 | NEFV=352
    Ep 180: E=-1.7877 | NEFV=362
    Ep 185: E=-1.7734 | NEFV=372
    Ep 190: E=-1.7838 | NEFV=382
    Ep 195: E=-1.8006 | NEFV=392
    Ep 199: E=-1.7559 | NEFV=400
  Saved plot: results/benchmark_H2_Molecule_convergence.png
  Saved plot: results/benchmark_H2_Molecule_depth.png
  Saved plot: results/benchmark_H2_Molecule_nefv.png

  === Summary for H2 Molecule ===
  Optimizer               Final E     NEFV    Depth     Time
  --------------------------------------------------------
  QLTO V3 (walk-grad)     -1.8037      180       77    28.7s
  QLTO V2 (engine-grad)    -1.7229      440      212    19.2s
  QAOA (p=3)              -1.8580      400       16     3.8s
  Correct QNG             -1.7790      400      N/A     1.8s
  PennyLane QNG           -1.8443      360        5     2.2s
  AdamW                   -1.8356      320      N/A     1.3s
  SPSA                    -1.7559      400      N/A     3.6s

========================================
Benchmarking: LiH Molecule
========================================
Exact GS energy: -8.949737
  Using Matrix Product State (MPS) Simulator due to size.
  Running QLTO V3 (walk-grad)...
[V3] 4 commuting blocks [4, 4, 4, 4] | range(H)=1.7830 identity=-7.8825 tau=0.5609 | layered 9q statevector, global 21q (fits) | no gradient engine
    Ep 0: E=-7.9206 | NEFV=9 | Depth=170
    Ep 5: E=-8.4255 | NEFV=54 | Depth=170
    Ep 10: E=-8.6681 | NEFV=99 | Depth=170
    Ep 15: E=-8.7605 | NEFV=144 | Depth=170
    Ep 19: E=-8.7844 | NEFV=180 | Depth=170
  Running QLTO V2 (engine-grad)...
[Init] Riemannian Engines Online. Detected 4 commuting layers. FIM=OFF
[Init] widest walk circuit 9q -> AerSimulator(statevector)
[Init] Legacy single-ancilla sensing active. ‖H‖_2 = 8.9497
/home/poig/anaconda3/lib/python3.13/site-packages/qiskit/compiler/transpiler.py:269: UserWarning: Providing `coupling_map` and/or `basis_gates` along with `backend` is not recommended, as this will invalidate the backend's gate durations and error rates.
  pm = generate_preset_pass_manager(
    Ep 0: E=-7.9630 | NEFV=36 | Depth=451
    Ep 5: E=-8.4901 | NEFV=216 | Depth=451
    Ep 10: E=-8.7353 | NEFV=396 | Depth=451
    Ep 15: E=-8.6481 | NEFV=576 | Depth=451
    Ep 19: E=-8.6383 | NEFV=720 | Depth=451
  Running QAOA (p=3)...
    Ep 0: E=-8.7688 | NEFV=20 | Depth=46
    Ep 5: E=-8.8299 | NEFV=120 | Depth=46
    Ep 10: E=-8.8126 | NEFV=220 | Depth=46
    Ep 15: E=-8.7786 | NEFV=320 | Depth=46
    Ep 19: E=-8.8464 | NEFV=400 | Depth=46
  Running Correct QNG...
    Ep 0: E=-7.8596 | NEFV=36
    Ep 5: E=-7.9621 | NEFV=216
    Ep 10: E=-8.0684 | NEFV=396
    Ep 15: E=-8.1488 | NEFV=576
    Ep 19: E=-8.2186 | NEFV=720
  Running PennyLane QNG...
    Ep 0: E=-7.8415 | NEFV=34 | Depth=7
    Ep 5: E=-7.8725 | NEFV=204 | Depth=7
    Ep 10: E=-7.9361 | NEFV=374 | Depth=7
    Ep 15: E=-7.9493 | NEFV=544 | Depth=7
    Ep 19: E=-7.9769 | NEFV=680 | Depth=7
  Running AdamW...
    Ep 0: E=-7.9220 | NEFV=32
    Ep 5: E=-8.2543 | NEFV=192
    Ep 10: E=-8.4915 | NEFV=352
    Ep 15: E=-8.5982 | NEFV=512
    Ep 19: E=-8.6760 | NEFV=640
  Running SPSA...
    Ep 0: E=-7.8355 | NEFV=2
    Ep 5: E=-7.9110 | NEFV=12
    Ep 10: E=-7.9298 | NEFV=22
    Ep 15: E=-7.9664 | NEFV=32
    Ep 20: E=-7.9843 | NEFV=42
    Ep 25: E=-7.9842 | NEFV=52
    Ep 30: E=-8.0367 | NEFV=62
    Ep 35: E=-8.0247 | NEFV=72
    Ep 40: E=-8.0260 | NEFV=82
    Ep 45: E=-8.0421 | NEFV=92
    Ep 50: E=-8.0890 | NEFV=102
    Ep 55: E=-8.0685 | NEFV=112
    Ep 60: E=-8.0969 | NEFV=122
    Ep 65: E=-8.0883 | NEFV=132
    Ep 70: E=-8.0878 | NEFV=142
    Ep 75: E=-8.0984 | NEFV=152
    Ep 80: E=-8.1201 | NEFV=162
    Ep 85: E=-8.1440 | NEFV=172
    Ep 90: E=-8.1186 | NEFV=182
    Ep 95: E=-8.1343 | NEFV=192
    Ep 100: E=-8.1573 | NEFV=202
    Ep 105: E=-8.1402 | NEFV=212
    Ep 110: E=-8.1498 | NEFV=222
    Ep 115: E=-8.1659 | NEFV=232
    Ep 120: E=-8.1601 | NEFV=242
    Ep 125: E=-8.1770 | NEFV=252
    Ep 130: E=-8.1812 | NEFV=262
    Ep 135: E=-8.1755 | NEFV=272
    Ep 140: E=-8.1857 | NEFV=282
    Ep 145: E=-8.1839 | NEFV=292
    Ep 150: E=-8.2210 | NEFV=302
    Ep 155: E=-8.1881 | NEFV=312
    Ep 160: E=-8.1982 | NEFV=322
    Ep 165: E=-8.2255 | NEFV=332
    Ep 170: E=-8.2419 | NEFV=342
    Ep 175: E=-8.2079 | NEFV=352
    Ep 180: E=-8.2173 | NEFV=362
    Ep 185: E=-8.2219 | NEFV=372
    Ep 190: E=-8.2245 | NEFV=382
    Ep 195: E=-8.2221 | NEFV=392
    Ep 199: E=-8.2233 | NEFV=400
  Saved plot: results/benchmark_LiH_Molecule_convergence.png
  Saved plot: results/benchmark_LiH_Molecule_depth.png
  Saved plot: results/benchmark_LiH_Molecule_nefv.png

  === Summary for LiH Molecule ===
  Optimizer               Final E     NEFV    Depth     Time
  --------------------------------------------------------
  QLTO V3 (walk-grad)     -8.7844      180      170    34.8s
  QLTO V2 (engine-grad)    -8.6383      720      451    21.1s
  QAOA (p=3)              -8.8464      400       46     6.1s
  Correct QNG             -8.2186      720      N/A     5.2s
  PennyLane QNG           -7.9769      680        7     6.3s
  AdamW                   -8.6760      640      N/A     2.7s
  SPSA                    -8.2233      400      N/A     4.4s

========================================
Benchmarking: Heisenberg N=4
========================================
Exact GS energy: -6.464102
  Using Matrix Product State (MPS) Simulator due to size.
  Running QLTO V3 (walk-grad)...
[V3] 4 commuting blocks [4, 4, 4, 4] | range(H)=9.4641 identity=+0.0000 tau=0.1057 | layered 9q statevector, global 21q (fits) | no gradient engine
    Ep 0: E=-3.0315 | NEFV=9 | Depth=164
    Ep 5: E=-5.8490 | NEFV=54 | Depth=164
    Ep 10: E=-5.8837 | NEFV=99 | Depth=164
    Ep 15: E=-5.9596 | NEFV=144 | Depth=164
    Ep 19: E=-5.9569 | NEFV=180 | Depth=164
  Running QLTO V2 (engine-grad)...
[Init] Riemannian Engines Online. Detected 4 commuting layers. FIM=OFF
[Init] widest walk circuit 9q -> AerSimulator(statevector)
[Init] Legacy single-ancilla sensing active. ‖H‖_2 = 6.4641
/home/poig/anaconda3/lib/python3.13/site-packages/qiskit/compiler/transpiler.py:269: UserWarning: Providing `coupling_map` and/or `basis_gates` along with `backend` is not recommended, as this will invalidate the backend's gate durations and error rates.
  pm = generate_preset_pass_manager(
    Ep 0: E=-2.8205 | NEFV=36 | Depth=436
    Ep 5: E=-5.6476 | NEFV=216 | Depth=436
    Ep 10: E=-5.9549 | NEFV=396 | Depth=436
    Ep 15: E=-6.0128 | NEFV=576 | Depth=436
    Ep 19: E=-6.0589 | NEFV=720 | Depth=436
  Running QAOA (p=3)...
    Ep 0: E=-4.6328 | NEFV=20 | Depth=25
    Ep 5: E=-5.6086 | NEFV=120 | Depth=25
    Ep 10: E=-5.6835 | NEFV=220 | Depth=25
    Ep 15: E=-5.7052 | NEFV=320 | Depth=25
    Ep 19: E=-5.6881 | NEFV=400 | Depth=25
  Running Correct QNG...
    Ep 0: E=-2.1731 | NEFV=36
    Ep 5: E=-5.2874 | NEFV=216
    Ep 10: E=-5.9245 | NEFV=396
    Ep 15: E=-5.9632 | NEFV=576
    Ep 19: E=-5.9711 | NEFV=720
  Running PennyLane QNG...
    Ep 0: E=-1.1699 | NEFV=34 | Depth=7
    Ep 5: E=1.5057 | NEFV=204 | Depth=7
    Ep 10: E=1.7605 | NEFV=374 | Depth=7
    Ep 15: E=1.7038 | NEFV=544 | Depth=7
    Ep 19: E=1.6428 | NEFV=680 | Depth=7
  Running AdamW...
    Ep 0: E=-2.3836 | NEFV=32
    Ep 5: E=-5.3087 | NEFV=192
    Ep 10: E=-5.6726 | NEFV=352
    Ep 15: E=-5.6279 | NEFV=512
    Ep 19: E=-5.7727 | NEFV=640
  Running SPSA...
    Ep 0: E=-1.9589 | NEFV=2
    Ep 5: E=-2.6974 | NEFV=12
    Ep 10: E=-4.4686 | NEFV=22
    Ep 15: E=-4.7278 | NEFV=32
    Ep 20: E=-5.3812 | NEFV=42
    Ep 25: E=-5.5438 | NEFV=52
    Ep 30: E=-5.6144 | NEFV=62
    Ep 35: E=-5.6275 | NEFV=72
    Ep 40: E=-5.6680 | NEFV=82
    Ep 45: E=-5.6866 | NEFV=92
    Ep 50: E=-5.7735 | NEFV=102
    Ep 55: E=-5.7719 | NEFV=112
    Ep 60: E=-5.8157 | NEFV=122
    Ep 65: E=-5.8211 | NEFV=132
    Ep 70: E=-5.8371 | NEFV=142
    Ep 75: E=-5.8405 | NEFV=152
    Ep 80: E=-5.8568 | NEFV=162
    Ep 85: E=-5.8803 | NEFV=172
    Ep 90: E=-5.8680 | NEFV=182
    Ep 95: E=-5.9053 | NEFV=192
    Ep 100: E=-5.9003 | NEFV=202
    Ep 105: E=-5.8935 | NEFV=212
    Ep 110: E=-5.9148 | NEFV=222
    Ep 115: E=-5.8976 | NEFV=232
    Ep 120: E=-5.9116 | NEFV=242
    Ep 125: E=-5.9104 | NEFV=252
    Ep 130: E=-5.9283 | NEFV=262
    Ep 135: E=-5.9261 | NEFV=272
    Ep 140: E=-5.9373 | NEFV=282
    Ep 145: E=-5.9348 | NEFV=292
    Ep 150: E=-5.9370 | NEFV=302
    Ep 155: E=-5.9535 | NEFV=312
    Ep 160: E=-5.9348 | NEFV=322
    Ep 165: E=-5.9384 | NEFV=332
    Ep 170: E=-5.9551 | NEFV=342
    Ep 175: E=-5.9453 | NEFV=352
    Ep 180: E=-5.9334 | NEFV=362
    Ep 185: E=-5.9700 | NEFV=372
    Ep 190: E=-5.9735 | NEFV=382
    Ep 195: E=-5.9657 | NEFV=392
    Ep 199: E=-5.9683 | NEFV=400
  Saved plot: results/benchmark_Heisenberg_N4_convergence.png
  Saved plot: results/benchmark_Heisenberg_N4_depth.png
  Saved plot: results/benchmark_Heisenberg_N4_nefv.png

  === Summary for Heisenberg N=4 ===
  Optimizer               Final E     NEFV    Depth     Time
  --------------------------------------------------------
  QLTO V3 (walk-grad)     -5.9569      180      164    38.8s
  QLTO V2 (engine-grad)    -6.0589      720      436    19.3s
  QAOA (p=3)              -5.6881      400       25     4.2s
  Correct QNG             -5.9711      720      N/A     5.7s
  PennyLane QNG            1.6428      680        7     7.4s
  AdamW                   -5.7727      640      N/A     3.1s
  SPSA                    -5.9683      400      N/A     5.4s

========================================
Benchmarking: Heisenberg N=6
========================================
Exact GS energy: -9.974309
  Using Matrix Product State (MPS) Simulator due to size.
  Running QLTO V3 (walk-grad)...
[V3] 4 commuting blocks [6, 6, 6, 6] | range(H)=14.9743 identity=+0.0000 tau=0.0668 | layered 13q statevector, global 31q (too wide) | no gradient engine
    Ep 0: E=-0.6246 | NEFV=9 | Depth=248
    Ep 5: E=-6.9065 | NEFV=54 | Depth=248
    Ep 10: E=-7.1129 | NEFV=99 | Depth=248
    Ep 15: E=-7.1934 | NEFV=144 | Depth=248
    Ep 19: E=-7.2336 | NEFV=180 | Depth=248
  Running QLTO V2 (engine-grad)...
[Init] Riemannian Engines Online. Detected 4 commuting layers. FIM=OFF
[Init] widest walk circuit 13q -> AerSimulator(statevector)
[Init] Legacy single-ancilla sensing active. ‖H‖_2 = 9.9743
/home/poig/anaconda3/lib/python3.13/site-packages/qiskit/compiler/transpiler.py:269: UserWarning: Providing `coupling_map` and/or `basis_gates` along with `backend` is not recommended, as this will invalidate the backend's gate durations and error rates.
  pm = generate_preset_pass_manager(
    Ep 0: E=-1.4707 | NEFV=50 | Depth=658
    Ep 5: E=-8.5655 | NEFV=300 | Depth=658
    Ep 10: E=-8.9921 | NEFV=550 | Depth=658
    Ep 15: E=-9.0617 | NEFV=800 | Depth=658
    Ep 19: E=-9.0698 | NEFV=1000 | Depth=658
  Running QAOA (p=3)...
    Ep 0: E=-4.9576 | NEFV=20 | Depth=31
    Ep 5: E=-5.1596 | NEFV=120 | Depth=31
    Ep 10: E=-5.1782 | NEFV=220 | Depth=31
    Ep 15: E=-5.1885 | NEFV=320 | Depth=31
    Ep 19: E=-5.1605 | NEFV=400 | Depth=31
  Running Correct QNG...
    Ep 0: E=0.5394 | NEFV=52
    Ep 5: E=-5.8699 | NEFV=312
    Ep 10: E=-8.4652 | NEFV=572
    Ep 15: E=-8.8579 | NEFV=832
    Ep 19: E=-8.9347 | NEFV=1040
  Running PennyLane QNG...
    Ep 0: E=0.5099 | NEFV=50 | Depth=9
    Ep 5: E=-2.4890 | NEFV=300 | Depth=9
    Ep 10: E=-2.3420 | NEFV=550 | Depth=9
    Ep 15: E=-2.4090 | NEFV=800 | Depth=9
    Ep 19: E=-2.5098 | NEFV=1000 | Depth=9
  Running AdamW...
    Ep 0: E=0.2301 | NEFV=48
    Ep 5: E=-6.1579 | NEFV=288
    Ep 10: E=-7.6771 | NEFV=528
    Ep 15: E=-8.2240 | NEFV=768
    Ep 19: E=-8.5879 | NEFV=960
  Running SPSA...
    Ep 0: E=-0.3850 | NEFV=2
    Ep 5: E=-1.7958 | NEFV=12
    Ep 10: E=-3.7585 | NEFV=22
    Ep 15: E=-4.9678 | NEFV=32
    Ep 20: E=-5.8562 | NEFV=42
    Ep 25: E=-6.8157 | NEFV=52
    Ep 30: E=-7.4857 | NEFV=62
    Ep 35: E=-7.6946 | NEFV=72
    Ep 40: E=-7.8081 | NEFV=82
    Ep 45: E=-7.9363 | NEFV=92
    Ep 50: E=-8.0972 | NEFV=102
    Ep 55: E=-8.2937 | NEFV=112
    Ep 60: E=-8.3891 | NEFV=122
    Ep 65: E=-8.4875 | NEFV=132
    Ep 70: E=-8.5370 | NEFV=142
    Ep 75: E=-8.6477 | NEFV=152
    Ep 80: E=-8.7346 | NEFV=162
    Ep 85: E=-8.7925 | NEFV=172
    Ep 90: E=-8.8204 | NEFV=182
    Ep 95: E=-8.8178 | NEFV=192
    Ep 100: E=-8.8216 | NEFV=202
    Ep 105: E=-8.8609 | NEFV=212
    Ep 110: E=-8.8717 | NEFV=222
    Ep 115: E=-8.8876 | NEFV=232
    Ep 120: E=-8.9027 | NEFV=242
    Ep 125: E=-8.9276 | NEFV=252
    Ep 130: E=-8.9137 | NEFV=262
    Ep 135: E=-8.8989 | NEFV=272
    Ep 140: E=-8.9245 | NEFV=282
    Ep 145: E=-8.9398 | NEFV=292
    Ep 150: E=-8.9261 | NEFV=302
    Ep 155: E=-8.9435 | NEFV=312
    Ep 160: E=-8.9304 | NEFV=322
    Ep 165: E=-8.9520 | NEFV=332
    Ep 170: E=-8.9360 | NEFV=342
    Ep 175: E=-8.9775 | NEFV=352
    Ep 180: E=-8.9662 | NEFV=362
    Ep 185: E=-8.9816 | NEFV=372
    Ep 190: E=-8.9542 | NEFV=382
    Ep 195: E=-8.9652 | NEFV=392
    Ep 199: E=-8.9573 | NEFV=400
  Saved plot: results/benchmark_Heisenberg_N6_convergence.png
  Saved plot: results/benchmark_Heisenberg_N6_depth.png
  Saved plot: results/benchmark_Heisenberg_N6_nefv.png

  === Summary for Heisenberg N=6 ===
  Optimizer               Final E     NEFV    Depth     Time
  --------------------------------------------------------
  QLTO V3 (walk-grad)     -7.2336      180      248    45.3s
  QLTO V2 (engine-grad)    -9.0698     1000      658    29.3s
  QAOA (p=3)              -5.1605      400       31     5.9s
  Correct QNG             -8.9347     1040      N/A     8.8s
  PennyLane QNG           -2.5098     1000        9    10.8s
  AdamW                   -8.5879      960      N/A     6.3s
  SPSA                    -8.9573      400      N/A     6.8s

========================================
Benchmarking: Heisenberg N=8
========================================
Exact GS energy: -13.499730
  Using Matrix Product State (MPS) Simulator due to size.
  Running QLTO V3 (walk-grad)...
[V3] 4 commuting blocks [8, 8, 8, 8] | range(H)=20.4997 identity=+0.0000 tau=0.0488 | layered 17q statevector, global 41q (too wide) | no gradient engine
    Ep 0: E=-3.5230 | NEFV=9 | Depth=332
    Ep 5: E=-10.3799 | NEFV=54 | Depth=332
    Ep 10: E=-11.4436 | NEFV=99 | Depth=332
    Ep 15: E=-11.5448 | NEFV=144 | Depth=332
    Ep 19: E=-11.1275 | NEFV=180 | Depth=332
  Running QLTO V2 (engine-grad)...
[Init] Riemannian Engines Online. Detected 4 commuting layers. FIM=OFF
[Init] widest walk circuit 17q -> AerSimulator(statevector)
[Init] Legacy single-ancilla sensing active. ‖H‖_2 = 13.4997
/home/poig/anaconda3/lib/python3.13/site-packages/qiskit/compiler/transpiler.py:269: UserWarning: Providing `coupling_map` and/or `basis_gates` along with `backend` is not recommended, as this will invalidate the backend's gate durations and error rates.
  pm = generate_preset_pass_manager(
    Ep 0: E=-4.2174 | NEFV=64 | Depth=880
    Ep 5: E=-11.1799 | NEFV=384 | Depth=880
    Ep 10: E=-11.9046 | NEFV=704 | Depth=880
    Ep 15: E=-12.1029 | NEFV=1024 | Depth=880
    Ep 19: E=-12.1577 | NEFV=1280 | Depth=880
  Running QAOA (p=3)...
    Ep 0: E=-4.8085 | NEFV=20 | Depth=37
    Ep 5: E=-6.0531 | NEFV=120 | Depth=37
    Ep 10: E=-6.0861 | NEFV=220 | Depth=37
    Ep 15: E=-6.0776 | NEFV=320 | Depth=37
    Ep 19: E=-6.0994 | NEFV=400 | Depth=37
  Running Correct QNG...
    Ep 0: E=-1.8648 | NEFV=68
    Ep 5: E=-9.2789 | NEFV=408
    Ep 10: E=-11.0709 | NEFV=748
    Ep 15: E=-11.7281 | NEFV=1088
    Ep 19: E=-11.9403 | NEFV=1360
  Running PennyLane QNG...
    Ep 0: E=0.9836 | NEFV=66 | Depth=11
    Ep 5: E=0.7758 | NEFV=396 | Depth=11
    Ep 10: E=0.3835 | NEFV=726 | Depth=11
    Ep 15: E=0.1465 | NEFV=1056 | Depth=11
    Ep 19: E=0.0705 | NEFV=1320 | Depth=11
  Running AdamW...
    Ep 0: E=-2.1872 | NEFV=64
    Ep 5: E=-8.9988 | NEFV=384
    Ep 10: E=-9.7828 | NEFV=704
    Ep 15: E=-11.3451 | NEFV=1024
    Ep 19: E=-11.7216 | NEFV=1280
  Running SPSA...
    Ep 0: E=-0.5438 | NEFV=2
    Ep 5: E=-2.6062 | NEFV=12
    Ep 10: E=-4.8027 | NEFV=22
    Ep 15: E=-6.1201 | NEFV=32
    Ep 20: E=-6.6553 | NEFV=42
    Ep 25: E=-7.2032 | NEFV=52
    Ep 30: E=-7.7132 | NEFV=62
    Ep 35: E=-8.0993 | NEFV=72
    Ep 40: E=-9.0037 | NEFV=82
    Ep 45: E=-9.1322 | NEFV=92
    Ep 50: E=-9.1842 | NEFV=102
    Ep 55: E=-9.3977 | NEFV=112
    Ep 60: E=-9.5030 | NEFV=122
    Ep 65: E=-9.6153 | NEFV=132
    Ep 70: E=-9.7702 | NEFV=142
    Ep 75: E=-9.9838 | NEFV=152
    Ep 80: E=-10.1928 | NEFV=162
    Ep 85: E=-10.2977 | NEFV=172
    Ep 90: E=-10.3297 | NEFV=182
    Ep 95: E=-10.5103 | NEFV=192
    Ep 100: E=-10.6209 | NEFV=202
    Ep 105: E=-10.6448 | NEFV=212
    Ep 110: E=-10.7220 | NEFV=222
    Ep 115: E=-10.8428 | NEFV=232
    Ep 120: E=-10.9079 | NEFV=242
    Ep 125: E=-10.9661 | NEFV=252
    Ep 130: E=-11.0579 | NEFV=262
    Ep 135: E=-11.0799 | NEFV=272
    Ep 140: E=-11.1371 | NEFV=282
    Ep 145: E=-11.2140 | NEFV=292
    Ep 150: E=-11.2213 | NEFV=302
    Ep 155: E=-11.2731 | NEFV=312
    Ep 160: E=-11.3023 | NEFV=322
    Ep 165: E=-11.3388 | NEFV=332
    Ep 170: E=-11.3951 | NEFV=342
    Ep 175: E=-11.4611 | NEFV=352
    Ep 180: E=-11.4523 | NEFV=362
    Ep 185: E=-11.4751 | NEFV=372
    Ep 190: E=-11.4723 | NEFV=382
    Ep 195: E=-11.5065 | NEFV=392
    Ep 199: E=-11.5273 | NEFV=400
  Saved plot: results/benchmark_Heisenberg_N8_convergence.png
  Saved plot: results/benchmark_Heisenberg_N8_depth.png
  Saved plot: results/benchmark_Heisenberg_N8_nefv.png

  === Summary for Heisenberg N=8 ===
  Optimizer               Final E     NEFV    Depth     Time
  --------------------------------------------------------
  QLTO V3 (walk-grad)    -11.1275      180      332    81.4s
  QLTO V2 (engine-grad)   -12.1577     1280      880    61.5s
  QAOA (p=3)              -6.0994      400       37     6.8s
  Correct QNG            -11.9403     1360      N/A    20.5s
  PennyLane QNG            0.0705     1320       11    16.9s
  AdamW                  -11.7216     1280      N/A    10.9s
  SPSA                   -11.5273      400      N/A     7.5s

========================================
Benchmarking: Heisenberg N=12
========================================
Exact GS energy: -20.568363
  Using Matrix Product State (MPS) Simulator due to size.
  Running QLTO V3 (walk-grad)...
[V3] 4 commuting blocks [12, 12, 12, 12] | range(H)=31.5684 identity=+0.0000 tau=0.0317 | layered 25q statevector, global 61q (too wide) | no gradient engine
    Ep 0: E=-6.5648 | NEFV=9 | Depth=500
