
========================================
Benchmarking: Frustrated Ising N=4 (5 trials)
========================================
Exact GS energy: -1.549051
  Running QLTO V3 QPE (k=4)...
[V3] 4 commuting blocks [4, 4, 4, 4] | range(H)=4.5066 identity=+0.0000 tau=0.2219 | layered 9q statevector, global 21q (fits) | no gradient engine
[V3] 4 commuting blocks [4, 4, 4, 4] | range(H)=4.5066 identity=+0.0000 tau=0.2219 | layered 9q statevector, global 21q (fits) | no gradient engine
[V3] 4 commuting blocks [4, 4, 4, 4] | range(H)=4.5066 identity=+0.0000 tau=0.2219 | layered 9q statevector, global 21q (fits) | no gradient engine
[V3] 4 commuting blocks [4, 4, 4, 4] | range(H)=4.5066 identity=+0.0000 tau=0.2219 | layered 9q statevector, global 21q (fits) | no gradient engine
[V3] 4 commuting blocks [4, 4, 4, 4] | range(H)=4.5066 identity=+0.0000 tau=0.2219 | layered 9q statevector, global 21q (fits) | no gradient engine
  Running QLTO V3 (Hadamard)...
[V3] 4 commuting blocks [4, 4, 4, 4] | range(H)=4.5066 identity=+0.0000 tau=0.2219 | layered 9q statevector, global 21q (fits) | no gradient engine
[V3] 4 commuting blocks [4, 4, 4, 4] | range(H)=4.5066 identity=+0.0000 tau=0.2219 | layered 9q statevector, global 21q (fits) | no gradient engine
[V3] 4 commuting blocks [4, 4, 4, 4] | range(H)=4.5066 identity=+0.0000 tau=0.2219 | layered 9q statevector, global 21q (fits) | no gradient engine
[V3] 4 commuting blocks [4, 4, 4, 4] | range(H)=4.5066 identity=+0.0000 tau=0.2219 | layered 9q statevector, global 21q (fits) | no gradient engine
[V3] 4 commuting blocks [4, 4, 4, 4] | range(H)=4.5066 identity=+0.0000 tau=0.2219 | layered 9q statevector, global 21q (fits) | no gradient engine
  Running QLTO V2 (engine-grad)...
[Init] Riemannian Engines Online. Detected 4 commuting layers. FIM=OFF
[Init] widest walk circuit 9q -> AerSimulator(statevector)
[Init] Legacy single-ancilla sensing active. ‖H‖_2 = 2.9576
/home/poig/anaconda3/lib/python3.13/site-packages/qiskit/compiler/transpiler.py:269: UserWarning: Providing `coupling_map` and/or `basis_gates` along with `backend` is not recommended, as this will invalidate the backend's gate durations and error rates.
  pm = generate_preset_pass_manager(
[Init] Riemannian Engines Online. Detected 4 commuting layers. FIM=OFF
[Init] widest walk circuit 9q -> AerSimulator(statevector)
[Init] Legacy single-ancilla sensing active. ‖H‖_2 = 2.9576
[Init] Riemannian Engines Online. Detected 4 commuting layers. FIM=OFF
[Init] widest walk circuit 9q -> AerSimulator(statevector)
[Init] Legacy single-ancilla sensing active. ‖H‖_2 = 2.9576
[Init] Riemannian Engines Online. Detected 4 commuting layers. FIM=OFF
[Init] widest walk circuit 9q -> AerSimulator(statevector)
[Init] Legacy single-ancilla sensing active. ‖H‖_2 = 2.9576
[Init] Riemannian Engines Online. Detected 4 commuting layers. FIM=OFF
[Init] widest walk circuit 9q -> AerSimulator(statevector)
[Init] Legacy single-ancilla sensing active. ‖H‖_2 = 2.9576
  Running QAOA...
/home/poig/anaconda3/lib/python3.13/site-packages/scipy/sparse/linalg/_dsolve/linsolve.py:606: SparseEfficiencyWarning: splu converted its input to CSC format
  return splu(A).solve
/home/poig/anaconda3/lib/python3.13/site-packages/scipy/sparse/linalg/_matfuncs.py:707: SparseEfficiencyWarning: spsolve is more efficient when sparse b is in the CSC matrix format
  return spsolve(Q, P)
/home/poig/anaconda3/lib/python3.13/site-packages/scipy/sparse/_index.py:168: SparseEfficiencyWarning: Changing the sparsity structure of a csr_matrix is expensive. lil and dok are more efficient.
  self._set_intXint(row, col, x.flat[0])
  Running Correct QNG...
  Running AdamW...
  Running SPSA...
  Saved plot with error bars: results/benchmark_Frustrated_Ising_N4_stats.png

  === Frustrated Ising N=4 over 5 trials (exact -1.5491) ===
  Optimizer               E_best mean   +/- std      SEM    E_final   NEFV  Depth
  -------------------------------------------------------------------------------
  QLTO V2 (engine-grad)       -1.4088    0.0315   0.0141    -1.4007    720   1139
  AdamW                       -1.3934    0.0335   0.0150    -1.3728    640      0
  QLTO V3 QPE (k=4)           -1.3485    0.0298   0.0133    -1.3443    180    286
  QLTO V3 (Hadamard)          -1.3299    0.0247   0.0111    -1.3052    180    189
  Correct QNG                 -1.3233    0.0353   0.0158    -1.3195    720      0
  SPSA                        -1.2875    0.0335   0.0150    -1.2666    200      0
  QAOA                        -1.0134    0.0817   0.0366    -0.9894    400     56

========================================
Benchmarking: MaxCut N=4 (Opt=4.0) (5 trials)
========================================
Exact GS energy: -0.000000
  Running QLTO V3 QPE (k=4)...
[V3] 4 commuting blocks [4, 4, 4, 4] | range(H)=3.9600 identity=+1.9800 tau=0.2525 | layered 9q statevector, global 21q (fits) | no gradient engine
[V3] 4 commuting blocks [4, 4, 4, 4] | range(H)=3.9600 identity=+1.9800 tau=0.2525 | layered 9q statevector, global 21q (fits) | no gradient engine
[V3] 4 commuting blocks [4, 4, 4, 4] | range(H)=3.9600 identity=+1.9800 tau=0.2525 | layered 9q statevector, global 21q (fits) | no gradient engine
[V3] 4 commuting blocks [4, 4, 4, 4] | range(H)=3.9600 identity=+1.9800 tau=0.2525 | layered 9q statevector, global 21q (fits) | no gradient engine
[V3] 4 commuting blocks [4, 4, 4, 4] | range(H)=3.9600 identity=+1.9800 tau=0.2525 | layered 9q statevector, global 21q (fits) | no gradient engine
  Running QLTO V3 (Hadamard)...
[V3] 4 commuting blocks [4, 4, 4, 4] | range(H)=3.9600 identity=+1.9800 tau=0.2525 | layered 9q statevector, global 21q (fits) | no gradient engine
[V3] 4 commuting blocks [4, 4, 4, 4] | range(H)=3.9600 identity=+1.9800 tau=0.2525 | layered 9q statevector, global 21q (fits) | no gradient engine
[V3] 4 commuting blocks [4, 4, 4, 4] | range(H)=3.9600 identity=+1.9800 tau=0.2525 | layered 9q statevector, global 21q (fits) | no gradient engine
[V3] 4 commuting blocks [4, 4, 4, 4] | range(H)=3.9600 identity=+1.9800 tau=0.2525 | layered 9q statevector, global 21q (fits) | no gradient engine
[V3] 4 commuting blocks [4, 4, 4, 4] | range(H)=3.9600 identity=+1.9800 tau=0.2525 | layered 9q statevector, global 21q (fits) | no gradient engine
  Running QLTO V2 (engine-grad)...
[Init] Riemannian Engines Online. Detected 4 commuting layers. FIM=OFF
[Init] widest walk circuit 9q -> AerSimulator(statevector)
[Init] Legacy single-ancilla sensing active. ‖H‖_2 = 3.9600
[Init] Riemannian Engines Online. Detected 4 commuting layers. FIM=OFF
[Init] widest walk circuit 9q -> AerSimulator(statevector)
[Init] Legacy single-ancilla sensing active. ‖H‖_2 = 3.9600
[Init] Riemannian Engines Online. Detected 4 commuting layers. FIM=OFF
[Init] widest walk circuit 9q -> AerSimulator(statevector)
[Init] Legacy single-ancilla sensing active. ‖H‖_2 = 3.9600
[Init] Riemannian Engines Online. Detected 4 commuting layers. FIM=OFF
[Init] widest walk circuit 9q -> AerSimulator(statevector)
[Init] Legacy single-ancilla sensing active. ‖H‖_2 = 3.9600
[Init] Riemannian Engines Online. Detected 4 commuting layers. FIM=OFF
[Init] widest walk circuit 9q -> AerSimulator(statevector)
[Init] Legacy single-ancilla sensing active. ‖H‖_2 = 3.9600
  Running QAOA...
  Running Correct QNG...
  Running AdamW...
  Running SPSA...
  Saved plot with error bars: results/benchmark_MaxCut_N4_Opt4.0_stats.png

  === MaxCut N=4 (Opt=4.0) over 5 trials (exact -0.0000) ===
  Optimizer               E_best mean   +/- std      SEM    E_final   NEFV  Depth
  -------------------------------------------------------------------------------
  QLTO V3 QPE (k=4)            0.0065    0.0046   0.0021     0.0174    180    136
  QLTO V2 (engine-grad)        0.0102    0.0334   0.0150     0.0239    640   1109
  AdamW                        0.0631    0.0198   0.0089     0.0902    640      0
  QLTO V3 (Hadamard)           0.1144    0.1413   0.0632     0.1209    180    176
  Correct QNG                  0.1242    0.1843   0.0824     0.1301    720      0
  SPSA                         0.2405    0.3914   0.1750     0.2429    200      0
  QAOA                         0.3457    0.1377   0.0616     0.3553    400     29

========================================
Benchmarking: MaxCut N=6 (Opt=12.0) (5 trials)
========================================
Exact GS energy: -0.000000
  Running QLTO V3 QPE (k=4)...
[V3] 4 commuting blocks [6, 6, 6, 6] | range(H)=11.9900 identity=+8.6350 tau=0.0834 | layered 13q statevector, global 31q (too wide) | no gradient engine
[V3] 4 commuting blocks [6, 6, 6, 6] | range(H)=11.9900 identity=+8.6350 tau=0.0834 | layered 13q statevector, global 31q (too wide) | no gradient engine
[V3] 4 commuting blocks [6, 6, 6, 6] | range(H)=11.9900 identity=+8.6350 tau=0.0834 | layered 13q statevector, global 31q (too wide) | no gradient engine
[V3] 4 commuting blocks [6, 6, 6, 6] | range(H)=11.9900 identity=+8.6350 tau=0.0834 | layered 13q statevector, global 31q (too wide) | no gradient engine
[V3] 4 commuting blocks [6, 6, 6, 6] | range(H)=11.9900 identity=+8.6350 tau=0.0834 | layered 13q statevector, global 31q (too wide) | no gradient engine
  Running QLTO V3 (Hadamard)...
[V3] 4 commuting blocks [6, 6, 6, 6] | range(H)=11.9900 identity=+8.6350 tau=0.0834 | layered 13q statevector, global 31q (too wide) | no gradient engine
[V3] 4 commuting blocks [6, 6, 6, 6] | range(H)=11.9900 identity=+8.6350 tau=0.0834 | layered 13q statevector, global 31q (too wide) | no gradient engine
[V3] 4 commuting blocks [6, 6, 6, 6] | range(H)=11.9900 identity=+8.6350 tau=0.0834 | layered 13q statevector, global 31q (too wide) | no gradient engine
[V3] 4 commuting blocks [6, 6, 6, 6] | range(H)=11.9900 identity=+8.6350 tau=0.0834 | layered 13q statevector, global 31q (too wide) | no gradient engine
[V3] 4 commuting blocks [6, 6, 6, 6] | range(H)=11.9900 identity=+8.6350 tau=0.0834 | layered 13q statevector, global 31q (too wide) | no gradient engine
  Running QLTO V2 (engine-grad)...
[Init] Riemannian Engines Online. Detected 4 commuting layers. FIM=OFF
[Init] widest walk circuit 13q -> AerSimulator(statevector)
[Init] Legacy single-ancilla sensing active. ‖H‖_2 = 11.9900
[Init] Riemannian Engines Online. Detected 4 commuting layers. FIM=OFF
[Init] widest walk circuit 13q -> AerSimulator(statevector)
[Init] Legacy single-ancilla sensing active. ‖H‖_2 = 11.9900
[Init] Riemannian Engines Online. Detected 4 commuting layers. FIM=OFF
[Init] widest walk circuit 13q -> AerSimulator(statevector)
[Init] Legacy single-ancilla sensing active. ‖H‖_2 = 11.9900
[Init] Riemannian Engines Online. Detected 4 commuting layers. FIM=OFF
[Init] widest walk circuit 13q -> AerSimulator(statevector)
[Init] Legacy single-ancilla sensing active. ‖H‖_2 = 11.9900
[Init] Riemannian Engines Online. Detected 4 commuting layers. FIM=OFF
[Init] widest walk circuit 13q -> AerSimulator(statevector)
[Init] Legacy single-ancilla sensing active. ‖H‖_2 = 11.9900
  Running QAOA...
  Running Correct QNG...
  Running AdamW...
  Running SPSA...
  Saved plot with error bars: results/benchmark_MaxCut_N6_Opt12.0_stats.png

  === MaxCut N=6 (Opt=12.0) over 5 trials (exact -0.0000) ===
  Optimizer               E_best mean   +/- std      SEM    E_final   NEFV  Depth
  -------------------------------------------------------------------------------
  Correct QNG                 -0.0137    0.0071   0.0032     0.0155   1040      0
  SPSA                         0.1927    0.0823   0.0368     0.1980    200      0
  QLTO V3 QPE (k=4)            0.2187    0.4106   0.1836     0.2224    180    490
  AdamW                        0.2544    0.0812   0.0363     0.3436    960      0
  QLTO V2 (engine-grad)        0.7497    1.3775   0.6161     1.1137    880   1706
  QLTO V3 (Hadamard)           2.0286    2.3255   1.0400     2.0632    180    284
  QAOA                         6.2744    0.7910   0.3537     6.2835    400     86

========================================
Benchmarking: H2 Molecule (5 trials)
========================================
Exact GS energy: -1.857275
  Running QLTO V3 QPE (k=4)...
[V3] 4 commuting blocks [2, 2, 2, 2] | range(H)=1.6324 identity=-1.0524 tau=0.6126 | layered 5q statevector, global 11q (fits) | no gradient engine
[V3] 4 commuting blocks [2, 2, 2, 2] | range(H)=1.6324 identity=-1.0524 tau=0.6126 | layered 5q statevector, global 11q (fits) | no gradient engine
[V3] 4 commuting blocks [2, 2, 2, 2] | range(H)=1.6324 identity=-1.0524 tau=0.6126 | layered 5q statevector, global 11q (fits) | no gradient engine
[V3] 4 commuting blocks [2, 2, 2, 2] | range(H)=1.6324 identity=-1.0524 tau=0.6126 | layered 5q statevector, global 11q (fits) | no gradient engine
[V3] 4 commuting blocks [2, 2, 2, 2] | range(H)=1.6324 identity=-1.0524 tau=0.6126 | layered 5q statevector, global 11q (fits) | no gradient engine
  Running QLTO V3 (Hadamard)...
[V3] 4 commuting blocks [2, 2, 2, 2] | range(H)=1.6324 identity=-1.0524 tau=0.6126 | layered 5q statevector, global 11q (fits) | no gradient engine
[V3] 4 commuting blocks [2, 2, 2, 2] | range(H)=1.6324 identity=-1.0524 tau=0.6126 | layered 5q statevector, global 11q (fits) | no gradient engine
[V3] 4 commuting blocks [2, 2, 2, 2] | range(H)=1.6324 identity=-1.0524 tau=0.6126 | layered 5q statevector, global 11q (fits) | no gradient engine
[V3] 4 commuting blocks [2, 2, 2, 2] | range(H)=1.6324 identity=-1.0524 tau=0.6126 | layered 5q statevector, global 11q (fits) | no gradient engine
[V3] 4 commuting blocks [2, 2, 2, 2] | range(H)=1.6324 identity=-1.0524 tau=0.6126 | layered 5q statevector, global 11q (fits) | no gradient engine
  Running QLTO V2 (engine-grad)...
[Init] Riemannian Engines Online. Detected 4 commuting layers. FIM=OFF
[Init] widest walk circuit 5q -> AerSimulator(statevector)
[Init] Legacy single-ancilla sensing active. ‖H‖_2 = 1.8573
[Init] Riemannian Engines Online. Detected 4 commuting layers. FIM=OFF
[Init] widest walk circuit 5q -> AerSimulator(statevector)
[Init] Legacy single-ancilla sensing active. ‖H‖_2 = 1.8573
[Init] Riemannian Engines Online. Detected 4 commuting layers. FIM=OFF
[Init] widest walk circuit 5q -> AerSimulator(statevector)
[Init] Legacy single-ancilla sensing active. ‖H‖_2 = 1.8573
[Init] Riemannian Engines Online. Detected 4 commuting layers. FIM=OFF
[Init] widest walk circuit 5q -> AerSimulator(statevector)
[Init] Legacy single-ancilla sensing active. ‖H‖_2 = 1.8573
[Init] Riemannian Engines Online. Detected 4 commuting layers. FIM=OFF
[Init] widest walk circuit 5q -> AerSimulator(statevector)
[Init] Legacy single-ancilla sensing active. ‖H‖_2 = 1.8573
  Running QAOA...
    N/A: QAOA not applicable: Hamiltonian has non-diagonal terms the X mixer does not represent (e.g. XX). Standard QAOA needs a Z-only cost plus a transverse field.
  Running Correct QNG...
  Running AdamW...
  Running SPSA...
  Saved plot with error bars: results/benchmark_H2_Molecule_stats.png

  === H2 Molecule over 5 trials (exact -1.8573) ===
  Optimizer               E_best mean   +/- std      SEM    E_final   NEFV  Depth
  -------------------------------------------------------------------------------
  AdamW                       -1.8575    0.0125   0.0056    -1.8400    320      0
  SPSA                        -1.8563    0.0149   0.0066    -1.8279    200      0
  QLTO V3 (Hadamard)          -1.8371    0.0104   0.0047    -1.8285    180     97
  Correct QNG                 -1.8336    0.0209   0.0093    -1.8271    400      0
  QLTO V2 (engine-grad)       -1.8289    0.0528   0.0236    -1.8022    440    572
  QLTO V3 QPE (k=4)           -1.8200    0.0204   0.0091    -1.7152    180    162

========================================
Benchmarking: LiH Molecule (5 trials)
========================================
Exact GS energy: -8.949737
  Running QLTO V3 QPE (k=4)...
[V3] 4 commuting blocks [4, 4, 4, 4] | range(H)=1.7830 identity=-7.8825 tau=0.5609 | layered 9q statevector, global 21q (fits) | no gradient engine
[V3] 4 commuting blocks [4, 4, 4, 4] | range(H)=1.7830 identity=-7.8825 tau=0.5609 | layered 9q statevector, global 21q (fits) | no gradient engine
[V3] 4 commuting blocks [4, 4, 4, 4] | range(H)=1.7830 identity=-7.8825 tau=0.5609 | layered 9q statevector, global 21q (fits) | no gradient engine
[V3] 4 commuting blocks [4, 4, 4, 4] | range(H)=1.7830 identity=-7.8825 tau=0.5609 | layered 9q statevector, global 21q (fits) | no gradient engine
[V3] 4 commuting blocks [4, 4, 4, 4] | range(H)=1.7830 identity=-7.8825 tau=0.5609 | layered 9q statevector, global 21q (fits) | no gradient engine
  Running QLTO V3 (Hadamard)...
[V3] 4 commuting blocks [4, 4, 4, 4] | range(H)=1.7830 identity=-7.8825 tau=0.5609 | layered 9q statevector, global 21q (fits) | no gradient engine
[V3] 4 commuting blocks [4, 4, 4, 4] | range(H)=1.7830 identity=-7.8825 tau=0.5609 | layered 9q statevector, global 21q (fits) | no gradient engine
[V3] 4 commuting blocks [4, 4, 4, 4] | range(H)=1.7830 identity=-7.8825 tau=0.5609 | layered 9q statevector, global 21q (fits) | no gradient engine
[V3] 4 commuting blocks [4, 4, 4, 4] | range(H)=1.7830 identity=-7.8825 tau=0.5609 | layered 9q statevector, global 21q (fits) | no gradient engine
[V3] 4 commuting blocks [4, 4, 4, 4] | range(H)=1.7830 identity=-7.8825 tau=0.5609 | layered 9q statevector, global 21q (fits) | no gradient engine
  Running QLTO V2 (engine-grad)...
[Init] Riemannian Engines Online. Detected 4 commuting layers. FIM=OFF
[Init] widest walk circuit 9q -> AerSimulator(statevector)
[Init] Legacy single-ancilla sensing active. ‖H‖_2 = 8.9497
[Init] Riemannian Engines Online. Detected 4 commuting layers. FIM=OFF
[Init] widest walk circuit 9q -> AerSimulator(statevector)
[Init] Legacy single-ancilla sensing active. ‖H‖_2 = 8.9497
[Init] Riemannian Engines Online. Detected 4 commuting layers. FIM=OFF
[Init] widest walk circuit 9q -> AerSimulator(statevector)
[Init] Legacy single-ancilla sensing active. ‖H‖_2 = 8.9497
[Init] Riemannian Engines Online. Detected 4 commuting layers. FIM=OFF
[Init] widest walk circuit 9q -> AerSimulator(statevector)
[Init] Legacy single-ancilla sensing active. ‖H‖_2 = 8.9497
[Init] Riemannian Engines Online. Detected 4 commuting layers. FIM=OFF
[Init] widest walk circuit 9q -> AerSimulator(statevector)
[Init] Legacy single-ancilla sensing active. ‖H‖_2 = 8.9497
  Running QAOA...
    N/A: QAOA not applicable: Hamiltonian has non-diagonal terms the X mixer does not represent (e.g. IXIX). Standard QAOA needs a Z-only cost plus a transverse field.
  Running Correct QNG...
  Running AdamW...
  Running SPSA...
  Saved plot with error bars: results/benchmark_LiH_Molecule_stats.png

  === LiH Molecule over 5 trials (exact -8.9497) ===
  Optimizer               E_best mean   +/- std      SEM    E_final   NEFV  Depth
  -------------------------------------------------------------------------------
  AdamW                       -8.9229    0.0177   0.0079    -8.8848    640      0
  QLTO V3 QPE (k=4)           -8.8628    0.0602   0.0269    -8.8628    180    629
  QLTO V3 (Hadamard)          -8.8203    0.0862   0.0385    -8.8177    180    210
  QLTO V2 (engine-grad)       -8.7766    0.2526   0.1130    -8.7728    720   1171
  SPSA                        -8.6471    0.2455   0.1098    -8.6451    200      0
  Correct QNG                 -8.4868    0.3343   0.1495    -8.4861    720      0

========================================
Benchmarking: Heisenberg N=4 (5 trials)
========================================
Exact GS energy: -6.464102
  Running QLTO V3 QPE (k=4)...
[V3] 4 commuting blocks [4, 4, 4, 4] | range(H)=9.4641 identity=+0.0000 tau=0.1057 | layered 9q statevector, global 21q (fits) | no gradient engine
[V3] 4 commuting blocks [4, 4, 4, 4] | range(H)=9.4641 identity=+0.0000 tau=0.1057 | layered 9q statevector, global 21q (fits) | no gradient engine
[V3] 4 commuting blocks [4, 4, 4, 4] | range(H)=9.4641 identity=+0.0000 tau=0.1057 | layered 9q statevector, global 21q (fits) | no gradient engine
[V3] 4 commuting blocks [4, 4, 4, 4] | range(H)=9.4641 identity=+0.0000 tau=0.1057 | layered 9q statevector, global 21q (fits) | no gradient engine
[V3] 4 commuting blocks [4, 4, 4, 4] | range(H)=9.4641 identity=+0.0000 tau=0.1057 | layered 9q statevector, global 21q (fits) | no gradient engine
  Running QLTO V3 (Hadamard)...
[V3] 4 commuting blocks [4, 4, 4, 4] | range(H)=9.4641 identity=+0.0000 tau=0.1057 | layered 9q statevector, global 21q (fits) | no gradient engine
[V3] 4 commuting blocks [4, 4, 4, 4] | range(H)=9.4641 identity=+0.0000 tau=0.1057 | layered 9q statevector, global 21q (fits) | no gradient engine
[V3] 4 commuting blocks [4, 4, 4, 4] | range(H)=9.4641 identity=+0.0000 tau=0.1057 | layered 9q statevector, global 21q (fits) | no gradient engine
[V3] 4 commuting blocks [4, 4, 4, 4] | range(H)=9.4641 identity=+0.0000 tau=0.1057 | layered 9q statevector, global 21q (fits) | no gradient engine
[V3] 4 commuting blocks [4, 4, 4, 4] | range(H)=9.4641 identity=+0.0000 tau=0.1057 | layered 9q statevector, global 21q (fits) | no gradient engine
  Running QLTO V2 (engine-grad)...
[Init] Riemannian Engines Online. Detected 4 commuting layers. FIM=OFF
[Init] widest walk circuit 9q -> AerSimulator(statevector)
[Init] Legacy single-ancilla sensing active. ‖H‖_2 = 6.4641
[Init] Riemannian Engines Online. Detected 4 commuting layers. FIM=OFF
[Init] widest walk circuit 9q -> AerSimulator(statevector)
[Init] Legacy single-ancilla sensing active. ‖H‖_2 = 6.4641
[Init] Riemannian Engines Online. Detected 4 commuting layers. FIM=OFF
[Init] widest walk circuit 9q -> AerSimulator(statevector)
[Init] Legacy single-ancilla sensing active. ‖H‖_2 = 6.4641
[Init] Riemannian Engines Online. Detected 4 commuting layers. FIM=OFF
[Init] widest walk circuit 9q -> AerSimulator(statevector)
[Init] Legacy single-ancilla sensing active. ‖H‖_2 = 6.4641
[Init] Riemannian Engines Online. Detected 4 commuting layers. FIM=OFF
[Init] widest walk circuit 9q -> AerSimulator(statevector)
[Init] Legacy single-ancilla sensing active. ‖H‖_2 = 6.4641
  Running QAOA...
    N/A: QAOA not applicable: Hamiltonian has non-diagonal terms the X mixer does not represent (e.g. XXII). Standard QAOA needs a Z-only cost plus a transverse field.
  Running Correct QNG...
  Running AdamW...
  Running SPSA...
  Saved plot with error bars: results/benchmark_Heisenberg_N4_stats.png

  === Heisenberg N=4 over 5 trials (exact -6.4641) ===
  Optimizer               E_best mean   +/- std      SEM    E_final   NEFV  Depth
  -------------------------------------------------------------------------------
  QLTO V2 (engine-grad)       -6.0550    0.0382   0.0171    -6.0541    720   1156
  Correct QNG                 -6.0406    0.0383   0.0171    -6.0307    720      0
  QLTO V3 QPE (k=4)           -6.0130    0.0275   0.0123    -6.0055    180    484
  SPSA                        -5.9869    0.0631   0.0282    -5.9727    200      0
  AdamW                       -5.9557    0.0600   0.0268    -5.9156    640      0
  QLTO V3 (Hadamard)          -5.8159    0.2540   0.1136    -5.7393    180    204

========================================
Benchmarking: Heisenberg N=6 (5 trials)
========================================
Exact GS energy: -9.974309
  Running QLTO V3 QPE (k=4)...
[V3] 4 commuting blocks [6, 6, 6, 6] | range(H)=14.9743 identity=+0.0000 tau=0.0668 | layered 13q statevector, global 31q (too wide) | no gradient engine
[V3] 4 commuting blocks [6, 6, 6, 6] | range(H)=14.9743 identity=+0.0000 tau=0.0668 | layered 13q statevector, global 31q (too wide) | no gradient engine
[V3] 4 commuting blocks [6, 6, 6, 6] | range(H)=14.9743 identity=+0.0000 tau=0.0668 | layered 13q statevector, global 31q (too wide) | no gradient engine
[V3] 4 commuting blocks [6, 6, 6, 6] | range(H)=14.9743 identity=+0.0000 tau=0.0668 | layered 13q statevector, global 31q (too wide) | no gradient engine
[V3] 4 commuting blocks [6, 6, 6, 6] | range(H)=14.9743 identity=+0.0000 tau=0.0668 | layered 13q statevector, global 31q (too wide) | no gradient engine
  Running QLTO V3 (Hadamard)...
[V3] 4 commuting blocks [6, 6, 6, 6] | range(H)=14.9743 identity=+0.0000 tau=0.0668 | layered 13q statevector, global 31q (too wide) | no gradient engine
[V3] 4 commuting blocks [6, 6, 6, 6] | range(H)=14.9743 identity=+0.0000 tau=0.0668 | layered 13q statevector, global 31q (too wide) | no gradient engine
[V3] 4 commuting blocks [6, 6, 6, 6] | range(H)=14.9743 identity=+0.0000 tau=0.0668 | layered 13q statevector, global 31q (too wide) | no gradient engine
[V3] 4 commuting blocks [6, 6, 6, 6] | range(H)=14.9743 identity=+0.0000 tau=0.0668 | layered 13q statevector, global 31q (too wide) | no gradient engine
[V3] 4 commuting blocks [6, 6, 6, 6] | range(H)=14.9743 identity=+0.0000 tau=0.0668 | layered 13q statevector, global 31q (too wide) | no gradient engine
  Running QLTO V2 (engine-grad)...
[Init] Riemannian Engines Online. Detected 4 commuting layers. FIM=OFF
[Init] widest walk circuit 13q -> AerSimulator(statevector)
[Init] Legacy single-ancilla sensing active. ‖H‖_2 = 9.9743
[Init] Riemannian Engines Online. Detected 4 commuting layers. FIM=OFF
[Init] widest walk circuit 13q -> AerSimulator(statevector)
[Init] Legacy single-ancilla sensing active. ‖H‖_2 = 9.9743
[Init] Riemannian Engines Online. Detected 4 commuting layers. FIM=OFF
[Init] widest walk circuit 13q -> AerSimulator(statevector)
[Init] Legacy single-ancilla sensing active. ‖H‖_2 = 9.9743
[Init] Riemannian Engines Online. Detected 4 commuting layers. FIM=OFF
[Init] widest walk circuit 13q -> AerSimulator(statevector)
[Init] Legacy single-ancilla sensing active. ‖H‖_2 = 9.9743
[Init] Riemannian Engines Online. Detected 4 commuting layers. FIM=OFF
[Init] widest walk circuit 13q -> AerSimulator(statevector)
[Init] Legacy single-ancilla sensing active. ‖H‖_2 = 9.9743
  Running QAOA...
    N/A: QAOA not applicable: Hamiltonian has non-diagonal terms the X mixer does not represent (e.g. XXIIII). Standard QAOA needs a Z-only cost plus a transverse field.
  Running Correct QNG...
  Running AdamW...
  Running SPSA...
  Saved plot with error bars: results/benchmark_Heisenberg_N6_stats.png

  === Heisenberg N=6 over 5 trials (exact -9.9743) ===
  Optimizer               E_best mean   +/- std      SEM    E_final   NEFV  Depth
  -------------------------------------------------------------------------------
  QLTO V3 QPE (k=4)           -9.0550    0.0753   0.0337    -9.0382    180    772
  QLTO V2 (engine-grad)       -8.9020    0.3906   0.1747    -8.9018   1000   1738
  Correct QNG                 -8.9005    0.4449   0.1990    -8.8956   1040      0
  AdamW                       -8.7511    0.2971   0.1328    -8.7287    960      0
  SPSA                        -8.2364    0.5784   0.2587    -8.2364    200      0
  QLTO V3 (Hadamard)          -8.1887    0.9748   0.4360    -8.0535    180    308

========================================
Benchmarking: Heisenberg N=8 (5 trials)
========================================
Exact GS energy: -13.499730
  Running QLTO V3 QPE (k=4)...
[V3] 4 commuting blocks [8, 8, 8, 8] | range(H)=20.4997 identity=+0.0000 tau=0.0488 | layered 17q statevector, global 41q (too wide) | no gradient engine
[V3] 4 commuting blocks [8, 8, 8, 8] | range(H)=20.4997 identity=+0.0000 tau=0.0488 | layered 17q statevector, global 41q (too wide) | no gradient engine
[V3] 4 commuting blocks [8, 8, 8, 8] | range(H)=20.4997 identity=+0.0000 tau=0.0488 | layered 17q statevector, global 41q (too wide) | no gradient engine
[V3] 4 commuting blocks [8, 8, 8, 8] | range(H)=20.4997 identity=+0.0000 tau=0.0488 | layered 17q statevector, global 41q (too wide) | no gradient engine
[V3] 4 commuting blocks [8, 8, 8, 8] | range(H)=20.4997 identity=+0.0000 tau=0.0488 | layered 17q statevector, global 41q (too wide) | no gradient engine
  Running QLTO V3 (Hadamard)...
[V3] 4 commuting blocks [8, 8, 8, 8] | range(H)=20.4997 identity=+0.0000 tau=0.0488 | layered 17q statevector, global 41q (too wide) | no gradient engine
[V3] 4 commuting blocks [8, 8, 8, 8] | range(H)=20.4997 identity=+0.0000 tau=0.0488 | layered 17q statevector, global 41q (too wide) | no gradient engine
[V3] 4 commuting blocks [8, 8, 8, 8] | range(H)=20.4997 identity=+0.0000 tau=0.0488 | layered 17q statevector, global 41q (too wide) | no gradient engine
[V3] 4 commuting blocks [8, 8, 8, 8] | range(H)=20.4997 identity=+0.0000 tau=0.0488 | layered 17q statevector, global 41q (too wide) | no gradient engine
[V3] 4 commuting blocks [8, 8, 8, 8] | range(H)=20.4997 identity=+0.0000 tau=0.0488 | layered 17q statevector, global 41q (too wide) | no gradient engine
  Running QLTO V2 (engine-grad)...
[Init] Riemannian Engines Online. Detected 4 commuting layers. FIM=OFF
[Init] widest walk circuit 17q -> AerSimulator(statevector)
[Init] Legacy single-ancilla sensing active. ‖H‖_2 = 13.4997
[Init] Riemannian Engines Online. Detected 4 commuting layers. FIM=OFF
[Init] widest walk circuit 17q -> AerSimulator(statevector)
[Init] Legacy single-ancilla sensing active. ‖H‖_2 = 13.4997
[Init] Riemannian Engines Online. Detected 4 commuting layers. FIM=OFF
[Init] widest walk circuit 17q -> AerSimulator(statevector)
[Init] Legacy single-ancilla sensing active. ‖H‖_2 = 13.4997
[Init] Riemannian Engines Online. Detected 4 commuting layers. FIM=OFF
[Init] widest walk circuit 17q -> AerSimulator(statevector)
[Init] Legacy single-ancilla sensing active. ‖H‖_2 = 13.4997
[Init] Riemannian Engines Online. Detected 4 commuting layers. FIM=OFF
[Init] widest walk circuit 17q -> AerSimulator(statevector)
[Init] Legacy single-ancilla sensing active. ‖H‖_2 = 13.4997
  Running QAOA...
    N/A: QAOA not applicable: Hamiltonian has non-diagonal terms the X mixer does not represent (e.g. XXIIIIII). Standard QAOA needs a Z-only cost plus a transverse field.
  Running Correct QNG...
  Running AdamW...
  Running SPSA...
  Saved plot with error bars: results/benchmark_Heisenberg_N8_stats.png

  === Heisenberg N=8 over 5 trials (exact -13.4997) ===
  Optimizer               E_best mean   +/- std      SEM    E_final   NEFV  Depth
  -------------------------------------------------------------------------------
  Correct QNG                -12.1692    0.0562   0.0251   -12.1678   1360      0
  QLTO V2 (engine-grad)      -12.0674    0.1367   0.0612   -12.0665   1280   2320
  QLTO V3 QPE (k=4)          -11.7741    0.5602   0.2505   -11.7621    180   1060
  AdamW                      -11.6108    0.5840   0.2612   -11.6108   1280      0
  QLTO V3 (Hadamard)         -10.6711    0.9397   0.4202   -10.4786    180    412
  SPSA                        -9.5486    0.3506   0.1568    -9.1852    200      0
