
========================================
Benchmarking: Frustrated Ising N=4 (5 trials)
========================================
Exact GS energy: -1.549051
  Running QLTO V6...
  Running QAOA...
  Running Correct QNG...
  Running AdamW...
  Running SPSA...
  Saved plot with error bars: results/benchmark_Frustrated_Ising_N4_stats.png

  === Frustrated Ising N=4 over 5 trials (exact -1.5491) ===
  Optimizer               E_best mean   +/- std      SEM    E_final   NEFV  Depth
  -------------------------------------------------------------------------------
  QLTO V6                     -1.4000    0.0134   0.0060    -1.3896     40     27
  AdamW                       -1.3790    0.0462   0.0206    -1.3761   1280      0
  Correct QNG                 -1.3163    0.0362   0.0162    -1.3163   1440      0
  SPSA                        -1.2790    0.0432   0.0193    -1.2790    400      0

========================================
Benchmarking: MaxCut N=4 (Opt=4.0) (5 trials)
========================================
Exact GS energy: -0.000000
  Running QLTO V6...
  Running QAOA...
  Running Correct QNG...
  Running AdamW...
  Running SPSA...
  Saved plot with error bars: results/benchmark_MaxCut_N4_Opt4.0_stats.png

  === MaxCut N=4 (Opt=4.0) over 5 trials (exact -0.0000) ===
  Optimizer               E_best mean   +/- std      SEM    E_final   NEFV  Depth
  -------------------------------------------------------------------------------
  AdamW                        0.0638    0.0124   0.0055     0.0713    640      0
  QLTO V6                      0.0954    0.1454   0.0650     0.1044     20     27
  SPSA                         0.0965    0.0926   0.0414     0.0965    200      0
  Correct QNG                  0.1084    0.1497   0.0670     0.1084    720      0

========================================
Benchmarking: MaxCut N=6 (Opt=12.0) (5 trials)
========================================
Exact GS energy: -0.000000
  Running QLTO V6...
  Running QAOA...
  Running Correct QNG...
  Running AdamW...
  Running SPSA...
  Saved plot with error bars: results/benchmark_MaxCut_N6_Opt12.0_stats.png

  === MaxCut N=6 (Opt=12.0) over 5 trials (exact -0.0000) ===
  Optimizer               E_best mean   +/- std      SEM    E_final   NEFV  Depth
  -------------------------------------------------------------------------------
  Correct QNG                  0.0047    0.0033   0.0015     0.0085   1040      0
  QLTO V6                      0.0904    0.0286   0.0128     0.1661     20     45
  SPSA                         0.2079    0.1516   0.0678     0.2080    200      0
  AdamW                        0.2713    0.0877   0.0392     0.4570    960      0

========================================
Benchmarking: H2 Molecule (5 trials)
========================================
Exact GS energy: -1.857275
  Running QLTO V6...
  Running QAOA...
    N/A: QAOA not applicable: Hamiltonian has non-diagonal terms the X mixer does not represent (e.g. XX). Standard QAOA needs a Z-only cost plus a transverse field.
  Running Correct QNG...
  Running AdamW...
  Running SPSA...
  Saved plot with error bars: results/benchmark_H2_Molecule_stats.png

  === H2 Molecule over 5 trials (exact -1.8573) ===
  Optimizer               E_best mean   +/- std      SEM    E_final   NEFV  Depth
  -------------------------------------------------------------------------------
  AdamW                       -1.8481    0.0041   0.0018    -1.8417    640      0
  QLTO V6                     -1.8406    0.0066   0.0030    -1.8348     40     19
  SPSA                        -1.8299    0.0149   0.0067    -1.8299    400      0
  Correct QNG                 -1.8247    0.0158   0.0071    -1.8247    800      0

========================================
Benchmarking: LiH Molecule (5 trials)
========================================
Exact GS energy: -8.949737
  Running QLTO V6...
  Running QAOA...
    N/A: QAOA not applicable: Hamiltonian has non-diagonal terms the X mixer does not represent (e.g. IXIX). Standard QAOA needs a Z-only cost plus a transverse field.
  Running Correct QNG...
  Running AdamW...
  Running SPSA...
  Saved plot with error bars: results/benchmark_LiH_Molecule_stats.png

  === LiH Molecule over 5 trials (exact -8.9497) ===
  Optimizer               E_best mean   +/- std      SEM    E_final   NEFV  Depth
  -------------------------------------------------------------------------------
  QLTO V6                     -8.9376    0.0024   0.0011    -8.9290     60     27
  AdamW                       -8.9146    0.0097   0.0043    -8.9011   1920      0
  SPSA                        -8.6695    0.1796   0.0803    -8.6695    600      0
  Correct QNG                 -8.4845    0.3370   0.1507    -8.4845   2160      0

========================================
Benchmarking: Heisenberg N=4 (5 trials)
========================================
Exact GS energy: -6.464102
  Running QLTO V6...
  Running QAOA...
    N/A: QAOA not applicable: Hamiltonian has non-diagonal terms the X mixer does not represent (e.g. XXII). Standard QAOA needs a Z-only cost plus a transverse field.
  Running Correct QNG...
  Running AdamW...
  Running SPSA...
  Saved plot with error bars: results/benchmark_Heisenberg_N4_stats.png

  === Heisenberg N=4 over 5 trials (exact -6.4641) ===
  Optimizer               E_best mean   +/- std      SEM    E_final   NEFV  Depth
  -------------------------------------------------------------------------------
  Correct QNG                 -6.0295    0.0328   0.0147    -6.0294   2160      0
  AdamW                       -5.9306    0.0728   0.0325    -5.9057   1920      0
  QLTO V6                     -5.9261    0.0446   0.0200    -5.8601     60     27
  SPSA                        -5.8229    0.3769   0.1686    -5.8225    600      0

========================================
Benchmarking: Heisenberg N=6 (5 trials)
========================================
Exact GS energy: -9.974309
  Running QLTO V6...
  Running QAOA...
    N/A: QAOA not applicable: Hamiltonian has non-diagonal terms the X mixer does not represent (e.g. XXIIII). Standard QAOA needs a Z-only cost plus a transverse field.
  Running Correct QNG...
  Running AdamW...
  Running SPSA...
  Saved plot with error bars: results/benchmark_Heisenberg_N6_stats.png

  === Heisenberg N=6 over 5 trials (exact -9.9743) ===
  Optimizer               E_best mean   +/- std      SEM    E_final   NEFV  Depth
  -------------------------------------------------------------------------------
  Correct QNG                 -8.9962    0.2349   0.1050    -8.9962   3120      0
  QLTO V6                     -8.9733    0.1052   0.0470    -8.8457     60     45
  AdamW                       -8.8902    0.0812   0.0363    -8.8526   2880      0
  SPSA                        -8.2221    0.5705   0.2551    -8.2220    600      0


========================================
Benchmarking: Heisenberg N=8 (5 trials)
========================================
Exact GS energy: -13.499730
  Running QLTO V6...
  Running QAOA...
    N/A: QAOA not applicable: Hamiltonian has non-diagonal terms the X mixer does not represent (e.g. XXIIIIII). Standard QAOA needs a Z-only cost plus a transverse field.
  Running Correct QNG...
  Running AdamW...
  Running SPSA...
  Saved plot with error bars: results/benchmark_Heisenberg_N8_stats.png

  === Heisenberg N=8 over 5 trials (exact -13.4997) ===
  Optimizer               E_best mean   +/- std      SEM    E_final   NEFV  Depth
  -------------------------------------------------------------------------------
  Correct QNG                -12.1429    0.0674   0.0301   -12.1427   4080      0
  QLTO V6                    -11.6222    0.6560   0.2934   -11.5192     60     41
  AdamW                      -11.6133    0.6192   0.2769   -11.5697   3840      0
  SPSA                        -9.6207    0.4699   0.2102    -9.6207    600      0
