
========================================
Benchmarking: Frustrated Ising N=4 (5 trials)
========================================
Exact GS energy: -1.549051
  Running QLTO V3 QPE (k=4)...
[V3] 4 commuting blocks [4, 4, 4, 4] | range(H)=4.5066 identity=+0.0000 tau=0.2219 | layered 9q statevector, global 21q (fits) | no gradient engine
[V3] 4 commuting blocks [4, 4, 4, 4] | range(H)=4.5066 identity=+0.0000 tau=0.2219 | layered 9q statevector, global 21q (fits) | no gradient engine
[V3] 4 commuting blocks [4, 4, 4, 4] | range(H)=4.5066 identity=+0.0000 tau=0.2219 | layered 9q statevector, global 21q (fits) | no gradient engine
[V3] 4 commuting blocks [4, 4, 4, 4] | range(H)=4.5066 identity=+0.0000 tau=0.2219 | layered 9q statevector, global 21q (fits) | no gradient engine
[V3] 4 commuting blocks [4, 4, 4, 4] | range(H)=4.5066 identity=+0.0000 tau=0.2219 | layered 9q statevector, global 21q (fits) | no gradient engine
  Running QLTO V3 (Hadamard)...
[V3] 4 commuting blocks [4, 4, 4, 4] | range(H)=4.5066 identity=+0.0000 tau=0.2219 | layered 9q statevector, global 21q (fits) | no gradient engine
[V3] 4 commuting blocks [4, 4, 4, 4] | range(H)=4.5066 identity=+0.0000 tau=0.2219 | layered 9q statevector, global 21q (fits) | no gradient engine
[V3] 4 commuting blocks [4, 4, 4, 4] | range(H)=4.5066 identity=+0.0000 tau=0.2219 | layered 9q statevector, global 21q (fits) | no gradient engine
[V3] 4 commuting blocks [4, 4, 4, 4] | range(H)=4.5066 identity=+0.0000 tau=0.2219 | layered 9q statevector, global 21q (fits) | no gradient engine
[V3] 4 commuting blocks [4, 4, 4, 4] | range(H)=4.5066 identity=+0.0000 tau=0.2219 | layered 9q statevector, global 21q (fits) | no gradient engine
  Running QLTO V2 (engine-grad)...
[Init] Riemannian Engines Online. Detected 4 commuting layers. FIM=OFF
[Init] widest walk circuit 9q -> AerSimulator(statevector)
[Init] Legacy single-ancilla sensing active. ‖H‖_2 = 2.9576
/home/poig/anaconda3/lib/python3.13/site-packages/qiskit/compiler/transpiler.py:269: UserWarning: Providing `coupling_map` and/or `basis_gates` along with `backend` is not recommended, as this will invalidate the backend's gate durations and error rates.
  pm = generate_preset_pass_manager(
[Init] Riemannian Engines Online. Detected 4 commuting layers. FIM=OFF
[Init] widest walk circuit 9q -> AerSimulator(statevector)
[Init] Legacy single-ancilla sensing active. ‖H‖_2 = 2.9576
[Init] Riemannian Engines Online. Detected 4 commuting layers. FIM=OFF
[Init] widest walk circuit 9q -> AerSimulator(statevector)
[Init] Legacy single-ancilla sensing active. ‖H‖_2 = 2.9576
[Init] Riemannian Engines Online. Detected 4 commuting layers. FIM=OFF
[Init] widest walk circuit 9q -> AerSimulator(statevector)
[Init] Legacy single-ancilla sensing active. ‖H‖_2 = 2.9576
[Init] Riemannian Engines Online. Detected 4 commuting layers. FIM=OFF
[Init] widest walk circuit 9q -> AerSimulator(statevector)
[Init] Legacy single-ancilla sensing active. ‖H‖_2 = 2.9576
  Running QAOA (p=3)...
  Running Correct QNG...
  Running AdamW...
  Running SPSA...
  Saved plot with error bars: results/benchmark_Frustrated_Ising_N4_stats.png

  === Frustrated Ising N=4 over 5 trials (exact -1.5491) ===
  Optimizer               E_best mean   +/- std      SEM    E_final   NEFV  Depth
  -------------------------------------------------------------------------------
  QLTO V2 (engine-grad)       -1.3603    0.0569   0.0254    -1.3465    720    419
  QLTO V3 QPE (k=4)           -1.3541    0.0294   0.0132    -1.3505    180    286
  AdamW                       -1.3361    0.0427   0.0191    -1.3229    640      0
  QLTO V3 (Hadamard)          -1.2296    0.0965   0.0431    -1.2013    180    149
  Correct QNG                 -0.9508    0.1495   0.0669    -0.9508    720      0
  QAOA (p=3)                  -0.8425    0.2243   0.1003    -0.8259    400     43
  SPSA                        -0.7074    0.2525   0.1129    -0.7068    200      0

========================================
Benchmarking: MaxCut N=4 (Opt=4.0) (5 trials)
========================================
Exact GS energy: -0.000000
  Running QLTO V3 QPE (k=4)...
[V3] 4 commuting blocks [4, 4, 4, 4] | range(H)=3.9600 identity=+1.9800 tau=0.2525 | layered 9q statevector, global 21q (fits) | no gradient engine
[V3] 4 commuting blocks [4, 4, 4, 4] | range(H)=3.9600 identity=+1.9800 tau=0.2525 | layered 9q statevector, global 21q (fits) | no gradient engine
[V3] 4 commuting blocks [4, 4, 4, 4] | range(H)=3.9600 identity=+1.9800 tau=0.2525 | layered 9q statevector, global 21q (fits) | no gradient engine
[V3] 4 commuting blocks [4, 4, 4, 4] | range(H)=3.9600 identity=+1.9800 tau=0.2525 | layered 9q statevector, global 21q (fits) | no gradient engine
[V3] 4 commuting blocks [4, 4, 4, 4] | range(H)=3.9600 identity=+1.9800 tau=0.2525 | layered 9q statevector, global 21q (fits) | no gradient engine
  Running QLTO V3 (Hadamard)...
[V3] 4 commuting blocks [4, 4, 4, 4] | range(H)=3.9600 identity=+1.9800 tau=0.2525 | layered 9q statevector, global 21q (fits) | no gradient engine
[V3] 4 commuting blocks [4, 4, 4, 4] | range(H)=3.9600 identity=+1.9800 tau=0.2525 | layered 9q statevector, global 21q (fits) | no gradient engine
[V3] 4 commuting blocks [4, 4, 4, 4] | range(H)=3.9600 identity=+1.9800 tau=0.2525 | layered 9q statevector, global 21q (fits) | no gradient engine
[V3] 4 commuting blocks [4, 4, 4, 4] | range(H)=3.9600 identity=+1.9800 tau=0.2525 | layered 9q statevector, global 21q (fits) | no gradient engine
[V3] 4 commuting blocks [4, 4, 4, 4] | range(H)=3.9600 identity=+1.9800 tau=0.2525 | layered 9q statevector, global 21q (fits) | no gradient engine
  Running QLTO V2 (engine-grad)...
[Init] Riemannian Engines Online. Detected 4 commuting layers. FIM=OFF
[Init] widest walk circuit 9q -> AerSimulator(statevector)
[Init] Legacy single-ancilla sensing active. ‖H‖_2 = 3.9600
[Init] Riemannian Engines Online. Detected 4 commuting layers. FIM=OFF
[Init] widest walk circuit 9q -> AerSimulator(statevector)
[Init] Legacy single-ancilla sensing active. ‖H‖_2 = 3.9600
[Init] Riemannian Engines Online. Detected 4 commuting layers. FIM=OFF
[Init] widest walk circuit 9q -> AerSimulator(statevector)
[Init] Legacy single-ancilla sensing active. ‖H‖_2 = 3.9600
[Init] Riemannian Engines Online. Detected 4 commuting layers. FIM=OFF
[Init] widest walk circuit 9q -> AerSimulator(statevector)
[Init] Legacy single-ancilla sensing active. ‖H‖_2 = 3.9600
[Init] Riemannian Engines Online. Detected 4 commuting layers. FIM=OFF
[Init] widest walk circuit 9q -> AerSimulator(statevector)
[Init] Legacy single-ancilla sensing active. ‖H‖_2 = 3.9600
  Running QAOA (p=3)...
  Running Correct QNG...
  Running AdamW...
  Running SPSA...
  Saved plot with error bars: results/benchmark_MaxCut_N4_Opt4.0_stats.png

  === MaxCut N=4 (Opt=4.0) over 5 trials (exact -0.0000) ===
  Optimizer               E_best mean   +/- std      SEM    E_final   NEFV  Depth
  -------------------------------------------------------------------------------
  QLTO V3 QPE (k=4)            0.0076    0.0049   0.0022     0.0175    180    136
  QLTO V2 (engine-grad)        0.0337    0.0688   0.0308     0.0864    640    389
  AdamW                        0.0672    0.0390   0.0174     0.0759    640      0
  QLTO V3 (Hadamard)           0.2228    0.2992   0.1338     0.2559    180    136
  QAOA (p=3)                   0.6147    0.1808   0.0808     0.6343    400     22
  Correct QNG                  0.7652    0.3747   0.1676     0.7652    720      0
  SPSA                         1.1162    0.3718   0.1663     1.1325    200      0

========================================
Benchmarking: MaxCut N=6 (Opt=12.0) (5 trials)
========================================
Exact GS energy: -0.000000
  Running QLTO V3 QPE (k=4)...
[V3] 4 commuting blocks [6, 6, 6, 6] | range(H)=11.9900 identity=+8.6350 tau=0.0834 | layered 13q statevector, global 31q (too wide) | no gradient engine
[V3] 4 commuting blocks [6, 6, 6, 6] | range(H)=11.9900 identity=+8.6350 tau=0.0834 | layered 13q statevector, global 31q (too wide) | no gradient engine
[V3] 4 commuting blocks [6, 6, 6, 6] | range(H)=11.9900 identity=+8.6350 tau=0.0834 | layered 13q statevector, global 31q (too wide) | no gradient engine
[V3] 4 commuting blocks [6, 6, 6, 6] | range(H)=11.9900 identity=+8.6350 tau=0.0834 | layered 13q statevector, global 31q (too wide) | no gradient engine
[V3] 4 commuting blocks [6, 6, 6, 6] | range(H)=11.9900 identity=+8.6350 tau=0.0834 | layered 13q statevector, global 31q (too wide) | no gradient engine
  Running QLTO V3 (Hadamard)...
[V3] 4 commuting blocks [6, 6, 6, 6] | range(H)=11.9900 identity=+8.6350 tau=0.0834 | layered 13q statevector, global 31q (too wide) | no gradient engine
[V3] 4 commuting blocks [6, 6, 6, 6] | range(H)=11.9900 identity=+8.6350 tau=0.0834 | layered 13q statevector, global 31q (too wide) | no gradient engine
[V3] 4 commuting blocks [6, 6, 6, 6] | range(H)=11.9900 identity=+8.6350 tau=0.0834 | layered 13q statevector, global 31q (too wide) | no gradient engine
[V3] 4 commuting blocks [6, 6, 6, 6] | range(H)=11.9900 identity=+8.6350 tau=0.0834 | layered 13q statevector, global 31q (too wide) | no gradient engine
[V3] 4 commuting blocks [6, 6, 6, 6] | range(H)=11.9900 identity=+8.6350 tau=0.0834 | layered 13q statevector, global 31q (too wide) | no gradient engine
  Running QLTO V2 (engine-grad)...
[Init] Riemannian Engines Online. Detected 4 commuting layers. FIM=OFF
[Init] widest walk circuit 13q -> AerSimulator(statevector)
[Init] Legacy single-ancilla sensing active. ‖H‖_2 = 11.9900
[Init] Riemannian Engines Online. Detected 4 commuting layers. FIM=OFF
[Init] widest walk circuit 13q -> AerSimulator(statevector)
[Init] Legacy single-ancilla sensing active. ‖H‖_2 = 11.9900
[Init] Riemannian Engines Online. Detected 4 commuting layers. FIM=OFF
[Init] widest walk circuit 13q -> AerSimulator(statevector)
[Init] Legacy single-ancilla sensing active. ‖H‖_2 = 11.9900
[Init] Riemannian Engines Online. Detected 4 commuting layers. FIM=OFF
[Init] widest walk circuit 13q -> AerSimulator(statevector)
[Init] Legacy single-ancilla sensing active. ‖H‖_2 = 11.9900
[Init] Riemannian Engines Online. Detected 4 commuting layers. FIM=OFF
[Init] widest walk circuit 13q -> AerSimulator(statevector)
[Init] Legacy single-ancilla sensing active. ‖H‖_2 = 11.9900
  Running QAOA (p=3)...
  Running Correct QNG...
  Running AdamW...
  Running SPSA...
  Saved plot with error bars: results/benchmark_MaxCut_N6_Opt12.0_stats.png

  === MaxCut N=6 (Opt=12.0) over 5 trials (exact -0.0000) ===
  Optimizer               E_best mean   +/- std      SEM    E_final   NEFV  Depth
  -------------------------------------------------------------------------------
  QLTO V3 QPE (k=4)            0.2715    0.5157   0.2306     0.2795    180    490
  Correct QNG                  0.4277    0.4666   0.2087     0.4277   1040      0
  QLTO V2 (engine-grad)        0.5087    0.7332   0.3279     0.5550    880    626
  AdamW                        0.6582    0.4949   0.2213     0.6997    960      0
  QLTO V3 (Hadamard)           1.1264    1.6274   0.7278     1.2292    180    224
  SPSA                         2.6374    1.6908   0.7562     2.6380    200      0
  QAOA (p=3)                   6.9458    0.3192   0.1428     6.9675    400     67

========================================
Benchmarking: H2 Molecule (5 trials)
========================================
Exact GS energy: -1.857275
  Running QLTO V3 QPE (k=4)...
[V3] 4 commuting blocks [2, 2, 2, 2] | range(H)=1.6324 identity=-1.0524 tau=0.6126 | layered 5q statevector, global 11q (fits) | no gradient engine
[V3] 4 commuting blocks [2, 2, 2, 2] | range(H)=1.6324 identity=-1.0524 tau=0.6126 | layered 5q statevector, global 11q (fits) | no gradient engine
[V3] 4 commuting blocks [2, 2, 2, 2] | range(H)=1.6324 identity=-1.0524 tau=0.6126 | layered 5q statevector, global 11q (fits) | no gradient engine
[V3] 4 commuting blocks [2, 2, 2, 2] | range(H)=1.6324 identity=-1.0524 tau=0.6126 | layered 5q statevector, global 11q (fits) | no gradient engine
[V3] 4 commuting blocks [2, 2, 2, 2] | range(H)=1.6324 identity=-1.0524 tau=0.6126 | layered 5q statevector, global 11q (fits) | no gradient engine
  Running QLTO V3 (Hadamard)...
[V3] 4 commuting blocks [2, 2, 2, 2] | range(H)=1.6324 identity=-1.0524 tau=0.6126 | layered 5q statevector, global 11q (fits) | no gradient engine
[V3] 4 commuting blocks [2, 2, 2, 2] | range(H)=1.6324 identity=-1.0524 tau=0.6126 | layered 5q statevector, global 11q (fits) | no gradient engine
[V3] 4 commuting blocks [2, 2, 2, 2] | range(H)=1.6324 identity=-1.0524 tau=0.6126 | layered 5q statevector, global 11q (fits) | no gradient engine
[V3] 4 commuting blocks [2, 2, 2, 2] | range(H)=1.6324 identity=-1.0524 tau=0.6126 | layered 5q statevector, global 11q (fits) | no gradient engine
[V3] 4 commuting blocks [2, 2, 2, 2] | range(H)=1.6324 identity=-1.0524 tau=0.6126 | layered 5q statevector, global 11q (fits) | no gradient engine
  Running QLTO V2 (engine-grad)...
[Init] Riemannian Engines Online. Detected 4 commuting layers. FIM=OFF
[Init] widest walk circuit 5q -> AerSimulator(statevector)
[Init] Legacy single-ancilla sensing active. ‖H‖_2 = 1.8573
[Init] Riemannian Engines Online. Detected 4 commuting layers. FIM=OFF
[Init] widest walk circuit 5q -> AerSimulator(statevector)
[Init] Legacy single-ancilla sensing active. ‖H‖_2 = 1.8573
[Init] Riemannian Engines Online. Detected 4 commuting layers. FIM=OFF
[Init] widest walk circuit 5q -> AerSimulator(statevector)
[Init] Legacy single-ancilla sensing active. ‖H‖_2 = 1.8573
[Init] Riemannian Engines Online. Detected 4 commuting layers. FIM=OFF
[Init] widest walk circuit 5q -> AerSimulator(statevector)
[Init] Legacy single-ancilla sensing active. ‖H‖_2 = 1.8573
[Init] Riemannian Engines Online. Detected 4 commuting layers. FIM=OFF
[Init] widest walk circuit 5q -> AerSimulator(statevector)
[Init] Legacy single-ancilla sensing active. ‖H‖_2 = 1.8573
  Running QAOA (p=3)...
  Running Correct QNG...
  Running AdamW...
  Running SPSA...
  Saved plot with error bars: results/benchmark_H2_Molecule_stats.png

  === H2 Molecule over 5 trials (exact -1.8573) ===
  Optimizer               E_best mean   +/- std      SEM    E_final   NEFV  Depth
  -------------------------------------------------------------------------------
  QLTO V2 (engine-grad)       -1.8589    0.0113   0.0050    -1.7536    440    212
  QAOA (p=3)                  -1.8547    0.0029   0.0013    -1.8285    400     16
  AdamW                       -1.8460    0.0132   0.0059    -1.8245    320      0
  QLTO V3 (Hadamard)          -1.8384    0.0204   0.0091    -1.8247    180     77
  QLTO V3 QPE (k=4)           -1.8167    0.0192   0.0086    -1.7379    180    162
  Correct QNG                 -1.6137    0.2041   0.0913    -1.6137    400      0
  SPSA                        -1.5329    0.2136   0.0955    -1.5119    200      0

========================================
Benchmarking: LiH Molecule (5 trials)
========================================
Exact GS energy: -8.949737
  Running QLTO V3 QPE (k=4)...
[V3] 4 commuting blocks [4, 4, 4, 4] | range(H)=1.7830 identity=-7.8825 tau=0.5609 | layered 9q statevector, global 21q (fits) | no gradient engine
[V3] 4 commuting blocks [4, 4, 4, 4] | range(H)=1.7830 identity=-7.8825 tau=0.5609 | layered 9q statevector, global 21q (fits) | no gradient engine
[V3] 4 commuting blocks [4, 4, 4, 4] | range(H)=1.7830 identity=-7.8825 tau=0.5609 | layered 9q statevector, global 21q (fits) | no gradient engine
[V3] 4 commuting blocks [4, 4, 4, 4] | range(H)=1.7830 identity=-7.8825 tau=0.5609 | layered 9q statevector, global 21q (fits) | no gradient engine
[V3] 4 commuting blocks [4, 4, 4, 4] | range(H)=1.7830 identity=-7.8825 tau=0.5609 | layered 9q statevector, global 21q (fits) | no gradient engine
  Running QLTO V3 (Hadamard)...
[V3] 4 commuting blocks [4, 4, 4, 4] | range(H)=1.7830 identity=-7.8825 tau=0.5609 | layered 9q statevector, global 21q (fits) | no gradient engine
[V3] 4 commuting blocks [4, 4, 4, 4] | range(H)=1.7830 identity=-7.8825 tau=0.5609 | layered 9q statevector, global 21q (fits) | no gradient engine
[V3] 4 commuting blocks [4, 4, 4, 4] | range(H)=1.7830 identity=-7.8825 tau=0.5609 | layered 9q statevector, global 21q (fits) | no gradient engine
[V3] 4 commuting blocks [4, 4, 4, 4] | range(H)=1.7830 identity=-7.8825 tau=0.5609 | layered 9q statevector, global 21q (fits) | no gradient engine
[V3] 4 commuting blocks [4, 4, 4, 4] | range(H)=1.7830 identity=-7.8825 tau=0.5609 | layered 9q statevector, global 21q (fits) | no gradient engine
  Running QLTO V2 (engine-grad)...
[Init] Riemannian Engines Online. Detected 4 commuting layers. FIM=OFF
[Init] widest walk circuit 9q -> AerSimulator(statevector)
[Init] Legacy single-ancilla sensing active. ‖H‖_2 = 8.9497
[Init] Riemannian Engines Online. Detected 4 commuting layers. FIM=OFF
[Init] widest walk circuit 9q -> AerSimulator(statevector)
[Init] Legacy single-ancilla sensing active. ‖H‖_2 = 8.9497
[Init] Riemannian Engines Online. Detected 4 commuting layers. FIM=OFF
[Init] widest walk circuit 9q -> AerSimulator(statevector)
[Init] Legacy single-ancilla sensing active. ‖H‖_2 = 8.9497
[Init] Riemannian Engines Online. Detected 4 commuting layers. FIM=OFF
[Init] widest walk circuit 9q -> AerSimulator(statevector)
[Init] Legacy single-ancilla sensing active. ‖H‖_2 = 8.9497
[Init] Riemannian Engines Online. Detected 4 commuting layers. FIM=OFF
[Init] widest walk circuit 9q -> AerSimulator(statevector)
[Init] Legacy single-ancilla sensing active. ‖H‖_2 = 8.9497
  Running QAOA (p=3)...
  Running Correct QNG...
  Running AdamW...
  Running SPSA...
  Saved plot with error bars: results/benchmark_LiH_Molecule_stats.png

  === LiH Molecule over 5 trials (exact -8.9497) ===
  Optimizer               E_best mean   +/- std      SEM    E_final   NEFV  Depth
  -------------------------------------------------------------------------------
  QLTO V2 (engine-grad)       -8.8635    0.0552   0.0247    -8.8611    720    451
  QLTO V3 QPE (k=4)           -8.8523    0.0720   0.0322    -8.8523    180    629
  QLTO V3 (Hadamard)          -8.8212    0.0954   0.0426    -8.8196    180    170
  AdamW                       -8.7850    0.1244   0.0556    -8.7850    640      0
  QAOA (p=3)                  -8.6050    0.1819   0.0814    -8.5814    400     46
  Correct QNG                 -8.1384    0.3378   0.1511    -8.1382    720      0
  SPSA                        -8.0268    0.2884   0.1290    -8.0198    200      0

========================================
Benchmarking: Heisenberg N=4 (5 trials)
========================================
Exact GS energy: -6.464102
  Running QLTO V3 QPE (k=4)...
[V3] 4 commuting blocks [4, 4, 4, 4] | range(H)=9.4641 identity=+0.0000 tau=0.1057 | layered 9q statevector, global 21q (fits) | no gradient engine
[V3] 4 commuting blocks [4, 4, 4, 4] | range(H)=9.4641 identity=+0.0000 tau=0.1057 | layered 9q statevector, global 21q (fits) | no gradient engine
[V3] 4 commuting blocks [4, 4, 4, 4] | range(H)=9.4641 identity=+0.0000 tau=0.1057 | layered 9q statevector, global 21q (fits) | no gradient engine
[V3] 4 commuting blocks [4, 4, 4, 4] | range(H)=9.4641 identity=+0.0000 tau=0.1057 | layered 9q statevector, global 21q (fits) | no gradient engine
[V3] 4 commuting blocks [4, 4, 4, 4] | range(H)=9.4641 identity=+0.0000 tau=0.1057 | layered 9q statevector, global 21q (fits) | no gradient engine
  Running QLTO V3 (Hadamard)...
[V3] 4 commuting blocks [4, 4, 4, 4] | range(H)=9.4641 identity=+0.0000 tau=0.1057 | layered 9q statevector, global 21q (fits) | no gradient engine
[V3] 4 commuting blocks [4, 4, 4, 4] | range(H)=9.4641 identity=+0.0000 tau=0.1057 | layered 9q statevector, global 21q (fits) | no gradient engine
[V3] 4 commuting blocks [4, 4, 4, 4] | range(H)=9.4641 identity=+0.0000 tau=0.1057 | layered 9q statevector, global 21q (fits) | no gradient engine
[V3] 4 commuting blocks [4, 4, 4, 4] | range(H)=9.4641 identity=+0.0000 tau=0.1057 | layered 9q statevector, global 21q (fits) | no gradient engine
[V3] 4 commuting blocks [4, 4, 4, 4] | range(H)=9.4641 identity=+0.0000 tau=0.1057 | layered 9q statevector, global 21q (fits) | no gradient engine
  Running QLTO V2 (engine-grad)...
[Init] Riemannian Engines Online. Detected 4 commuting layers. FIM=OFF
[Init] widest walk circuit 9q -> AerSimulator(statevector)
[Init] Legacy single-ancilla sensing active. ‖H‖_2 = 6.4641
[Init] Riemannian Engines Online. Detected 4 commuting layers. FIM=OFF
[Init] widest walk circuit 9q -> AerSimulator(statevector)
[Init] Legacy single-ancilla sensing active. ‖H‖_2 = 6.4641
[Init] Riemannian Engines Online. Detected 4 commuting layers. FIM=OFF
[Init] widest walk circuit 9q -> AerSimulator(statevector)
[Init] Legacy single-ancilla sensing active. ‖H‖_2 = 6.4641
[Init] Riemannian Engines Online. Detected 4 commuting layers. FIM=OFF
[Init] widest walk circuit 9q -> AerSimulator(statevector)
[Init] Legacy single-ancilla sensing active. ‖H‖_2 = 6.4641
[Init] Riemannian Engines Online. Detected 4 commuting layers. FIM=OFF
[Init] widest walk circuit 9q -> AerSimulator(statevector)
[Init] Legacy single-ancilla sensing active. ‖H‖_2 = 6.4641
  Running QAOA (p=3)...
  Running Correct QNG...
  Running AdamW...
  Running SPSA...
  Saved plot with error bars: results/benchmark_Heisenberg_N4_stats.png

  === Heisenberg N=4 over 5 trials (exact -6.4641) ===
  Optimizer               E_best mean   +/- std      SEM    E_final   NEFV  Depth
  -------------------------------------------------------------------------------
  QLTO V2 (engine-grad)       -6.0437    0.0421   0.0188    -6.0417    720    436
  QLTO V3 QPE (k=4)           -6.0231    0.0366   0.0164    -6.0158    180    484
  QLTO V3 (Hadamard)          -5.8957    0.0552   0.0247    -5.8687    180    164
  AdamW                       -5.7200    0.1170   0.0523    -5.7089    640      0
  Correct QNG                 -5.5787    0.5808   0.2597    -5.5787    720      0
  SPSA                        -4.9032    0.9014   0.4031    -4.8961    200      0
  QAOA (p=3)                  -4.7221    0.8466   0.3786    -4.7126    400     25

========================================
Benchmarking: Heisenberg N=6 (5 trials)
========================================
Exact GS energy: -9.974309
  Running QLTO V3 QPE (k=4)...
[V3] 4 commuting blocks [6, 6, 6, 6] | range(H)=14.9743 identity=+0.0000 tau=0.0668 | layered 13q statevector, global 31q (too wide) | no gradient engine
[V3] 4 commuting blocks [6, 6, 6, 6] | range(H)=14.9743 identity=+0.0000 tau=0.0668 | layered 13q statevector, global 31q (too wide) | no gradient engine
[V3] 4 commuting blocks [6, 6, 6, 6] | range(H)=14.9743 identity=+0.0000 tau=0.0668 | layered 13q statevector, global 31q (too wide) | no gradient engine
[V3] 4 commuting blocks [6, 6, 6, 6] | range(H)=14.9743 identity=+0.0000 tau=0.0668 | layered 13q statevector, global 31q (too wide) | no gradient engine
[V3] 4 commuting blocks [6, 6, 6, 6] | range(H)=14.9743 identity=+0.0000 tau=0.0668 | layered 13q statevector, global 31q (too wide) | no gradient engine
  Running QLTO V3 (Hadamard)...
[V3] 4 commuting blocks [6, 6, 6, 6] | range(H)=14.9743 identity=+0.0000 tau=0.0668 | layered 13q statevector, global 31q (too wide) | no gradient engine
[V3] 4 commuting blocks [6, 6, 6, 6] | range(H)=14.9743 identity=+0.0000 tau=0.0668 | layered 13q statevector, global 31q (too wide) | no gradient engine
[V3] 4 commuting blocks [6, 6, 6, 6] | range(H)=14.9743 identity=+0.0000 tau=0.0668 | layered 13q statevector, global 31q (too wide) | no gradient engine
[V3] 4 commuting blocks [6, 6, 6, 6] | range(H)=14.9743 identity=+0.0000 tau=0.0668 | layered 13q statevector, global 31q (too wide) | no gradient engine
[V3] 4 commuting blocks [6, 6, 6, 6] | range(H)=14.9743 identity=+0.0000 tau=0.0668 | layered 13q statevector, global 31q (too wide) | no gradient engine
  Running QLTO V2 (engine-grad)...
[Init] Riemannian Engines Online. Detected 4 commuting layers. FIM=OFF
[Init] widest walk circuit 13q -> AerSimulator(statevector)
[Init] Legacy single-ancilla sensing active. ‖H‖_2 = 9.9743
[Init] Riemannian Engines Online. Detected 4 commuting layers. FIM=OFF
[Init] widest walk circuit 13q -> AerSimulator(statevector)
[Init] Legacy single-ancilla sensing active. ‖H‖_2 = 9.9743
[Init] Riemannian Engines Online. Detected 4 commuting layers. FIM=OFF
[Init] widest walk circuit 13q -> AerSimulator(statevector)
[Init] Legacy single-ancilla sensing active. ‖H‖_2 = 9.9743
[Init] Riemannian Engines Online. Detected 4 commuting layers. FIM=OFF
[Init] widest walk circuit 13q -> AerSimulator(statevector)
[Init] Legacy single-ancilla sensing active. ‖H‖_2 = 9.9743
[Init] Riemannian Engines Online. Detected 4 commuting layers. FIM=OFF
[Init] widest walk circuit 13q -> AerSimulator(statevector)
[Init] Legacy single-ancilla sensing active. ‖H‖_2 = 9.9743
  Running QAOA (p=3)...
  Running Correct QNG...
  Running AdamW...
  Running SPSA...
  Saved plot with error bars: results/benchmark_Heisenberg_N6_stats.png

  === Heisenberg N=6 over 5 trials (exact -9.9743) ===
  Optimizer               E_best mean   +/- std      SEM    E_final   NEFV  Depth
  -------------------------------------------------------------------------------
  QLTO V2 (engine-grad)       -9.0930    0.0661   0.0295    -9.0926   1000    658
  QLTO V3 QPE (k=4)           -9.0154    0.0876   0.0392    -8.9979    180    772
  Correct QNG                 -8.6871    0.6104   0.2730    -8.6871   1040      0
  QLTO V3 (Hadamard)          -8.5014    0.5339   0.2388    -8.4008    180    248
  AdamW                       -8.2849    0.7254   0.3244    -8.2845    960      0
  SPSA                        -7.6047    1.7368   0.7767    -7.5975    200      0
  QAOA (p=3)                  -4.2296    0.9702   0.4339    -4.2073    400     31

========================================
Benchmarking: Heisenberg N=8 (5 trials)
========================================
Exact GS energy: -13.499730
  Running QLTO V3 QPE (k=4)...
[V3] 4 commuting blocks [8, 8, 8, 8] | range(H)=20.4997 identity=+0.0000 tau=0.0488 | layered 17q statevector, global 41q (too wide) | no gradient engine
[V3] 4 commuting blocks [8, 8, 8, 8] | range(H)=20.4997 identity=+0.0000 tau=0.0488 | layered 17q statevector, global 41q (too wide) | no gradient engine
[V3] 4 commuting blocks [8, 8, 8, 8] | range(H)=20.4997 identity=+0.0000 tau=0.0488 | layered 17q statevector, global 41q (too wide) | no gradient engine
[V3] 4 commuting blocks [8, 8, 8, 8] | range(H)=20.4997 identity=+0.0000 tau=0.0488 | layered 17q statevector, global 41q (too wide) | no gradient engine
[V3] 4 commuting blocks [8, 8, 8, 8] | range(H)=20.4997 identity=+0.0000 tau=0.0488 | layered 17q statevector, global 41q (too wide) | no gradient engine
  Running QLTO V3 (Hadamard)...
[V3] 4 commuting blocks [8, 8, 8, 8] | range(H)=20.4997 identity=+0.0000 tau=0.0488 | layered 17q statevector, global 41q (too wide) | no gradient engine
[V3] 4 commuting blocks [8, 8, 8, 8] | range(H)=20.4997 identity=+0.0000 tau=0.0488 | layered 17q statevector, global 41q (too wide) | no gradient engine
[V3] 4 commuting blocks [8, 8, 8, 8] | range(H)=20.4997 identity=+0.0000 tau=0.0488 | layered 17q statevector, global 41q (too wide) | no gradient engine
[V3] 4 commuting blocks [8, 8, 8, 8] | range(H)=20.4997 identity=+0.0000 tau=0.0488 | layered 17q statevector, global 41q (too wide) | no gradient engine
[V3] 4 commuting blocks [8, 8, 8, 8] | range(H)=20.4997 identity=+0.0000 tau=0.0488 | layered 17q statevector, global 41q (too wide) | no gradient engine
  Running QLTO V2 (engine-grad)...
[Init] Riemannian Engines Online. Detected 4 commuting layers. FIM=OFF
[Init] widest walk circuit 17q -> AerSimulator(statevector)
[Init] Legacy single-ancilla sensing active. ‖H‖_2 = 13.4997
[Init] Riemannian Engines Online. Detected 4 commuting layers. FIM=OFF
[Init] widest walk circuit 17q -> AerSimulator(statevector)
[Init] Legacy single-ancilla sensing active. ‖H‖_2 = 13.4997
[Init] Riemannian Engines Online. Detected 4 commuting layers. FIM=OFF
[Init] widest walk circuit 17q -> AerSimulator(statevector)
[Init] Legacy single-ancilla sensing active. ‖H‖_2 = 13.4997
[Init] Riemannian Engines Online. Detected 4 commuting layers. FIM=OFF
[Init] widest walk circuit 17q -> AerSimulator(statevector)
[Init] Legacy single-ancilla sensing active. ‖H‖_2 = 13.4997
[Init] Riemannian Engines Online. Detected 4 commuting layers. FIM=OFF
[Init] widest walk circuit 17q -> AerSimulator(statevector)
[Init] Legacy single-ancilla sensing active. ‖H‖_2 = 13.4997
  Running QAOA (p=3)...
  Running Correct QNG...
  Running AdamW...
  Running SPSA...
  Saved plot with error bars: results/benchmark_Heisenberg_N8_stats.png

  === Heisenberg N=8 over 5 trials (exact -13.4997) ===
  Optimizer               E_best mean   +/- std      SEM    E_final   NEFV  Depth
  -------------------------------------------------------------------------------
  QLTO V2 (engine-grad)      -12.1004    0.0849   0.0380   -12.1004   1280    880
  QLTO V3 QPE (k=4)          -11.7474    0.6136   0.2744   -11.7079    180   1060
  Correct QNG                -11.0716    0.9292   0.4155   -11.0716   1360      0
  AdamW                      -10.9325    0.9148   0.4091   -10.9325   1280      0
  QLTO V3 (Hadamard)         -10.6182    0.6136   0.2744   -10.4201    180    332
  SPSA                        -8.7976    1.0858   0.4856    -8.7956    200      0
  QAOA (p=3)                  -5.3168    0.6947   0.3107    -5.2990    400     37
