[V3] 4 commuting blocks [2, 2, 2, 2] | range(H)=1.6324 identity=-1.0524 tau=0.6126 | layered 5q statevector, global 11q (fits) | no gradient engine
[V3] 4 commuting blocks [2, 2, 2, 2] | range(H)=1.6324 identity=-1.0524 tau=0.6126 | layered 5q statevector, global 11q (fits) | no gradient engine
[V3] 4 commuting blocks [4, 4, 4, 4] | range(H)=3.9600 identity=+1.9800 tau=0.2525 | layered 9q statevector, global 21q (fits) | no gradient engine
[V3] 4 commuting blocks [4, 4, 4, 4] | range(H)=3.9600 identity=+1.9800 tau=0.2525 | layered 9q statevector, global 21q (fits) | no gradient engine
[V3] 4 commuting blocks [4, 4, 4, 4] | range(H)=9.4641 identity=+0.0000 tau=0.1057 | layered 9q statevector, global 21q (fits) | no gradient engine
[V3] 4 commuting blocks [4, 4, 4, 4] | range(H)=9.4641 identity=+0.0000 tau=0.1057 | layered 9q statevector, global 21q (fits) | no gradient engine
[V3] 4 commuting blocks [6, 6, 6, 6] | range(H)=14.9743 identity=+0.0000 tau=0.0668 | layered 13q statevector, global 31q (too wide) | no gradient engine
[V3] 4 commuting blocks [6, 6, 6, 6] | range(H)=14.9743 identity=+0.0000 tau=0.0668 | layered 13q statevector, global 31q (too wide) | no gradient engine
  QLTO V3 QPE (k=4)      = 15     mean normalised gap 0.0299
[V3] 4 commuting blocks [2, 2, 2, 2] | range(H)=1.6324 identity=-1.0524 tau=0.6126 | layered 5q statevector, global 11q (fits) | no gradient engine
[V3] 4 commuting blocks [2, 2, 2, 2] | range(H)=1.6324 identity=-1.0524 tau=0.6126 | layered 5q statevector, global 11q (fits) | no gradient engine
[V3] 4 commuting blocks [4, 4, 4, 4] | range(H)=3.9600 identity=+1.9800 tau=0.2525 | layered 9q statevector, global 21q (fits) | no gradient engine
[V3] 4 commuting blocks [4, 4, 4, 4] | range(H)=3.9600 identity=+1.9800 tau=0.2525 | layered 9q statevector, global 21q (fits) | no gradient engine
[V3] 4 commuting blocks [4, 4, 4, 4] | range(H)=9.4641 identity=+0.0000 tau=0.1057 | layered 9q statevector, global 21q (fits) | no gradient engine
[V3] 4 commuting blocks [4, 4, 4, 4] | range(H)=9.4641 identity=+0.0000 tau=0.1057 | layered 9q statevector, global 21q (fits) | no gradient engine
[V3] 4 commuting blocks [6, 6, 6, 6] | range(H)=14.9743 identity=+0.0000 tau=0.0668 | layered 13q statevector, global 31q (too wide) | no gradient engine
[V3] 4 commuting blocks [6, 6, 6, 6] | range(H)=14.9743 identity=+0.0000 tau=0.0668 | layered 13q statevector, global 31q (too wide) | no gradient engine
  QLTO V3 QPE (k=4)      = 20     mean normalised gap 0.0320
[V3] 4 commuting blocks [2, 2, 2, 2] | range(H)=1.6324 identity=-1.0524 tau=0.6126 | layered 5q statevector, global 11q (fits) | no gradient engine
[V3] 4 commuting blocks [2, 2, 2, 2] | range(H)=1.6324 identity=-1.0524 tau=0.6126 | layered 5q statevector, global 11q (fits) | no gradient engine
[V3] 4 commuting blocks [4, 4, 4, 4] | range(H)=3.9600 identity=+1.9800 tau=0.2525 | layered 9q statevector, global 21q (fits) | no gradient engine
[V3] 4 commuting blocks [4, 4, 4, 4] | range(H)=3.9600 identity=+1.9800 tau=0.2525 | layered 9q statevector, global 21q (fits) | no gradient engine
[V3] 4 commuting blocks [4, 4, 4, 4] | range(H)=9.4641 identity=+0.0000 tau=0.1057 | layered 9q statevector, global 21q (fits) | no gradient engine
[V3] 4 commuting blocks [4, 4, 4, 4] | range(H)=9.4641 identity=+0.0000 tau=0.1057 | layered 9q statevector, global 21q (fits) | no gradient engine
[V3] 4 commuting blocks [6, 6, 6, 6] | range(H)=14.9743 identity=+0.0000 tau=0.0668 | layered 13q statevector, global 31q (too wide) | no gradient engine
[V3] 4 commuting blocks [6, 6, 6, 6] | range(H)=14.9743 identity=+0.0000 tau=0.0668 | layered 13q statevector, global 31q (too wide) | no gradient engine
  QLTO V3 QPE (k=4)      = 30     mean normalised gap 0.0307
  -> QLTO V3 QPE (k=4): 15

[V3] 4 commuting blocks [2, 2, 2, 2] | range(H)=1.6324 identity=-1.0524 tau=0.6126 | layered 5q statevector, global 11q (fits) | no gradient engine
[V3] 4 commuting blocks [2, 2, 2, 2] | range(H)=1.6324 identity=-1.0524 tau=0.6126 | layered 5q statevector, global 11q (fits) | no gradient engine
[V3] 4 commuting blocks [4, 4, 4, 4] | range(H)=3.9600 identity=+1.9800 tau=0.2525 | layered 9q statevector, global 21q (fits) | no gradient engine
[V3] 4 commuting blocks [4, 4, 4, 4] | range(H)=3.9600 identity=+1.9800 tau=0.2525 | layered 9q statevector, global 21q (fits) | no gradient engine
[V3] 4 commuting blocks [4, 4, 4, 4] | range(H)=9.4641 identity=+0.0000 tau=0.1057 | layered 9q statevector, global 21q (fits) | no gradient engine
[V3] 4 commuting blocks [4, 4, 4, 4] | range(H)=9.4641 identity=+0.0000 tau=0.1057 | layered 9q statevector, global 21q (fits) | no gradient engine
[V3] 4 commuting blocks [6, 6, 6, 6] | range(H)=14.9743 identity=+0.0000 tau=0.0668 | layered 13q statevector, global 31q (too wide) | no gradient engine
[V3] 4 commuting blocks [6, 6, 6, 6] | range(H)=14.9743 identity=+0.0000 tau=0.0668 | layered 13q statevector, global 31q (too wide) | no gradient engine
  QLTO V3 (Hadamard)     = 15     mean normalised gap 0.0529
[V3] 4 commuting blocks [2, 2, 2, 2] | range(H)=1.6324 identity=-1.0524 tau=0.6126 | layered 5q statevector, global 11q (fits) | no gradient engine
[V3] 4 commuting blocks [2, 2, 2, 2] | range(H)=1.6324 identity=-1.0524 tau=0.6126 | layered 5q statevector, global 11q (fits) | no gradient engine
[V3] 4 commuting blocks [4, 4, 4, 4] | range(H)=3.9600 identity=+1.9800 tau=0.2525 | layered 9q statevector, global 21q (fits) | no gradient engine
[V3] 4 commuting blocks [4, 4, 4, 4] | range(H)=3.9600 identity=+1.9800 tau=0.2525 | layered 9q statevector, global 21q (fits) | no gradient engine
[V3] 4 commuting blocks [4, 4, 4, 4] | range(H)=9.4641 identity=+0.0000 tau=0.1057 | layered 9q statevector, global 21q (fits) | no gradient engine
[V3] 4 commuting blocks [4, 4, 4, 4] | range(H)=9.4641 identity=+0.0000 tau=0.1057 | layered 9q statevector, global 21q (fits) | no gradient engine
[V3] 4 commuting blocks [6, 6, 6, 6] | range(H)=14.9743 identity=+0.0000 tau=0.0668 | layered 13q statevector, global 31q (too wide) | no gradient engine
[V3] 4 commuting blocks [6, 6, 6, 6] | range(H)=14.9743 identity=+0.0000 tau=0.0668 | layered 13q statevector, global 31q (too wide) | no gradient engine
  QLTO V3 (Hadamard)     = 20     mean normalised gap 0.0375
[V3] 4 commuting blocks [2, 2, 2, 2] | range(H)=1.6324 identity=-1.0524 tau=0.6126 | layered 5q statevector, global 11q (fits) | no gradient engine
[V3] 4 commuting blocks [2, 2, 2, 2] | range(H)=1.6324 identity=-1.0524 tau=0.6126 | layered 5q statevector, global 11q (fits) | no gradient engine
[V3] 4 commuting blocks [4, 4, 4, 4] | range(H)=3.9600 identity=+1.9800 tau=0.2525 | layered 9q statevector, global 21q (fits) | no gradient engine
[V3] 4 commuting blocks [4, 4, 4, 4] | range(H)=3.9600 identity=+1.9800 tau=0.2525 | layered 9q statevector, global 21q (fits) | no gradient engine
[V3] 4 commuting blocks [4, 4, 4, 4] | range(H)=9.4641 identity=+0.0000 tau=0.1057 | layered 9q statevector, global 21q (fits) | no gradient engine
[V3] 4 commuting blocks [4, 4, 4, 4] | range(H)=9.4641 identity=+0.0000 tau=0.1057 | layered 9q statevector, global 21q (fits) | no gradient engine
[V3] 4 commuting blocks [6, 6, 6, 6] | range(H)=14.9743 identity=+0.0000 tau=0.0668 | layered 13q statevector, global 31q (too wide) | no gradient engine
[V3] 4 commuting blocks [6, 6, 6, 6] | range(H)=14.9743 identity=+0.0000 tau=0.0668 | layered 13q statevector, global 31q (too wide) | no gradient engine
  QLTO V3 (Hadamard)     = 30     mean normalised gap 0.0517
  -> QLTO V3 (Hadamard): 20

[Init] Riemannian Engines Online. Detected 4 commuting layers. FIM=OFF
[Init] widest walk circuit 5q -> AerSimulator(statevector)
[Init] Legacy single-ancilla sensing active. ‖H‖_2 = 1.8573
/home/poig/anaconda3/lib/python3.13/site-packages/qiskit/compiler/transpiler.py:269: UserWarning: Providing `coupling_map` and/or `basis_gates` along with `backend` is not recommended, as this will invalidate the backend's gate durations and error rates.
  pm = generate_preset_pass_manager(
[Init] Riemannian Engines Online. Detected 4 commuting layers. FIM=OFF
[Init] widest walk circuit 5q -> AerSimulator(statevector)
[Init] Legacy single-ancilla sensing active. ‖H‖_2 = 1.8573
[Init] Riemannian Engines Online. Detected 4 commuting layers. FIM=OFF
[Init] widest walk circuit 9q -> AerSimulator(statevector)
[Init] Legacy single-ancilla sensing active. ‖H‖_2 = 3.9600
[Init] Riemannian Engines Online. Detected 4 commuting layers. FIM=OFF
[Init] widest walk circuit 9q -> AerSimulator(statevector)
[Init] Legacy single-ancilla sensing active. ‖H‖_2 = 3.9600
[Init] Riemannian Engines Online. Detected 4 commuting layers. FIM=OFF
[Init] widest walk circuit 9q -> AerSimulator(statevector)
[Init] Legacy single-ancilla sensing active. ‖H‖_2 = 6.4641
[Init] Riemannian Engines Online. Detected 4 commuting layers. FIM=OFF
[Init] widest walk circuit 9q -> AerSimulator(statevector)
[Init] Legacy single-ancilla sensing active. ‖H‖_2 = 6.4641
[Init] Riemannian Engines Online. Detected 4 commuting layers. FIM=OFF
[Init] widest walk circuit 13q -> AerSimulator(statevector)
[Init] Legacy single-ancilla sensing active. ‖H‖_2 = 9.9743
[Init] Riemannian Engines Online. Detected 4 commuting layers. FIM=OFF
[Init] widest walk circuit 13q -> AerSimulator(statevector)
[Init] Legacy single-ancilla sensing active. ‖H‖_2 = 9.9743
  QLTO V2 (engine-grad)  = 15     mean normalised gap 0.0232
[Init] Riemannian Engines Online. Detected 4 commuting layers. FIM=OFF
[Init] widest walk circuit 5q -> AerSimulator(statevector)
[Init] Legacy single-ancilla sensing active. ‖H‖_2 = 1.8573
[Init] Riemannian Engines Online. Detected 4 commuting layers. FIM=OFF
[Init] widest walk circuit 5q -> AerSimulator(statevector)
[Init] Legacy single-ancilla sensing active. ‖H‖_2 = 1.8573
[Init] Riemannian Engines Online. Detected 4 commuting layers. FIM=OFF
[Init] widest walk circuit 9q -> AerSimulator(statevector)
[Init] Legacy single-ancilla sensing active. ‖H‖_2 = 3.9600
[Init] Riemannian Engines Online. Detected 4 commuting layers. FIM=OFF
[Init] widest walk circuit 9q -> AerSimulator(statevector)
[Init] Legacy single-ancilla sensing active. ‖H‖_2 = 3.9600
[Init] Riemannian Engines Online. Detected 4 commuting layers. FIM=OFF
[Init] widest walk circuit 9q -> AerSimulator(statevector)
[Init] Legacy single-ancilla sensing active. ‖H‖_2 = 6.4641
[Init] Riemannian Engines Online. Detected 4 commuting layers. FIM=OFF
[Init] widest walk circuit 9q -> AerSimulator(statevector)
[Init] Legacy single-ancilla sensing active. ‖H‖_2 = 6.4641
[Init] Riemannian Engines Online. Detected 4 commuting layers. FIM=OFF
[Init] widest walk circuit 13q -> AerSimulator(statevector)
[Init] Legacy single-ancilla sensing active. ‖H‖_2 = 9.9743
[Init] Riemannian Engines Online. Detected 4 commuting layers. FIM=OFF
[Init] widest walk circuit 13q -> AerSimulator(statevector)
[Init] Legacy single-ancilla sensing active. ‖H‖_2 = 9.9743
  QLTO V2 (engine-grad)  = 20     mean normalised gap 0.0225
[Init] Riemannian Engines Online. Detected 4 commuting layers. FIM=OFF
[Init] widest walk circuit 5q -> AerSimulator(statevector)
[Init] Legacy single-ancilla sensing active. ‖H‖_2 = 1.8573
[Init] Riemannian Engines Online. Detected 4 commuting layers. FIM=OFF
[Init] widest walk circuit 5q -> AerSimulator(statevector)
[Init] Legacy single-ancilla sensing active. ‖H‖_2 = 1.8573
[Init] Riemannian Engines Online. Detected 4 commuting layers. FIM=OFF
[Init] widest walk circuit 9q -> AerSimulator(statevector)
[Init] Legacy single-ancilla sensing active. ‖H‖_2 = 3.9600
[Init] Riemannian Engines Online. Detected 4 commuting layers. FIM=OFF
[Init] widest walk circuit 9q -> AerSimulator(statevector)
[Init] Legacy single-ancilla sensing active. ‖H‖_2 = 3.9600
[Init] Riemannian Engines Online. Detected 4 commuting layers. FIM=OFF
[Init] widest walk circuit 9q -> AerSimulator(statevector)
[Init] Legacy single-ancilla sensing active. ‖H‖_2 = 6.4641
[Init] Riemannian Engines Online. Detected 4 commuting layers. FIM=OFF
[Init] widest walk circuit 9q -> AerSimulator(statevector)
[Init] Legacy single-ancilla sensing active. ‖H‖_2 = 6.4641
[Init] Riemannian Engines Online. Detected 4 commuting layers. FIM=OFF
[Init] widest walk circuit 13q -> AerSimulator(statevector)
[Init] Legacy single-ancilla sensing active. ‖H‖_2 = 9.9743
[Init] Riemannian Engines Online. Detected 4 commuting layers. FIM=OFF
[Init] widest walk circuit 13q -> AerSimulator(statevector)
[Init] Legacy single-ancilla sensing active. ‖H‖_2 = 9.9743
  QLTO V2 (engine-grad)  = 30     mean normalised gap 0.0222
  -> QLTO V2 (engine-grad): 30

      QAOA=4 on H2 Molecule failed: QAOA not applicable: Hamiltonian has non-diagonal terms the X mixer does not represent (e.g. XX). Standard QAOA needs a Z-only cost plus a transverse field.
      QAOA=4 on H2 Molecule failed: QAOA not applicable: Hamiltonian has non-diagonal terms the X mixer does not represent (e.g. XX). Standard QAOA needs a Z-only cost plus a transverse field.
/home/poig/anaconda3/lib/python3.13/site-packages/scipy/sparse/linalg/_dsolve/linsolve.py:606: SparseEfficiencyWarning: splu converted its input to CSC format
  return splu(A).solve
/home/poig/anaconda3/lib/python3.13/site-packages/scipy/sparse/linalg/_matfuncs.py:707: SparseEfficiencyWarning: spsolve is more efficient when sparse b is in the CSC matrix format
  return spsolve(Q, P)
/home/poig/anaconda3/lib/python3.13/site-packages/scipy/sparse/_index.py:168: SparseEfficiencyWarning: Changing the sparsity structure of a csr_matrix is expensive. lil and dok are more efficient.
  self._set_intXint(row, col, x.flat[0])
      QAOA=4 on Heisenberg N=4 failed: QAOA not applicable: Hamiltonian has non-diagonal terms the X mixer does not represent (e.g. XXII). Standard QAOA needs a Z-only cost plus a transverse field.
      QAOA=4 on Heisenberg N=4 failed: QAOA not applicable: Hamiltonian has non-diagonal terms the X mixer does not represent (e.g. XXII). Standard QAOA needs a Z-only cost plus a transverse field.
      QAOA=4 on Heisenberg N=6 failed: QAOA not applicable: Hamiltonian has non-diagonal terms the X mixer does not represent (e.g. XXIIII). Standard QAOA needs a Z-only cost plus a transverse field.
      QAOA=4 on Heisenberg N=6 failed: QAOA not applicable: Hamiltonian has non-diagonal terms the X mixer does not represent (e.g. XXIIII). Standard QAOA needs a Z-only cost plus a transverse field.
  QAOA                   = 4      mean normalised gap 0.0800
      QAOA=6 on H2 Molecule failed: QAOA not applicable: Hamiltonian has non-diagonal terms the X mixer does not represent (e.g. XX). Standard QAOA needs a Z-only cost plus a transverse field.
      QAOA=6 on H2 Molecule failed: QAOA not applicable: Hamiltonian has non-diagonal terms the X mixer does not represent (e.g. XX). Standard QAOA needs a Z-only cost plus a transverse field.
      QAOA=6 on Heisenberg N=4 failed: QAOA not applicable: Hamiltonian has non-diagonal terms the X mixer does not represent (e.g. XXII). Standard QAOA needs a Z-only cost plus a transverse field.
      QAOA=6 on Heisenberg N=4 failed: QAOA not applicable: Hamiltonian has non-diagonal terms the X mixer does not represent (e.g. XXII). Standard QAOA needs a Z-only cost plus a transverse field.
      QAOA=6 on Heisenberg N=6 failed: QAOA not applicable: Hamiltonian has non-diagonal terms the X mixer does not represent (e.g. XXIIII). Standard QAOA needs a Z-only cost plus a transverse field.
      QAOA=6 on Heisenberg N=6 failed: QAOA not applicable: Hamiltonian has non-diagonal terms the X mixer does not represent (e.g. XXIIII). Standard QAOA needs a Z-only cost plus a transverse field.
  QAOA                   = 6      mean normalised gap 0.0824
      QAOA=8 on H2 Molecule failed: QAOA not applicable: Hamiltonian has non-diagonal terms the X mixer does not represent (e.g. XX). Standard QAOA needs a Z-only cost plus a transverse field.
      QAOA=8 on H2 Molecule failed: QAOA not applicable: Hamiltonian has non-diagonal terms the X mixer does not represent (e.g. XX). Standard QAOA needs a Z-only cost plus a transverse field.
      QAOA=8 on Heisenberg N=4 failed: QAOA not applicable: Hamiltonian has non-diagonal terms the X mixer does not represent (e.g. XXII). Standard QAOA needs a Z-only cost plus a transverse field.
      QAOA=8 on Heisenberg N=4 failed: QAOA not applicable: Hamiltonian has non-diagonal terms the X mixer does not represent (e.g. XXII). Standard QAOA needs a Z-only cost plus a transverse field.
      QAOA=8 on Heisenberg N=6 failed: QAOA not applicable: Hamiltonian has non-diagonal terms the X mixer does not represent (e.g. XXIIII). Standard QAOA needs a Z-only cost plus a transverse field.
      QAOA=8 on Heisenberg N=6 failed: QAOA not applicable: Hamiltonian has non-diagonal terms the X mixer does not represent (e.g. XXIIII). Standard QAOA needs a Z-only cost plus a transverse field.
  QAOA                   = 8      mean normalised gap 0.0914
  -> QAOA: 4

  Correct QNG            = 0.1    mean normalised gap 0.0871
  Correct QNG            = 0.3    mean normalised gap 0.0299
  Correct QNG            = 0.5    mean normalised gap 0.0578
  -> Correct QNG: 0.3

  AdamW                  = 0.1    mean normalised gap 0.0463
  AdamW                  = 0.3    mean normalised gap 0.0333
  AdamW                  = 0.5    mean normalised gap 0.0306
  -> AdamW: 0.5

  SPSA                   = 0.5    mean normalised gap 0.0583
  SPSA                   = 1.0    mean normalised gap 0.1311
  SPSA                   = 2.0    mean normalised gap 0.1563
  -> SPSA: 0.5

TUNED = {
    'QLTO V3 QPE (k=4)': 15,
    'QLTO V3 (Hadamard)': 20,
    'QLTO V2 (engine-grad)': 30,
    'QAOA': 4,
    'Correct QNG': 0.3,
    'AdamW': 0.5,
    'SPSA': 0.5,
}
