===============================================================================
F1. Hadamard: Trotter reps at FIXED tau (tau=0.1057)
===============================================================================
            knob      blk0 Y      blk1 Z      blk2 Y      blk3 Z
  --------------------------------------------------------------
      lie reps=1       0.934       1.616       0.791       1.349
      lie reps=2       0.949       1.220       0.876       1.132
      lie reps=4       0.935       1.071       0.863       1.065
      lie reps=8       0.950       1.053       0.836       1.017
     lie reps=16       0.942       1.009       0.876       0.967
     suzuki4 r=4       0.939       0.803       0.877       0.986
   (-> 1 means Trotter error; flat means the sin() nonlinearity)

===============================================================================
F2. QPE k=4: Trotter reps multiplier at FIXED tau0 (0.2430)
===============================================================================
            knob      blk0 Y      blk1 Z      blk2 Y      blk3 Z
  --------------------------------------------------------------
/home/poig/project/self-research/Quantum_AI/QLTO/Application/anomaly_f.py:99: DeprecationWarning: The class ``qiskit.circuit.library.basis_change.qft.QFT`` is deprecated as of Qiskit 2.1. It will be removed in Qiskit 3.0. ('Use qiskit.circuit.library.QFTGate or qiskit.synthesis.qft.synth_qft_full instead, for access to all previous arguments.',)
  qc.append(QFT(num_qubits=k, inverse=True, do_swaps=True), anc)
         reps x1       0.969       2.121       0.826       1.728
         reps x2       0.988       1.631       0.896       1.395
         reps x4       0.990       1.294       0.922       1.200
         reps x8       0.991       1.119       0.968       1.071
   (QPE decodes energy directly, so NO sin() term - if this converges to
    1 the whole bias was Trotter, and V3's sensing is exact in principle)
