===============================================================================
C. noise floor or bias?  ratio = ||g_sens|| / ||g_smeared||
===============================================================================

  --- Hadamard ---
     shots      blk 0 (|g|=2.55)      blk 1 (|g|=0.25)      blk 2 (|g|=0.51)      blk 3 (|g|=0.36)
  ------------------------------------------------------------------------------------------------
      4096          0.949+-0.061          1.633+-0.375          1.325+-0.478          1.596+-0.434
     16384          0.947+-0.058          1.361+-0.331          0.763+-0.302          1.231+-0.344
     65536          0.958+-0.013          1.391+-0.290          0.791+-0.082          1.069+-0.126
    262144          0.942+-0.014          1.254+-0.063          0.809+-0.060          1.129+-0.078
   1048576          0.949+-0.006          1.237+-0.051          0.831+-0.022          1.136+-0.025
   (mean -> 1.0 and std -> 0 as shots grow  =>  noise floor, not bias)

  --- QPE k=4 ---
     shots      blk 0 (|g|=2.55)      blk 1 (|g|=0.25)      blk 2 (|g|=0.51)      blk 3 (|g|=0.36)
  ------------------------------------------------------------------------------------------------
      4096          0.981+-0.043          2.052+-0.255          0.811+-0.117          1.762+-0.268
     16384          0.969+-0.021          2.126+-0.138          0.886+-0.083          1.683+-0.084
     65536          0.964+-0.007          2.148+-0.087          0.825+-0.028          1.666+-0.070
    262144          0.967+-0.005          2.111+-0.054          0.825+-0.018          1.716+-0.013
   1048576          0.967+-0.002          2.139+-0.014          0.830+-0.010          1.750+-0.015
   (mean -> 1.0 and std -> 0 as shots grow  =>  noise floor, not bias)

===============================================================================
D. W-dagger depth saving vs walk length
===============================================================================

   k_steps  depth W+Wd  depth noWd  depth saved  gates W+Wd  gates noWd  gates saved
  ----------------------------------------------------------------------------------
         1          50          50           0%          98          79          19%
         2          58          58           0%         106          87          18%
         4          74          74           0%         122         103          16%
         8         106         106           0%         154         135          12%
        15         162         162           0%         210         191           9%
        30         282         282           0%         330         311           6%
