Heisenberg N=4, M=16 params | exact -6.4641 | reps=1 ceiling -6.1231 | 15 epochs, 2 seeds
layered searches 4 params/walk, global searches 16

=== layered ===
     k    E_best     std   E_final  circ/ep  depth   activ  entropy     time
  --------------------------------------------------------------------------
[V3] 4 commuting blocks [4, 4, 4, 4] | range(H)=9.4641 identity=+0.0000 tau=0.1057 | layered 9q statevector, global 21q (fits) | no gradient engine
[V3] 4 commuting blocks [4, 4, 4, 4] | range(H)=9.4641 identity=+0.0000 tau=0.1057 | layered 9q statevector, global 21q (fits) | no gradient engine
    15   -5.8709  0.0478   -5.8582      9.0    164   48.5%    0.850      29s

=== global ===
     k    E_best     std   E_final  circ/ep  depth   activ  entropy     time
  --------------------------------------------------------------------------
[V3] 4 commuting blocks [4, 4, 4, 4] | range(H)=9.4641 identity=+0.0000 tau=0.1057 | layered 9q statevector, global 21q (fits) | no gradient engine
[V3] 4 commuting blocks [4, 4, 4, 4] | range(H)=9.4641 identity=+0.0000 tau=0.1057 | layered 9q statevector, global 21q (fits) | no gradient engine
     5   -5.2932  0.6809   -5.2932      3.0    214   50.0%    0.970      33s
[V3] 4 commuting blocks [4, 4, 4, 4] | range(H)=9.4641 identity=+0.0000 tau=0.1057 | layered 9q statevector, global 21q (fits) | no gradient engine
[V3] 4 commuting blocks [4, 4, 4, 4] | range(H)=9.4641 identity=+0.0000 tau=0.1057 | layered 9q statevector, global 21q (fits) | no gradient engine
    10   -5.8336  0.0425   -5.7831      3.0    374   49.8%    0.892      73s
[V3] 4 commuting blocks [4, 4, 4, 4] | range(H)=9.4641 identity=+0.0000 tau=0.1057 | layered 9q statevector, global 21q (fits) | no gradient engine
[V3] 4 commuting blocks [4, 4, 4, 4] | range(H)=9.4641 identity=+0.0000 tau=0.1057 | layered 9q statevector, global 21q (fits) | no gradient engine
    20   -5.5866  0.3436   -5.5699      3.0    694   49.8%    0.834      94s
[V3] 4 commuting blocks [4, 4, 4, 4] | range(H)=9.4641 identity=+0.0000 tau=0.1057 | layered 9q statevector, global 21q (fits) | no gradient engine
[V3] 4 commuting blocks [4, 4, 4, 4] | range(H)=9.4641 identity=+0.0000 tau=0.1057 | layered 9q statevector, global 21q (fits) | no gradient engine
    40   -5.2382  0.6831   -5.2363      3.0   1334   50.0%    0.807     183s
