==========================================================================
v101  TWIRL-DESIGN CALIBRATION - O(1) circuits, no model, no Trotter
==========================================================================

FULL RANK IS STRUCTURAL: rank = number of distinct symplectic vectors
     N      M  2N qubits     rank  distinct symp
  ------------------------------------------------
     3      9          6        9              9
     4     13          8       13             13
     5     17         10       17             17
     6     21         12       21             21
     7     25         14       25             25

DIRECT READOUT, N=4 crosstalk, M=13  (exact amplitudes, no shots)
       T   probes    max rel err   mean rel err
  ----------------------------------------------
    0.10        1         1.0000         0.7696
    0.10        4         0.0018         0.0013
    0.20        1         1.0000         0.7706
    0.20        4         0.0073         0.0052
    0.50        1         1.0000         0.7775
    0.50        4         0.0444         0.0321

  1 probe is |+..+>: it sees only 3 of 13 terms and the other 10 are
  estimated as zero, hence rel err 1.0. 4 random probes cover all 13.

  CIRCUIT COUNT: one per probe, independent of M.
  Register 2N qubits, 4N controlled Cliffords, 1 device evolution.
