========================================================================================================
v108  THE TWO CAVEATS, ON REAL CIRCUITS
========================================================================================================
  Heisenberg N=4, efficient_su2 reps=[1, 2, 3, 4], matched TOTAL shots = 131072 per gradient,
  20 repeats per point. TIER A except g_exact, which is the dense reference.

  WHICH REGIME IS THE REAL LANDSCAPE IN?
     M    |grad E|   mean|g_i|    per-component magnitude vs M
  ------------------------------------------------------------------------
     16     2.9598     0.63649
     24     2.9973     0.53891
     32     3.5143     0.47257
     40     3.1817     0.40106

   |grad E| ~ M^0.130      mean|g_i| ~ M^-0.491
   v82's 'total norm fixed' predicts  0.0 and -0.5;
   v82's 'per-component fixed' predicts  +0.5 and 0.0.

========================================================================================================
THE ESTIMATORS, at matched total shots
========================================================================================================
     M   method     circuits  shots/circ    tr(Cov)      bias^2         MSE      cos
  ------------------------------------------------------------------------------------------------
     16   V6             3       43690   6.1662e-02  1.8248e-01  2.4414e-01   0.9986
     16   p-shift       96        1365   3.0650e-02  1.5739e-03  3.2224e-02   0.9999

     24   V6             3       43690   1.8040e-01  2.5951e-01  4.3991e-01   0.9943
