====================================================================================================
v110  DOES THE SHOT DEFICIT CLOSE WITH M?
====================================================================================================
  Heisenberg N=4, M grown by ansatz reps at fixed N, 10 repeats.
  R given its best of [0.45, 0.6] at every point - favours V6, and is stated.
  TIER A except the exact-gradient reference.

   total shots     M   PS circuits   PS cos     V6 cos (R)     gap (PS-V6)
  ----------------------------------------------------------------------------------------
        16384    16         96      0.99158    0.97260 (0.60)     +0.01898   [20s]
        16384    32        192      0.97834    0.95309 (0.60)     +0.02525   [24s]
        16384    64        384      0.83337    0.68891 (0.60)     +0.14445   [43s]

       262144    16         96      0.99934    0.99574 (0.45)     +0.00360   [29s]
       262144    32        192      0.99862    0.99382 (0.45)     +0.00480   [36s]
       262144    64        384      0.98834    0.95376 (0.45)     +0.03458   [60s]

====================================================================================================
READING IT
====================================================================================================
   the PS-minus-V6 cos gap, as M grows at fixed budget:

      budget        M=16       M=32       M=64      trend
   ------------------------------------------------------------------------
        16384   +0.01898   +0.02525   +0.14445    flat or grows
       262144   +0.00360   +0.00480   +0.03458    flat or grows

  A gap that SHRINKS means v82's M-scaling is real on circuits and the
  caveat is an M=16 artefact - 'the advantage is circuits, not shots' would
  then need 'at small M' attached to it, and the crossover located.

  A gap that is FLAT or GROWS means V6's R-bias, which does not fall with
  M, outruns parameter-shift's growing per-component variance over this
  range - and the caveat stands as written, now on tier-A evidence rather
  than v82's synthetic model.

  Either way the bias is the term to attack, since it is what v108 measured
  dominating V6's error (bias^2 1.82e-1 against tr(Cov) 6.17e-2 at M=16).

  Scope: one N, one theta, one problem family, 10 repeats, two budgets,
  three M. Depth grows with reps, so the M axis is not perfectly clean -
  a deeper ansatz is also a harder landscape.
