================================================================================================
v114  BAND-LIMITED DERIVATIVE KERNEL - BUILD AND VERIFY
================================================================================================
  TIER C BY DESIGN: a classical numerical object checked against exact
  references. No circuit, no shots, no accuracy claim rests on it.

  Lambda = 1.00, kernel support |w| <= 4L = 4.0, ||L_ker||_1 = 3.271305

================================================================================================
CHECK 1  Fourier inversion:  int L_ker(t) e^{i w0 t} dt  =  psi(-w0) = +i w0 chi(w0/2L)
================================================================================================
     w0      Re(measured)   Im(measured)     Im(expected)      abs err
  ----------------------------------------------------------------------------
    0.30    +2.220446e-16   +3.000000e-01    +3.000000e-01     2.48e-08
    0.80    +0.000000e+00   +8.000000e-01    +8.000000e-01     3.79e-08
    1.50    +1.110223e-16   +1.500000e+00    +1.500000e+00     1.39e-08
    1.90    -4.440892e-16   +1.900000e+00    +1.900000e+00     6.81e-08
   PASS

================================================================================================
CHECK 2  derivative extraction on band-limited test functions
================================================================================================
  f(t) = sum_k a_k sin(w_k t) with all |w_k| <= 2L, so f'(0) = sum a_k w_k.

      case          int L_ker f dt        f'(0) exact         abs err
  ----------------------------------------------------------------------------
   1-tone          +0.69999996          +0.70000000        3.92e-08
   2-tone          -0.38000004          -0.38000000        3.64e-08
   3-tone          +0.74999997          +0.75000000        2.92e-08
   PASS

================================================================================================
CHECK 3  the discretisation identity, and that it FAILS above the threshold
================================================================================================
  t0 < pi/(6L) = 0.523599 must give t0 sum_m L_ker(m t0) f(m t0) = int L_ker f dt.
  A grid that is too COARSE must break it - otherwise the agreement below
  the threshold is not evidence the band limit is being respected.

      t0        t0/(pi/6L)     discrete sum       exact         abs err   verdict
  ------------------------------------------------------------------------------------
    0.15708       0.30      -0.38000001     -0.38000000     5.37e-09   holds
    0.31416       0.60      -0.38000001     -0.38000000     5.10e-09   holds
    0.47124       0.90      -0.38000000     -0.38000000     4.65e-09   holds
    0.78540       1.50      -0.38000000     -0.38000000     2.92e-09   holds
    1.57080       3.00      +0.39978348     -0.38000000     7.80e-01   BREAKS
    3.14159       6.00      +1.01624682     -0.38000000     1.40e+00   BREAKS

   below-threshold rows must all hold: PASS

================================================================================================
CHECK 4  the real correlation function, N=3 crosstalk
================================================================================================
  ||H||_2 = 0.830259. Rebuilding the kernel at this Lambda.
  ||L_ker||_1 = 2.716030, grid threshold pi/(6L) = 0.630645

      quantity                      value
  ------------------------------------------------------------
   F'(0) by central difference    -0.23653645
   int L_ker(t) F(t) dt           -0.23653644
   abs err                         9.475e-09

   PASS

================================================================================================
VERDICT
================================================================================================
   CHECK 1 Fourier inversion      pass
   CHECK 2 derivative extraction  pass
   CHECK 3 discretisation         pass
   CHECK 4 real correlation       pass

   The kernel is correct as built, and the discrete grid identity holds
   below pi/(6L) and breaks above it - so the band limit is real and not
   a coincidence of the test function. It is safe to sample tau ~ p and
   weight by ||L||_1 sign(L(tau)) inside twirl_cal, which is the next step:
   the fixed-T bias floor should vanish, and because the O(T^2) term is
   excluded by construction rather than by design resolution, the degree-2
   aliasing of v106 should go with it.

  Scope: numerical quadrature on a finite t-window (60/Lambda), trapezoid rule,
  one cutoff realisation. The constants C_0 and gamma_1 of their Appendix C are
  NOT reproduced here - only the kernel and the grid identity, which are what
  the twirl construction needs.
