====================================================================================================
v121  WEIGHTED DATA REGISTER:  does it recover the MSE gradient?
====================================================================================================
  N_sys=4, M=16, |D|=4 samples on 2 register qubits, MSE loss.
  labels y = [-1 -1 -1  1]
  TIER B: exact amplitudes. This asks whether the ESTIMAND is the right
  vector, not what it costs. Shots come next if it is.

  UNIFORM register  -> grad of mean_x f_x            (v74's, label-blind)
  WEIGHTED register -> grad of sum_x p_x f_x, p ~ |w| (signs split)

   epoch      MSE     cos(uniform, true)   cos(weighted, true)   |g_true|
  ------------------------------------------------------------------------------------
       0   2.58413        +0.9367              +1.0000          1.0635
       3   1.09097        +0.3359              +1.0000          0.6851
       6   0.46291        +0.8180              +1.0000          0.4467
       9   0.32940        -0.9770              +1.0000          0.2250
      11   0.31735        -0.9602              +1.0000          0.2052

   mean over 12 epochs:   uniform +0.3294     weighted +1.0000

====================================================================================================
READING IT
====================================================================================================
  cos = 1.0000 AT EVERY EPOCH IS A TAUTOLOGY, NOT A MEASUREMENT, and it
  should be read that way. The weighted estimator as written is

     g_w = (2/S)[ sum_{w>0}|w_x| g_x  -  sum_{w<0}|w_x| g_x ]
         = (2/S) sum_x w_x g_x  =  g_true

  because the Z normalisation cancels against the branch weight. So this
  file verified its own algebra. That is worth something and it is worth
  exactly one thing: it identifies the CORRECT ESTIMAND and confirms that
  v74's part 2 failure was the UNIFORM register being the wrong object,
  not the data axis being shut.

  WHAT IS GENUINELY NEW HERE is the uniform column. v74 saw four points;
  over 12 epochs the surrogate's cosine does not merely sit low, it SWINGS
  IN SIGN - +0.9367, +0.3359, +0.8180, -0.9770, -0.9602. A direction that
  reverses against the true gradient mid-descent is worse than a weak one,
  and it explains why v74's trajectory numbers looked erratic.

  WHAT IS NOT SHOWN, and none of it is minor:
    1. that a CIRCUIT with amplitudes sqrt(p_x) yields sum_x p_x f_x - the
       algebra assumes the trace-out identity v74 verified for the UNIFORM
       register, and re-verifying it for a non-uniform one is a build
    2. the gate cost of preparing arbitrary amplitudes on the register
    3. shot noise on Z+ and Z-, which are sums over all |w_x| and are
       themselves estimated from the register-measured circuit
    4. that measuring the register for all f_x splits the budget |D| ways,
       so each f_x gets S/|D| shots - the same shots |D| separate
       evaluations would cost. Circuit saving, not shot saving, which is
       the trade this project keeps making.

  So the data axis is OPEN rather than solved, and the next file is the
  tier-A build with shots, not another exact-amplitude check.

  Scope: |D|=4, N_sys=4, one dataset draw, exact amplitudes, no shots, no
  circuit. The weighted state preparation is assumed exact here; its own gate
  cost - arbitrary amplitudes on 2 register qubits - is not counted.
