====================================================================================================
v128  DOES THE SHIFTED ESTIMATOR SURVIVE SHOT NOISE?
====================================================================================================
  v127 gave the shifted amplitude a flat bond dimension. This asks whether
  the estimator built on it is usable, which v127 did not test. TIER A -
  32768 shots per circuit, matched budgets, both methods cost 3 circuits.

----------------------------------------------------------------------------------------------------
d = 4   |D| = 16
----------------------------------------------------------------------------------------------------
      method           cos(mean)   cos(min)    kappa     |W|/cD   circuits
   ----------------------------------------------------------------------------------
      sign-split       +0.9915     +0.9609       -         -         2
      shifted g=1.05    +0.9378     +0.8367       10.4   0.3545       3
      shifted g=1.20    +0.9205     +0.7662       11.5   0.3102       3
      shifted g=1.50    +0.8856     +0.7212       14.3   0.2481       3
      shifted g=2.00    +0.8269     +0.6424       17.1   0.1861       3
      shifted g=4.00    +0.5680     +0.2188       23.5   0.0930       3
      shifted g=8.00    +0.3373     +0.1084       27.4   0.0465       3

----------------------------------------------------------------------------------------------------
d = 6   |D| = 64
----------------------------------------------------------------------------------------------------
      method           cos(mean)   cos(min)    kappa     |W|/cD   circuits
   ----------------------------------------------------------------------------------
      sign-split       +0.9554     +0.3297       -         -         3
      shifted g=1.05    +0.8673     +0.2001       12.7   0.3095       3
      shifted g=1.20    +0.8610     +0.2072       14.7   0.2709       3
      shifted g=1.50    +0.8464     +0.3647       17.1   0.2167       3
      shifted g=2.00    +0.7949     +0.3087       19.4   0.1625       3
      shifted g=4.00    +0.5278     -0.1740       27.6   0.0813       3
      shifted g=8.00    +0.2905     -0.4382       33.1   0.0406       3

----------------------------------------------------------------------------------------------------
d = 8   |D| = 256
----------------------------------------------------------------------------------------------------
      method           cos(mean)   cos(min)    kappa     |W|/cD   circuits
   ----------------------------------------------------------------------------------
      sign-split       +0.9877     +0.9171       -         -         3
      shifted g=1.05    +0.8825     +0.4826       15.2   0.2031       3
      shifted g=1.20    +0.8470     +0.4623       16.3   0.1777       3
      shifted g=1.50    +0.8116     +0.3551       20.6   0.1422       3
      shifted g=2.00    +0.7187     -0.2496       21.3   0.1066       3
      shifted g=4.00    +0.5041     -0.2796       29.4   0.0533       3
      shifted g=8.00    +0.3484     -0.3286       32.3   0.0267       3

====================================================================================================
READING IT
====================================================================================================
  BEST SHIFTED gamma PER SIZE, against the sign-split baseline:

      d    sign-split    best shifted   at gamma   kappa    verdict
   ------------------------------------------------------------------------------
      4      +0.9915       +0.9378       1.05      10.4   WORSE
      6      +0.9554       +0.8673       1.05      12.7   WORSE
      8      +0.9877       +0.8825       1.05      15.2   WORSE

  THE TRADEOFF IS VISIBLE IN THE gamma SWEEP. Larger gamma means a smoother
  amplitude - v127's low chi - and a larger c*D against the same target, so
  worse conditioning. At d=8 the cos column across gamma = 1.05, 1.20, 1.50, 2.00, 4.00, 8.00 is
      +0.883  +0.847  +0.812  +0.719  +0.504  +0.348
  and kappa is
      15  16  21  21  29  32

  NO gamma WORKS. The shifted estimator is worse than the sign-split at
  every gamma tested, so v127's low bond dimension is bought with
  variance the estimator cannot afford. The conditioning objection is
  CORRECT and the shifted route is closed on statistical grounds even
  though it is open on structural ones. Record both - the structural
  result stands and is simply not usable through this estimator.

  SCOPE. N_sys=3, d <= 8, realizable labels, efficient_su2 reps=1, 32768
  shots, 3 seeds, 6 epochs, no noise model, no hardware. Both arms step
  with the EXACT gradient so the trajectory is identical and only the
  estimator differs. No MPS truncation anywhere here - this measures the
  shifted estimator at FULL prep, isolating conditioning from truncation.
