====================================================================================================
v129  qlto_qml vs SPSA:  the baseline that was never run
====================================================================================================
  Every circuit-count claim in this line is against parameter-shift
  (2M|D| = 384 vs 3). SPSA costs TWO circuits per epoch, flat in M and in
  |D| - FEWER than qlto_qml's three. So the case cannot rest on circuit
  count against the real baseline; it has to rest on quality per shot.

  TIER A. Matched total budget 49152 shots/epoch: qlto_qml 3 circuits at
  16384 each, SPSA 2 at 24576 each. Both drive their OWN descent.

----------------------------------------------------------------------------------------------------
d = 3   |D| = 8   M = 12
----------------------------------------------------------------------------------------------------
      optimiser   circuits   MSE start   MSE end    best MSE   mean cos
   ------------------------------------------------------------------------------------
      qlto_qml       3        0.34976    0.01037    0.00262    +0.9849
      SPSA           2        0.34976    0.00479    0.00362    +0.2665

      epoch:          0       5      10      20      29
      qlto :     0.3498  0.0772  0.0164  0.0136  0.0104
      spsa :     0.3498  0.1032  0.0213  0.0287  0.0048

----------------------------------------------------------------------------------------------------
d = 4   |D| = 16   M = 12
----------------------------------------------------------------------------------------------------
