================================================================================================
GRADIENT QUALITY vs COST — QLTO oracle against sampled parameter-shift
================================================================================================
  metric: cos(g_hat, grad E) against the exact gradient, 5 repeats, R=0.6

  ===== H2 | M=8 | blocks=4 | G=2 | ||H0||=0.83 =====
  method               circuits     shots      cos  rel err
  ---------------------------------------------------------
  QLTO S=256                  4      1024   0.9458    0.334
  QLTO S=1024                 4      4096   0.9625    0.287
  QLTO S=4096                 4     16384   0.9726    0.242
  QLTO S=16384                4     65536   0.9768    0.228
  QLTO S=65536                4    262144   0.9762    0.233
  p-shift S=16               32       512   0.9041    0.475
  p-shift S=64               32      2048   0.9733    0.229
  p-shift S=256              32      8192   0.9939    0.112
  p-shift S=1024             32     32768   0.9980    0.064
  p-shift S=4096             32    131072   0.9996    0.030

  ===== MaxCut N=4 | M=16 | blocks=4 | G=1 | ||H0||=1.62 =====
  method               circuits     shots      cos  rel err
  ---------------------------------------------------------
  QLTO S=256                  4      1024   0.8459    0.553
  QLTO S=1024                 4      4096   0.9493    0.323
  QLTO S=4096                 4     16384   0.9696    0.281
  QLTO S=16384                4     65536   0.9778    0.257
  QLTO S=65536                4    262144   0.9785    0.245
  p-shift S=16               32       512   0.7563    0.846
  p-shift S=64               32      2048   0.9392    0.356
  p-shift S=256              32      8192   0.9803    0.204
  p-shift S=1024             32     32768   0.9960    0.090
  p-shift S=4096             32    131072   0.9989    0.048

  ===== Heisenberg N=4 | M=16 | blocks=4 | G=3 | ||H0||=6.46 =====
  method               circuits     shots      cos  rel err
  ---------------------------------------------------------
  QLTO S=256                  4      1024   0.8447    0.534
  QLTO S=1024                 4      4096   0.9559    0.339
  QLTO S=4096                 4     16384   0.9846    0.270
  QLTO S=16384                4     65536   0.9908    0.268
  QLTO S=65536                4    262144   0.9934    0.256
  p-shift S=16               96      1536   0.8562    0.663
  p-shift S=64               96      6144   0.9602    0.310
  p-shift S=256              96     24576   0.9874    0.161
  p-shift S=1024             96     98304   0.9979    0.067
  p-shift S=4096             96    393216   0.9990    0.045

  ===== Heisenberg N=6 | M=24 | blocks=4 | G=3 | ||H0||=9.97 =====
  method               circuits     shots      cos  rel err
  ---------------------------------------------------------
  QLTO S=256                  4      1024   0.7672    0.728
  QLTO S=1024                 4      4096   0.8957    0.445
  QLTO S=4096                 4     16384   0.9678    0.313
  QLTO S=16384                4     65536   0.9860    0.285
  QLTO S=65536                4    262144   0.9919    0.272
  p-shift S=16              144      2304   0.6631    1.087
  p-shift S=64              144      9216   0.9053    0.531
  p-shift S=256             144     36864   0.9544    0.311
  p-shift S=1024            144    147456   0.9918    0.128
