====================================================================================================
HARDWARE CURRENCY PER GRADIENT — circuits, depth, two-qubit gates
====================================================================================================
  basis ['rz', 'sx', 'x', 'cx'], opt level 1, 1024 shots per circuit

  ===== H2 | M=8 | G=2 | qubits 2 =====
  method             circuits  depth/circ  cx/circ   TOTAL cx  TOTAL depth
  --------------------------------------------------------------------------
  parameter-shift          32          10        1         32          320
  QLTO                      4         614      323       1292         2456
  QLTO / p-shift        0.125        61.4    323.0      40.38         7.67

  ===== MaxCut N=4 | M=16 | G=1 | qubits 4 =====
  method             circuits  depth/circ  cx/circ   TOTAL cx  TOTAL depth
  --------------------------------------------------------------------------
  parameter-shift          32          12        3         96          384
  QLTO                      4         223      159        636          892
  QLTO / p-shift        0.125        18.6     53.0       6.62         2.32

  ===== Heisenberg N=4 | M=16 | G=3 | qubits 4 =====
  method             circuits  depth/circ  cx/circ   TOTAL cx  TOTAL depth
  --------------------------------------------------------------------------
  parameter-shift          96          12        3        288         1152
  QLTO                      4        1160      559       2236         4641
  QLTO / p-shift        0.042        96.7    186.3       7.76         4.03

  ===== Heisenberg N=6 | M=24 | G=3 | qubits 6 =====
  method             circuits  depth/circ  cx/circ   TOTAL cx  TOTAL depth
  --------------------------------------------------------------------------
  parameter-shift         144          14        5        720         2016
  QLTO                      4        1976      949       3796         7905
  QLTO / p-shift        0.028       141.2    189.8       5.27         3.92

  circuits < 1 is the win. TOTAL cx and TOTAL depth > 1 are the price.
  depth/circ is the hard constraint: it must fit inside T2 regardless of
  how favourable the totals look.
