============================================================================================
DEPTH vs ANCILLA COUNT — where QLTO's circuit depth comes from
============================================================================================

  ===== H2 | M=8 | G=2 | p-shift: 32 circuits, depth 10, 1 cx =====
  k     circuits   depth     cx  x p-shift depth  TOTAL cx  x p-shift cx
  ----------------------------------------------------------------------
  1            4      64     29              6.4       116          3.62
  2            4     142     70             14.2       280          8.75
  3            4     302    154             30.2       616         19.25
  4            4     614    323             61.4      1292         40.38

  ===== MaxCut N=4 | M=16 | G=1 | p-shift: 32 circuits, depth 12, 3 cx =====
  k     circuits   depth     cx  x p-shift depth  TOTAL cx  x p-shift cx
  ----------------------------------------------------------------------
  1            4      49     35              4.1       140          1.46
  2            4      75     50              6.2       200          2.08
  3            4     127     86             10.6       344          3.58
  4            4     223    159             18.6       636          6.62

  ===== Heisenberg N=4 | M=16 | G=3 | p-shift: 96 circuits, depth 12, 3 cx =====
  k     circuits   depth     cx  x p-shift depth  TOTAL cx  x p-shift cx
  ----------------------------------------------------------------------
  1            4     173     83             14.4       332          1.15
  2            4     310    150             25.9       600          2.08
  3            4     596    286             49.7      1144          3.97
  4            4    1160    559             96.7      2236          7.76

  Depth should roughly double per ancilla: the controlled-U^(2^a) ladder
  costs (2^k - 1)*tau0 of evolution. If k=1 lands within ~5x of
  parameter-shift, the NISQ-viable setting exists and the k=4 default is
  buying accuracy with coherence.
