==================================================================================================
V4 DIRECT READOUT — does the circuit-count win survive without QPE?
==================================================================================================
  R=0.6, 4096 shots/circuit, 5 repeats. QPE numbers are k=4, the shipping default.

  ===== H2 | M=8 | G=2 | qubits 2 =====
  method               circuits   depth  total cx      cos   x PS cx
  ------------------------------------------------------------------
  parameter-shift            32      10        32   1.0000      1.00
  QLTO V3 (QPE k=4)           4     614      1292   0.9812     40.38
  QLTO V4 (direct)            8      17        40   0.9939      1.25
    V4 norm ratio |g|/|gx| = 0.8644   (sinc(R) = 0.9411 is the predicted attenuation)

  ===== MaxCut N=4 | M=16 | G=1 | qubits 4 =====
  method               circuits   depth  total cx      cos   x PS cx
  ------------------------------------------------------------------
  parameter-shift            32      12        96   1.0000      1.00
  QLTO V3 (QPE k=4)           4     223       636   0.9683      6.62
  QLTO V4 (direct)            4      19        44   0.9743      0.46
    V4 norm ratio |g|/|gx| = 0.8810   (sinc(R) = 0.9411 is the predicted attenuation)

  ===== Heisenberg N=4 | M=16 | G=3 | qubits 4 =====
  method               circuits   depth  total cx      cos   x PS cx
  ------------------------------------------------------------------
  parameter-shift            96      12       288   1.0000      1.00
  QLTO V3 (QPE k=4)           4    1160      2236   0.9844      7.76
  QLTO V4 (direct)           12      19       132   0.9906      0.46
    V4 norm ratio |g|/|gx| = 0.8148   (sinc(R) = 0.9411 is the predicted attenuation)

  ===== Heisenberg N=6 | M=24 | G=3 | qubits 6 =====
  method               circuits   depth  total cx      cos   x PS cx
  ------------------------------------------------------------------
  parameter-shift           144      14       720   1.0000      1.00
  QLTO V3 (QPE k=4)           4    1976      3796   0.9722      5.27
  QLTO V4 (direct)           12      21       204   0.9745      0.28
    V4 norm ratio |g|/|gx| = 0.7879   (sinc(R) = 0.9411 is the predicted attenuation)

  The test: does V4 keep circuits << parameter-shift while bringing total
  cx BELOW 1.0x and depth back to a small multiple of the ansatz? If so the
  QPE ladder was a cost with no matching benefit at these G, and V4 is the
  version of this method that can actually run on hardware.
========================================================================================================
COMPLEXITY GROWTH — Heisenberg chain, N = 4, 6, 8, 10
========================================================================================================

  ===== N=4 | M=16 | G=3 | H terms=9 | blocks=4 =====
  method               circuits   depth  total 2q  build ms
  ---------------------------------------------------------
  parameter-shift            96      12       288     487.2
  QLTO V3 (QPE)               8    1160      4472     126.1
  QLTO V4 (direct)           16      19       132     175.1

  ===== N=6 | M=24 | G=3 | H terms=15 | blocks=4 =====
  method               circuits   depth  total 2q  build ms
  ---------------------------------------------------------
  parameter-shift           144      14       720     826.1
  QLTO V3 (QPE)               8    1976      7592     307.7
  QLTO V4 (direct)           16      21       204     246.7

  ===== N=8 | M=32 | G=3 | H terms=21 | blocks=4 =====
  method               circuits   depth  total 2q  build ms
  ---------------------------------------------------------
  parameter-shift           192      16      1344    1468.3
  QLTO V3 (QPE)               8    2792     10712     177.9
  QLTO V4 (direct)           16      23       276     213.9

  ===== N=10 | M=40 | G=3 | H terms=27 | blocks=4 =====
  method               circuits   depth  total 2q  build ms
  ---------------------------------------------------------
  parameter-shift           240      18      2160    1450.7
  QLTO V4 (direct)           16      25       348     329.3

========================================================================================================
GROWTH EXPONENTS   cost ~ N^alpha   (smaller wins asymptotically)
========================================================================================================
  method                  circuits     depth    total 2q    build ms
  ------------------------------------------------------------------
  parameter-shift             1.00      0.44        2.20        1.29
  QLTO V3 (QPE)              -0.00      1.27        1.26        0.61
  QLTO V4 (direct)           -0.00      0.29        1.06        0.56

  Heisenberg holds G=3 at every N, so this sweep CANNOT separate QPE's
  G-independence from V4's G-linearity. That takes a family whose group
  count grows:
    H2     2 qubits,    5 terms -> G =   2   parameter-shift    32 circuits, V4   12, V3   8
    LiH    4 qubits,   15 terms -> G =   3   parameter-shift    96 circuits, V4   16, V3   8
