================================================================================================
ANCILLA RESET — does it remove the walk's aliasing? Heisenberg N=4, exact -6.4641
================================================================================================
  Predicted accumulated drift angle = g * 23.9;  first wrap at |g| = 0.131
  dt=0.5, k_steps=15, R=0.6. Base shares one ancilla across all 15 steps.

  (1) CONVERGENCE — 20 epochs, 8192 shots, 3 seeds, reps=1 (ansatz ceiling ~ -6.12).
           arm    E_final    sigma      best       E@3       E@5      E@10   depth     sec
  ------------------------------------------------------------------------------
          base    -5.9783   0.0535   -6.0487   -4.4046   -5.4894   -5.9544     216      97
   reset_cheap    -5.8983   0.0572   -5.9681   -4.9269   -5.1639   -5.7868     216     440
    reset_full    -6.0025   0.0492   -6.0712   -5.0593   -5.6479   -5.8462     540    1549

  (2) TRANSFER FUNCTION — d_theta_0 vs g_0, others zero. 16384 shots x 3.
       g_0          base   reset_cheap    reset_full
  --------------------------------------------------
     -2.00       0.22979       0.40671       0.41151
     -1.50       0.06471       0.43074       0.42580
     -1.00      -0.22986       0.45873       0.44097
     -0.60       0.33959       0.48733       0.46143
     -0.30       0.03346       0.47310       0.43693
     -0.15       0.16693       0.08224       0.08178
      0.15      -0.15606      -0.08231      -0.08139
      0.30      -0.01225      -0.48022      -0.41331
      0.60      -0.33048      -0.47566      -0.45668
      1.00       0.25359      -0.45619      -0.44472
      1.50      -0.04689      -0.42831      -0.42212
      2.00      -0.22033      -0.40412      -0.40366

           arm   turns  monotone   |d| max  small-g slope   corr(d,g)
  -------------------------------------------------------------------
          base       8     False    0.3396        -0.2763     -0.3764
   reset_cheap       2     False    0.4873        -1.3808     -0.8381
    reset_full       2     False    0.4614        -1.2424     -0.8570

  'turns' counts sign changes in the slope: 0 means the map is monotone in
  g, which is the minimum any usable update rule must satisfy. Base scored
  many in v36. If reset_* is monotone where base is not, the aliasing
  diagnosis is confirmed and the shipped walk has run wrapped since it was
  written. reset_cheap vs reset_full then says whether the fix is free or
  whether it has to buy back the energy imprint at k times the cost.
