============================================================================================
WALK DECODE IN CLOSED FORM — exact, no simulator
============================================================================================
  n_active=4, R=0.6, dt=0.5, k=15
  predicted drift angle = g * 23.89   =>  first wrap |g| = 0.1315
  measured from the product: sum al at g=1 is 23.89   (3.80 full turns)

  (1) TRANSFER — closed form vs v36's MEASURED base column (65536 shots).
       g_0   closed form   v36 measured     diff
  ----------------------------------------------
     -3.00       0.29633        0.36210 -0.06577
     -2.00      -0.26118        0.22578 -0.48696
     -1.50      -0.29589        0.05614 -0.35203
     -1.00       0.14691       -0.23170  0.37861
     -0.60       0.41741        0.33577  0.08164
     -0.30      -0.28809        0.02379 -0.31188
     -0.15      -0.17489        0.16126 -0.33615
     -0.05      -0.02997        0.06872 -0.09869
      0.05       0.02997       -0.06834  0.09831
      0.15       0.17489       -0.16109  0.33598
      0.30       0.28809       -0.01945  0.30754
      0.60      -0.41741       -0.33566 -0.08175
      1.00      -0.14691        0.24172 -0.38863
      1.50       0.29589       -0.05587  0.35176
      2.00       0.26118       -0.22585  0.48703
      3.00      -0.29633       -0.36213  0.06580

  mean |error| = 0.26428   max = 0.48703   (36.5% of range)

  (2) WRAP LOCATION — where the closed form changes sign, finely sampled.
      sign changes at g = -1.545, -1.410, -0.975, -0.830, -0.350, +0.345, +0.825, +0.970, +1.405, +1.540
      spacing: mean 0.3428, predicted pi/23.9 = 0.1315
      total sign changes over |g|<=1.6: 10   (a monotone map has at most 1)

  (3) SEPARABILITY — vary g_0 with the others fixed, closed form only.
       g_0    others=0   others=+0.5   others=-0.5   spread
  ---------------------------------------------------------
     -1.50    -0.29589       0.24120       0.24120  0.53709
     -0.30    -0.28809       0.22877       0.22877  0.51686
      0.30     0.28809      -0.22877      -0.22877  0.51686
      1.50     0.29589      -0.24120      -0.24120  0.53709

  (4) WHAT A NON-WRAPPING SCHEDULE LOOKS LIKE — same circuit, drift
      rescaled so the total angle is pi at |g|=1 instead of 23.9.
       g_0     shipped   unwrapped
  --------------------------------
     -1.50    -0.29589    -0.31833
     -1.00     0.14691    -0.13316
     -0.60     0.41741    -0.05513
     -0.30    -0.28809    -0.02268
      0.30     0.28809     0.02268
      0.60    -0.41741     0.05513
      1.00    -0.14691     0.13316
      1.50     0.29589     0.31833

  If column (1) tracks v36, the walk at fixed centre is fully described by
  a 2x2 product and a global post-selection - no quantum advantage is
  hiding in it, and the aliasing is arithmetic rather than noise.
