================================================================================================
DRIFT SCALE SWEEP — the cheap fix on the shipped circuit. Heisenberg N=4, exact -6.4641
================================================================================================
  20 epochs, 8192 shots, 4 seeds, reps=1 (ansatz ceiling ~ -6.12).
  scale=1.0 is shipped. v37e's bare-model prescription is 0.1315.
  Sensing, decode, W gate, imprint and schedule are all untouched.

     scale    E_final    sigma      best       E@3       E@5      E@10  |g| mean    sec
  ------------------------------------------------------------------------------
    1.0000    -5.9846   0.0476   -6.0487   -3.9060   -5.3290   -5.9622    0.6614    250  <- shipped
    0.5000    -5.9552   0.0468   -6.0156   -3.4731   -4.8717   -5.7979    0.6723    288
    0.2500    -5.9714   0.0160   -5.9882   -3.7807   -5.0196   -5.8461    0.6760    240
    0.1315    -5.5147   0.7275   -5.9663   -3.4677   -4.1661   -4.8412    0.7359    246  <- predicted
    0.0800    -5.1974   0.7757   -5.9645   -2.6383   -3.1796   -4.3124    0.8522    240
    0.0400    -4.0719   1.2939   -5.7468   -1.5770   -1.8039   -2.9024    1.0656    224

  best scale 1.0000 at -5.9846 +- 0.0476
  shipped      1.0000 at -5.9846 +- 0.0476
  difference   +0.0000

  This harness's spurious-difference scale is 0.03-0.09 (the kappa=4
  term-sort null in RESEARCH_NOTES, where a provably identical unitary
  returned up to 3.3 sigma), so read anything under ~0.1 as no result.
  A win at small scale means the wrap was costing real energy. A flat
  curve means the wrap is real but the schedule already absorbs it, and
  the aliasing matters for EXPLANATION rather than for performance.
