============================================================================================
GRADIENT IN THE AXIS ONLY — decoupling direction from step size
============================================================================================
  n_active=4, R=0.6, dt=0.5, k=15. Closed form (validated 0.00241).
  base: th=hypot(al,be) wraps at ~23.9 g.  axis_only: th fixed at 0.35,
  direction carried entirely by ph=atan2(be,al), which cannot wrap.

  (1) TRANSFER FUNCTION
       g_0         base      rescale    axis_only
  -----------------------------------------------
     -2.00     -0.26118     -0.43787      0.54021
     -1.50     -0.29589     -0.31833      0.51859
     -1.00      0.14691     -0.13316      0.46489
     -0.60      0.41741     -0.05513      0.37208
     -0.30     -0.28809     -0.02268      0.23947
     -0.15     -0.17489     -0.01075      0.13250
     -0.05     -0.02997     -0.00352      0.03486
      0.05      0.02997      0.00352     -0.03486
      0.15      0.17489      0.01075     -0.13250
      0.30      0.28809      0.02268     -0.23947
      0.60     -0.41741      0.05513     -0.37208
      1.00     -0.14691      0.13316     -0.46489
      1.50      0.29589      0.31833     -0.51859
      2.00      0.26118      0.43787     -0.54021

         mode  crossings  turns     corr   |d|max    knee   |d|@0.6   |d|@1.0
  ---------------------------------------------------------------------------
         base         10      6   0.3600   0.4174   0.175    0.4174    0.1469
      rescale          0      0   0.9804   0.4379   1.287    0.0551    0.1332
    axis_only          0      0  -0.9539   0.5402   0.371    0.3721    0.4649

  (2) TH0 SWEEP — the step size is now an explicit knob, not a
      consequence of |g|. Which TH0 keeps the response monotone AND
      large enough to move? Operating range is |g| = 0.58-0.97.
       th0  crossings     corr   |d|max   |d|@0.6    knee
  -------------------------------------------------------
      0.10          0  -0.9333   0.1577    0.1137   0.295
      0.20          2   0.7842   0.5845    0.5672   0.055
      0.35          0  -0.9539   0.5402    0.3721   0.371
      0.50          0  -0.6791   0.4439    0.3861   0.040
      0.80          2  -0.9299   0.2142    0.1401   0.716
      1.20          0  -0.8533   0.3592    0.3193   0.085
      2.00          0  -0.7800   0.4387    0.4249   0.025

  axis_only with 0 crossings and |d|@0.6 comparable to base's 0.417 would
  be the first variant that removes the wrap WITHOUT shrinking the step -
  which is exactly what the rescale failed to do, and why v37g found the
  rescale identical to base at matched |move|. TH0 then replaces the
  accidental k-coupling with an explicit, tunable step size.
