====================================================================================================
ORACLE BALANCE — degree-1 drift against the all-degree energy imprint
====================================================================================================
  R=0.6, dt=0.5, k=15, 65536 shots. Only two numbers change per row.
  drift=0 removes the degree-1 oracle entirely, leaving E(x) as the only
  marking. enhance = P(x_true)*2^n; e_deg1 = P(x_deg1)*2^n.

  MaxCut N=4 block 0  (n=4, degree-1 target CORRECT)
    drift  imprint  enhance   e_deg1  mode=x*   H/Hmax
  ----------------------------------------------------
      1.0      1.0    4.730    4.730     True    0.877
      0.3      1.0    2.823    2.823     True    0.945
      0.1      1.0    1.348    1.348    False    0.987
      0.0      1.0    0.777    0.777    False    0.993
      0.1      4.0    0.889    0.889    False    0.998
      0.0      4.0    1.007    1.007    False    1.000
      0.0     10.0    1.010    1.010    False    1.000

  MaxCut N=4 block 1  (n=4, degree-1 target WRONG)
    drift  imprint  enhance   e_deg1  mode=x*   H/Hmax
  ----------------------------------------------------
      1.0      1.0    1.547    2.353    False    0.960
      0.3      1.0    1.451    2.293    False    0.956
      0.1      1.0    1.381    2.185    False    0.959
      0.0      1.0    1.340    2.104    False    0.962
      0.1      4.0    1.233    1.771    False    0.983
      0.0      4.0    1.274    1.751    False    0.983
      0.0     10.0    1.416    2.137    False    0.956

  MaxCut N=4 block 2  (n=4, degree-1 target WRONG)
    drift  imprint  enhance   e_deg1  mode=x*   H/Hmax
  ----------------------------------------------------
      1.0      1.0    0.954    5.916    False    0.839
      0.3      1.0    1.274    2.434    False    0.963
      0.1      1.0    1.166    1.459    False    0.991
      0.0      1.0    1.027    1.094    False    0.997
      0.1      4.0    0.924    0.974    False    0.999
      0.0      4.0    0.899    1.065    False    1.000
      0.0     10.0    0.902    1.093    False    0.999

  MaxCut N=4 block 3  (n=4, degree-1 target WRONG)
    drift  imprint  enhance   e_deg1  mode=x*   H/Hmax
  ----------------------------------------------------
      1.0      1.0    0.586    0.888    False    0.975
      0.3      1.0    0.635    0.903    False    0.978
      0.1      1.0    0.647    0.911    False    0.979
      0.0      1.0    0.659    0.914    False    0.980
      0.1      4.0    0.834    0.889    False    0.992
      0.0      4.0    0.830    0.891    False    0.992
      0.0     10.0    0.583    0.743    False    0.974

  Heisenberg N=4 block 0  (n=4, degree-1 target CORRECT)
    drift  imprint  enhance   e_deg1  mode=x*   H/Hmax
  ----------------------------------------------------
      1.0      1.0    5.120    5.120     True    0.878
      0.3      1.0    2.149    2.149     True    0.985
      0.1      1.0    1.553    1.553     True    0.989
      0.0      1.0    1.012    1.012    False    1.000
      0.1      4.0    0.888    0.888    False    0.997
      0.0      4.0    1.045    1.045     True    1.000
      0.0     10.0    1.031    1.031    False    1.000

  Heisenberg N=4 block 1  (n=4, degree-1 target CORRECT)
    drift  imprint  enhance   e_deg1  mode=x*   H/Hmax
  ----------------------------------------------------
      1.0      1.0    2.048    2.048     True    0.959
      0.3      1.0    0.789    0.789    False    0.960
      0.1      1.0    1.591    1.591    False    0.963
      0.0      1.0    1.401    1.401    False    0.967
      0.1      4.0    1.032    1.032    False    0.982
      0.0      4.0    1.274    1.274    False    0.983
      0.0     10.0    1.416    1.416    False    0.956

  Heisenberg N=4 block 2  (n=4, degree-1 target WRONG)
    drift  imprint  enhance   e_deg1  mode=x*   H/Hmax
  ----------------------------------------------------
      1.0      1.0    0.787    1.890    False    0.978
      0.3      1.0    1.051    1.398    False    0.985
      0.1      1.0    0.968    1.361    False    0.993
      0.0      1.0    0.957    1.046    False    1.000
      0.1      4.0    0.927    0.922    False    0.998
      0.0      4.0    0.899    1.063    False    1.000
      0.0     10.0    0.902    1.083    False    0.999

  Heisenberg N=4 block 3  (n=4, degree-1 target WRONG)
    drift  imprint  enhance   e_deg1  mode=x*   H/Hmax
  ----------------------------------------------------
      1.0      1.0    0.977    1.975    False    0.936
      0.3      1.0    0.391    0.807    False    0.976
      0.1      1.0    0.962    1.155    False    0.979
      0.0      1.0    0.799    0.926    False    0.981
      0.1      4.0    0.503    0.572    False    0.985
      0.0      4.0    0.891    0.947    False    0.992
      0.0     10.0    0.743    0.905    False    0.974

  On a WRONG block, enhance rising above e_deg1 as drift falls is the
  result: the walk stops amplifying the linear surrogate and starts
  amplifying the true minimum. On a CORRECT block the two columns should
  stay together throughout, which is the control.
