================================================================================================
WALK QUADRATURE — does the missing sdg explain the miswired oracle?
================================================================================================
  R=0.6, dt=0.5, k=15, 65536 shots. With drift=0 the energy is the
  only possible source of structure. The diagnostic is SIGN CONSISTENCY
  of corr(P,-E): a real energy oracle is positive on EVERY block.

  MaxCut N=4 block 0  (n=4)
    drift  imprint    sdg  corr(P,-E)  enhance   H/Hmax
  -----------------------------------------------------
      1.0      1.0  False      0.7104    4.730    0.877
      1.0      1.0   True      0.6793    4.908    0.869
      0.0      1.0  False     -0.1947    0.777    0.993
      0.0      1.0   True      0.1830    1.232    0.996
      0.0      4.0   True     -0.1708    1.005    0.999
      0.3      4.0   True      0.7547    4.210    0.833

  MaxCut N=4 block 1  (n=4)
    drift  imprint    sdg  corr(P,-E)  enhance   H/Hmax
  -----------------------------------------------------
      1.0      1.0  False      0.4598    1.547    0.960
      1.0      1.0   True      0.5051    1.717    0.949
      0.0      1.0  False      0.4731    1.340    0.962
      0.0      1.0   True      0.4258    1.482    0.972
      0.0      4.0   True      0.3476    1.221    0.940
      0.3      4.0   True      0.4275    1.484    0.921

  MaxCut N=4 block 2  (n=4)
    drift  imprint    sdg  corr(P,-E)  enhance   H/Hmax
  -----------------------------------------------------
      1.0      1.0  False      0.3349    0.954    0.839
      1.0      1.0   True      0.3468    0.820    0.833
      0.0      1.0  False     -0.0676    1.027    0.997
      0.0      1.0   True     -0.4146    0.848    0.998
      0.0      4.0   True     -0.5248    0.566    0.976
      0.3      4.0   True      0.3094    0.984    0.846

  MaxCut N=4 block 3  (n=4)
    drift  imprint    sdg  corr(P,-E)  enhance   H/Hmax
  -----------------------------------------------------
      1.0      1.0  False      0.2773    0.586    0.975
      1.0      1.0   True      0.1076    0.629    0.978
      0.0      1.0  False      0.3167    0.659    0.980
      0.0      1.0   True      0.1329    0.679    0.982
      0.0      4.0   True      0.1370    0.880    0.970
      0.3      4.0   True      0.1363    0.809    0.966

  Heisenberg N=4 block 0  (n=4)
    drift  imprint    sdg  corr(P,-E)  enhance   H/Hmax
  -----------------------------------------------------
      1.0      1.0  False      0.6647    5.120    0.878
      1.0      1.0   True      0.7040    4.419    0.907
      0.0      1.0  False     -0.0539    1.012    1.000
      0.0      1.0   True      0.0858    1.045    1.000
      0.0      4.0   True      0.0117    1.069    0.999
      0.3      4.0   True      0.7853    5.274    0.816

  Heisenberg N=4 block 1  (n=4)
    drift  imprint    sdg  corr(P,-E)  enhance   H/Hmax
  -----------------------------------------------------
      1.0      1.0  False      0.2701    2.048    0.959
      1.0      1.0   True      0.3536    5.577    0.847
      0.0      1.0  False      0.5016    1.401    0.967
      0.0      1.0   True      0.4264    1.274    0.983
      0.0      4.0   True      0.3548    1.221    0.940
      0.3      4.0   True      0.8256    3.115    0.851

  Heisenberg N=4 block 2  (n=4)
    drift  imprint    sdg  corr(P,-E)  enhance   H/Hmax
  -----------------------------------------------------
      1.0      1.0  False      0.4501    0.787    0.978
      1.0      1.0   True      0.2646    0.591    0.895
      0.0      1.0  False     -0.5916    0.957    1.000
      0.0      1.0   True     -0.4762    0.899    1.000
      0.0      4.0   True     -0.6019    0.566    0.976
      0.3      4.0   True      0.2453    0.426    0.859

  Heisenberg N=4 block 3  (n=4)
    drift  imprint    sdg  corr(P,-E)  enhance   H/Hmax
  -----------------------------------------------------
      1.0      1.0  False      0.4218    0.977    0.936
      1.0      1.0   True      0.4581    1.081    0.935
      0.0      1.0  False      0.1548    0.799    0.981
      0.0      1.0   True      0.1892    0.891    0.992
      0.0      4.0   True      0.0994    0.750    0.970
      0.3      4.0   True      0.4804    2.311    0.859

================================================================================================
  SIGN CONSISTENCY of corr(P,-E) across all blocks
    drift  imprint    sdg     mean      min      max   frac>0
  -----------------------------------------------------------
      1.0      1.0  False   0.4486   0.2701   0.7104   100.0%
      1.0      1.0   True   0.4274   0.1076   0.7040   100.0%
      0.0      1.0  False   0.0673  -0.5916   0.5016    50.0%
      0.0      1.0   True   0.0690  -0.4762   0.4264    75.0%
      0.0      4.0   True  -0.0434  -0.6019   0.3548    62.5%
      0.3      4.0   True   0.4956   0.1363   0.8256   100.0%

  frac>0 going to 100% with sdg=True at drift=0 is the result: the energy
  oracle then marks low energy on every block, which is what it must do.
  If the sign stays mixed, the quadrature is not the explanation and the
  imprint's coupling to the param register has to be re-derived.
