================================================================================================
BOUNDED-PHASE DRIFT — the degree-2 oracle without the wrap
================================================================================================
  R=0.6, dt=0.5, k=15, 65536 shots. Accumulated scale ACC = 23.89.
  Normalisation touches only the DRIFT coefficients; beta and therefore
  the step size are untouched, which is what separates this from v37f.

  MaxCut N=4 block 0  (n=4, degree-1 target CORRECT)
            config  corr(P,-E)  enh_true  mode=x*   phi_max
  ---------------------------------------------------------
      shipped-deg1      0.7061     4.784     True     33.44
    shipped-deg1+2      0.1649     0.943    False     42.94
     bd1  PHI=1.57      0.3229     1.010    False      1.57
     bd1  PHI=3.14      0.6705     1.310    False      3.14
     bd1  PHI=6.28      0.8758     2.002     True      6.28
    bd1  PHI=12.57      0.8129     3.260     True     12.57
     bd12 PHI=1.57      0.1190     0.897    False      1.57
     bd12 PHI=3.14      0.3549     1.035    False      3.14
     bd12 PHI=6.28      0.6001     1.389    False      6.28
    bd12 PHI=12.57      0.6132     1.978    False     12.57

  MaxCut N=4 block 1  (n=4, degree-1 target WRONG)
            config  corr(P,-E)  enh_true  mode=x*   phi_max
  ---------------------------------------------------------
      shipped-deg1      0.4610     1.526    False      4.27
    shipped-deg1+2      0.1293     1.053    False      7.62
     bd1  PHI=1.57      0.5051     1.459    False      1.57
     bd1  PHI=3.14      0.4988     1.514    False      3.14
     bd1  PHI=6.28      0.3328     1.444    False      6.28
    bd1  PHI=12.57      0.2296     1.378    False     12.57
     bd12 PHI=1.57      0.4104     1.317    False      1.57
     bd12 PHI=3.14      0.3434     1.286    False      3.14
     bd12 PHI=6.28      0.1909     1.134    False      6.28
    bd12 PHI=12.57      0.0140     0.836    False     12.57

  MaxCut N=4 block 2  (n=4, degree-1 target WRONG)
            config  corr(P,-E)  enh_true  mode=x*   phi_max
  ---------------------------------------------------------
      shipped-deg1      0.3349     0.947    False     24.14
    shipped-deg1+2     -0.2128     0.500    False     47.94
     bd1  PHI=1.57      0.3178     1.149    False      1.57
     bd1  PHI=3.14      0.4341     1.189    False      3.14
     bd1  PHI=6.28      0.4801     1.247    False      6.28
    bd1  PHI=12.57      0.4145     1.247    False     12.57
     bd12 PHI=1.57     -0.1847     0.975    False      1.57
     bd12 PHI=3.14     -0.2443     0.843    False      3.14
     bd12 PHI=6.28     -0.2454     0.656    False      6.28
    bd12 PHI=12.57     -0.2579     0.529    False     12.57

  MaxCut N=4 block 3  (n=4, degree-1 target WRONG)
            config  corr(P,-E)  enh_true  mode=x*   phi_max
  ---------------------------------------------------------
      shipped-deg1      0.2623     0.604    False      0.93
    shipped-deg1+2      0.2118     0.631    False      2.55
     bd1  PHI=1.57      0.2377     0.585    False      1.57
     bd1  PHI=3.14      0.1996     0.542    False      3.14
     bd1  PHI=6.28      0.1763     0.537    False      6.28
    bd1  PHI=12.57      0.1883     0.571    False     12.57
     bd12 PHI=1.57      0.2415     0.616    False      1.57
     bd12 PHI=3.14      0.1953     0.649    False      3.14
     bd12 PHI=6.28      0.1297     0.739    False      6.28
    bd12 PHI=12.57      0.1406     0.762    False     12.57

  Heisenberg N=4 block 0  (n=4, degree-1 target CORRECT)
            config  corr(P,-E)  enh_true  mode=x*   phi_max
  ---------------------------------------------------------
      shipped-deg1      0.6756     4.671     True     49.18
    shipped-deg1+2      0.0694     1.121    False     69.89
     bd1  PHI=1.57      0.8955     1.199     True      1.57
     bd1  PHI=3.14      0.9146     1.375     True      3.14
     bd1  PHI=6.28      0.9146     1.655     True      6.28
    bd1  PHI=12.57      0.8617     1.786     True     12.57
     bd12 PHI=1.57      0.6518     1.100     True      1.57
     bd12 PHI=3.14      0.6596     1.168    False      3.14
     bd12 PHI=6.28      0.7034     1.344    False      6.28
    bd12 PHI=12.57      0.7388     1.584     True     12.57

  Heisenberg N=4 block 1  (n=4, degree-1 target CORRECT)
            config  corr(P,-E)  enh_true  mode=x*   phi_max
  ---------------------------------------------------------
      shipped-deg1      0.2830     1.950     True     27.56
    shipped-deg1+2      0.3877     1.561    False     31.95
     bd1  PHI=1.57      0.5891     1.543    False      1.57
     bd1  PHI=3.14      0.5957     1.590    False      3.14
     bd1  PHI=6.28      0.0278     1.207    False      6.28
    bd1  PHI=12.57     -0.6805     1.312    False     12.57
     bd12 PHI=1.57      0.5777     1.513    False      1.57
     bd12 PHI=3.14      0.5898     1.570    False      3.14
     bd12 PHI=6.28      0.3287     1.402    False      6.28
    bd12 PHI=12.57     -0.7271     0.381    False     12.57

  Heisenberg N=4 block 2  (n=4, degree-1 target WRONG)
            config  corr(P,-E)  enh_true  mode=x*   phi_max
  ---------------------------------------------------------
      shipped-deg1      0.4806     0.778    False     30.46
    shipped-deg1+2     -0.0698     0.471    False     65.37
     bd1  PHI=1.57      0.4225     0.966    False      1.57
     bd1  PHI=3.14      0.5576     0.966    False      3.14
     bd1  PHI=6.28      0.6363     0.990    False      6.28
    bd1  PHI=12.57      0.7881     1.122    False     12.57
     bd12 PHI=1.57     -0.2833     0.894    False      1.57
     bd12 PHI=3.14     -0.2651     0.830    False      3.14
     bd12 PHI=6.28     -0.2045     0.687    False      6.28
    bd12 PHI=12.57     -0.2479     0.608    False     12.57

  Heisenberg N=4 block 3  (n=4, degree-1 target WRONG)
            config  corr(P,-E)  enh_true  mode=x*   phi_max
  ---------------------------------------------------------
      shipped-deg1      0.4242     1.026    False     47.30
    shipped-deg1+2      0.2551     2.090    False     77.01
     bd1  PHI=1.57      0.3042     0.869    False      1.57
     bd1  PHI=3.14      0.4111     0.931    False      3.14
     bd1  PHI=6.28      0.5238     0.957    False      6.28
    bd1  PHI=12.57      0.1425     0.398    False     12.57
     bd12 PHI=1.57      0.2875     0.896    False      1.57
     bd12 PHI=3.14      0.3963     1.009    False      3.14
     bd12 PHI=6.28      0.4761     1.172    False      6.28
    bd12 PHI=12.57     -0.0549     1.105    False     12.57

================================================================================================
            config   mean corr      min   frac>0  mean enh  mode hits
  -------------------------------------------------------------------
      shipped-deg1      0.4535   0.2623   100.0%     2.036        3/8
    shipped-deg1+2      0.1170  -0.2128    75.0%     1.046        0/8
     bd1  PHI=1.57      0.4493   0.2377   100.0%     1.097        1/8
     bd1  PHI=3.14      0.5352   0.1996   100.0%     1.177        1/8
     bd1  PHI=6.28      0.4959   0.0278   100.0%     1.255        2/8
    bd1  PHI=12.57      0.3446  -0.6805    87.5%     1.384        2/8
     bd12 PHI=1.57      0.2275  -0.2833    75.0%     1.026        1/8
     bd12 PHI=3.14      0.2537  -0.2651    75.0%     1.049        0/8
     bd12 PHI=6.28      0.2474  -0.2454    75.0%     1.065        0/8
    bd12 PHI=12.57      0.0273  -0.7271    50.0%     0.973        1/8

  If bounded deg1+2 tops the table, the degree-2 information was always
  usable and the unbounded phase channel was the whole obstruction - which
  would make T7 a correct measurement of an incorrectly built circuit.
  If bounded deg1 wins instead, the degree-2 coefficients are too noisy at
  this shot budget, and that is a variance question with a known answer.
