================================================================================================
PHASE OFFSET — unfolding the sin^2 oracle
================================================================================================
  R=0.6, dt=0.5, k=15, 65536 shots. Span normalised to pi so
  phi in [-pi/2, pi/2]; offset pi/2 then puts psi in [0, pi], where
  sin^2(psi/2) is monotone. 'ship d1' is the shipped drift, unnormalised.

            config   mean corr      min   frac>0  mean enh  mode hits
  -------------------------------------------------------------------
           ship d1      0.4535   0.2623   100.0%     2.036        3/8
     d1  s+1 o0.00      0.4493   0.2377   100.0%     1.097        1/8
     d1  s+1 o1.57      0.4957   0.2134   100.0%     1.115        1/8
     d1  s+1 o3.14      0.3647   0.0099   100.0%     1.190        1/8
     d1  s-1 o0.00     -0.2281  -0.8941    37.5%     0.898        0/8
     d1  s-1 o1.57     -0.3100  -0.8826    37.5%     0.838        0/8
     d1  s-1 o3.14     -0.3360  -0.9248    12.5%     0.821        0/8
     d12 s+1 o0.00      0.2275  -0.2833    75.0%     1.026        1/8
     d12 s+1 o1.57      0.1980  -0.3185    75.0%     1.014        0/8
     d12 s+1 o3.14      0.0670  -0.4504    75.0%     0.969        1/8
     d12 s-1 o0.00     -0.0105  -0.6767    62.5%     0.961        0/8
     d12 s-1 o1.57      0.0586  -0.5297    75.0%     0.932        0/8
     d12 s-1 o3.14      0.0637  -0.2294    62.5%     1.030        0/8

  best: d1  s+1 o1.57  at mean corr 0.4957
  reference points: shipped degree-1 0.4535, bounded degree-1 0.5352,
                    shipped degree-1+2 0.1170, bounded degree-1+2 0.2537

  A jump well past 0.5352 means the fold was the obstruction. degree-1+2
  overtaking degree-1 there means the pairwise information is usable once
  the oracle is monotone, and that every earlier degree-2 test was run on
  a circuit incapable of using it.
