================================================================================================
ANNEAL TIME — degree-2 needs adiabaticity, degree-1 does not
================================================================================================
  R=0.6, dt=0.5, 65536 shots. Phase SPAN normalised to pi at EVERY k,
  so raising k slows the anneal rather than enlarging the angle. That is
  the difference from the k sweep in v4_schedule, where it did both.

          problem blk  d1ok     k   corr d1  corr d12   enh d1  enh d12    sec
  ----------------------------------------------------------------------------
       MaxCut N=4   0     Y     5    0.8813    0.6605    1.228    1.128      1
                               15    0.3229    0.1190    1.010    0.897      1
                               30    0.2979    0.1334    0.937    0.873      1
                               60    0.8919    0.7069    1.107    1.106      1
                              120    0.8114    0.2590    1.092    1.003      3
  ............................................................................
       MaxCut N=4   1     n     5    0.4086    0.2573    1.187    0.750      4
                               15    0.5051    0.4104    1.459    1.317      2
                               30    0.4351    0.3916    1.386    1.243      2
                               60    0.0749   -0.1145    0.621    0.568      2
                              120    0.5607    0.2398    0.992    1.018      2
  ............................................................................
       MaxCut N=4   2     n     5    0.3817   -0.3876    0.991    0.761      2
                               15    0.3178   -0.1847    1.149    0.975      2
                               30    0.0327   -0.4065    0.998    0.861      2
                               60    0.5872   -0.0142    1.002    0.921      3
                              120    0.3891   -0.0781    1.019    0.958      3
  ............................................................................
       MaxCut N=4   3     n     5    0.1865    0.2446    0.660    0.780      2
                               15    0.2377    0.2415    0.585    0.616      3
                               30    0.2688    0.2765    0.474    0.507      2
                               60   -0.4000   -0.1938    1.092    1.254      2
                              120   -0.0138   -0.0463    0.958    0.949      2
  ............................................................................
   Heisenberg N=4   0     Y     5    0.8960    0.3624    1.464    1.059      2
                               15    0.8955    0.6518    1.199    1.100      3
                               30    0.9174    0.5502    1.247    1.073      2
                               60    0.8342   -0.0108    1.038    0.970      2
                              120   -0.4645    0.1812    0.993    1.055      3
  ............................................................................
   Heisenberg N=4   1     Y     5    0.3984    0.3761    1.767    1.540      3
                               15    0.5891    0.5777    1.543    1.513      2
                               30    0.5195    0.5079    1.947    1.879      2
                               60   -0.2852   -0.3120    0.302    0.288      2
                              120   -0.8791   -0.5226    0.927    0.984      3
  ............................................................................
   Heisenberg N=4   2     n     5   -0.1280   -0.4390    0.579    0.479      2
                               15    0.4225   -0.2833    0.966    0.894      2
                               30   -0.0801   -0.4885    0.834    0.686      2
                               60    0.6149   -0.4183    0.976    0.901      3
                              120   -0.3992    0.6997    0.995    1.116      2
  ............................................................................
   Heisenberg N=4   3     n     5    0.1839    0.1054    0.580    0.589      1
                               15    0.3042    0.2875    0.869    0.896      1
                               30    0.2318    0.2071    0.631    0.673      1
                               60   -0.1033   -0.2762    1.273    1.193      1
                              120   -0.5869    0.3921    0.961    1.054      2
  ............................................................................

       k   mean corr d1  mean corr d12   d12 - d1
  -----------------------------------------------
       5         0.4011         0.1475    -0.2536
      15         0.4493         0.2275    -0.2219
      30         0.3279         0.1465    -0.1814
      60         0.2768        -0.0791    -0.3559
     120        -0.0728         0.1406     0.2134

  'd12 - d1' rising toward zero and beyond as k grows is the prediction.
  Flat in k for BOTH would falsify the anneal reading and leave the
  degree-2 failure genuinely unexplained after eight attempts, which is
  itself worth recording - at that point the honest move is to stop
  proposing mechanisms and treat degree-1 targeting as a fixed property
  of this circuit family.
