====================================================================================================
THRESHOLD-INDICATOR DEGREE — the per-problem number the bound makes decisive
====================================================================================================
  R=0.6. Full hypercube enumeration per block. The indicator marks the
  best m corners; its Walsh spectrum says what degree a phase must reach
  to express it. d90 is the smallest degree capturing 90% of the variance.

          problem blk  n  m    deg1     <=2     <=3   <=n/2   d90   cap@1
  ------------------------------------------------------------------------------
               H2   0  2  1   0.667   1.000   1.000   0.667     2       3
                          2   1.000   1.000   1.000   1.000     1       3
  ..............................................................................
               H2   1  2  1   0.667   1.000   1.000   0.667     2       3
                          2   1.000   1.000   1.000   1.000     1       3
  ..............................................................................
       MaxCut N=4   0  4  1   0.267   0.667   0.933   0.667     3       5
                          2   0.429   0.857   1.000   0.857     3       5
                          4   0.417   0.667   0.917   0.667     3       5
  ..............................................................................
       MaxCut N=4   1  4  1   0.267   0.667   0.933   0.667     3       5
                          2   0.286   0.571   0.857   0.571     4       5
                          4   0.333   0.667   1.000   0.667     3       5
  ..............................................................................
       MaxCut N=6   0  6  1   0.095   0.333   0.651   0.651     5       7
                          2   0.161   0.484   0.806   0.806     4       7
                          4   0.250   0.600   0.833   0.833     4       7
  ..............................................................................
       MaxCut N=6   1  6  1   0.095   0.333   0.651   0.651     5       7
                          2   0.161   0.484   0.806   0.806     4       7
                          4   0.267   0.667   0.933   0.933     3       7
  ..............................................................................
   Heisenberg N=4   0  4  1   0.267   0.667   0.933   0.667     3       5
                          2   0.429   0.857   1.000   0.857     3       5
                          4   0.583   0.833   0.917   0.833     3       5
  ..............................................................................
   Heisenberg N=4   1  4  1   0.267   0.667   0.933   0.667     3       5
                          2   0.429   0.857   1.000   0.857     3       5
                          4   0.583   0.833   0.917   0.833     3       5
  ..............................................................................
   Heisenberg N=6   0  6  1   0.095   0.333   0.651   0.651     5       7
                          2   0.161   0.484   0.806   0.806     4       7
                          4   0.250   0.600   0.833   0.833     4       7
  ..............................................................................
   Heisenberg N=6   1  6  1   0.095   0.333   0.651   0.651     5       7
                          2   0.161   0.484   0.806   0.806     4       7
                          4   0.267   0.667   0.933   0.933     3       7
  ..............................................................................
   Heisenberg N=8   0  8  1   0.031   0.141   0.361   0.635     6       9
                          2   0.055   0.220   0.496   0.772     5       9
                          4   0.095   0.333   0.651   0.889     5       9
  ..............................................................................
   Heisenberg N=8   1  8  1   0.031   0.141   0.361   0.635     6       9
                          2   0.055   0.220   0.496   0.772     5       9
                          4   0.095   0.333   0.651   0.889     5       9
  ..............................................................................

  RANDOM LANDSCAPE CONTROL — the unstructured case Grover is optimal for
      n   m    deg1     <=2     <=3   <=n/2   d90
  -----------------------------------------------
      4   1   0.267   0.667   0.933   0.667     3
      4   2   0.429   0.857   1.000   0.857     3
      4   4   0.167   0.833   1.000   0.833     3
      6   1   0.095   0.333   0.651   0.651     5
      6   2   0.065   0.290   0.677   0.677     4
      6   4   0.050   0.333   0.500   0.500     4
      8   1   0.031   0.141   0.361   0.635     6
      8   2   0.000   0.220   0.220   0.772     6
      8   4   0.024   0.167   0.270   0.714     6

  'deg1' is the fraction of the indicator expressible at degree 1, which is
  all the shipped drift has. 'cap@1' is n+1, the enhancement ceiling there.
  Physical landscapes concentrating indicator weight at LOW degree, well
  above the random control, is the structure a low-degree drift could
  exploit - and the size of that gap is the size of the opportunity. If
  the physical rows match the random rows, then these landscapes are
  unstructured from the drift's point of view and no low-degree phase
  helps, whatever the mixer.
