================================================================================================
OPTIMAL DEGREE-1 PHASE — the truncation of E is not the optimum
================================================================================================
  R=0.6, dt=0.5, k=15, 65536 shots. All arms share sensing, mixer
  and schedule; only the drift coefficients differ. ACC = 23.89.

          problem blk  m  shipped  opt-exact  opt-meas  opt-weak  ceiling
  -----------------------------------------------------------------------
       MaxCut N=4   0  1    4.743      0.833     0.832     0.965    5.000
                       2    3.472      0.814     0.817     0.966    4.000
                       4    2.061      0.972     0.973     0.984    2.452
  .......................................................................
       MaxCut N=4   1  1    1.505      1.318     0.898     0.438    5.000
                       2    1.754      0.872     1.729     0.470    3.000
                       4    1.251      1.187     1.204     0.799    2.000
  .......................................................................
       MaxCut N=4   2  1    0.992      1.063     1.061     0.873    5.000
                       2    0.947      1.089     1.089     0.885    3.000
                       4    2.078      1.023     1.023     0.930    2.618
  .......................................................................
       MaxCut N=4   3  1    0.579      0.585     0.586     1.748    5.000
                       2    0.692      0.734     0.735     1.453    3.000
                       4    0.985      0.526     0.717     0.883    2.823
  .......................................................................
   Heisenberg N=4   0  1    4.620      1.004     1.005     0.978    5.000
                       2    2.769      1.009     1.009     0.975    4.000
                       4    2.013      1.018     1.018     0.979    2.823
  .......................................................................
   Heisenberg N=4   1  1    1.902      1.391     1.389     0.555    5.000
                       2    1.078      1.036     1.036     0.758    4.000
                       4    1.237      0.827     1.363     0.734    2.823
  .......................................................................
   Heisenberg N=4   2  1    0.791      0.965     0.964     0.918    5.000
                       2    0.889      0.951     0.951     0.925    3.000
                       4    1.209      0.790     0.967     0.625    2.618
  .......................................................................
   Heisenberg N=4   3  1    1.029      0.770     0.770     0.916    5.000
                       2    0.779      0.834     0.834     0.864    4.000
                       4    1.383      1.011     1.126     0.816    2.618
  .......................................................................

     m   shipped  opt-exact  opt-meas  opt-weak  ceiling  oe/ceil
  ---------------------------------------------------------------
     1     2.020      0.991     0.938     0.924    5.000     0.20
     2     1.548      0.917     1.025     0.912    3.500     0.26
     4     1.527      0.919     1.049     0.844    2.597     0.35

  opt-exact beating shipped is the first derived improvement of the
  session with a bound predicting it in advance. opt-exact reaching the
  ceiling validates the pure-phase model for this circuit; falling short
  means the mixer or the accumulated-angle structure is in the way, and
  opt-weak - the same phase with beta cut to 0.15 - separates them.
