============================================================================================
FULL CLOSED FORM — P(x) ~ 2 - 2|c_x| cos(phi(x) + arg c_x)
============================================================================================
  R=0.6, dt=0.5, k=15, 65536 shots. c_x = <psi_x|e^{-iHt}|psi_x>
  computed exactly by statevector. No free parameters.

          problem blk         arm  TVD pred  TVD unif    corr  |c| mean
  ---------------------------------------------------------------------
       MaxCut N=4   0     shipped    0.3215    0.3090  0.1850    0.2273
/home/poig/anaconda3/lib/python3.13/site-packages/numpy/lib/_function_base_impl.py:3023: RuntimeWarning: invalid value encountered in divide
  c /= stddev[:, None]
/home/poig/anaconda3/lib/python3.13/site-packages/numpy/lib/_function_base_impl.py:3024: RuntimeWarning: invalid value encountered in divide
  c /= stddev[None, :]
                         no drift    0.0843    0.0843     nan    0.2273
                       no imprint    0.3475    0.3067 -0.0398    1.0000
  .....................................................................
       MaxCut N=4   1     shipped    0.1844    0.1958  0.5646    0.1535
                         no drift    0.1897    0.1897     nan    0.1535
                       no imprint    0.1311    0.1048 -0.5310    1.0000
  .....................................................................
   Heisenberg N=4   0     shipped    0.2726    0.2586 -0.0972    0.2216
                         no drift    0.0543    0.0057 -0.0587    0.2216
                       no imprint    0.3180    0.3812  0.1997    1.0000
  .....................................................................
   Heisenberg N=4   1     shipped    0.1757    0.1660 -0.2471    0.1222
                         no drift    0.1853    0.1844  0.2118    0.1222
                       no imprint    0.5202    0.3482 -0.4509    1.0000
  .....................................................................

  TVD pred well below TVD unif, with corr near 1, means the formula is the
  walk's actual distribution and the model is complete. The optimal-phase
  design can then be recomputed against
      maximise P(G) under P ~ 2 - 2|c_x| cos(phi(x) + arg c_x)
  which is NOT the objective v47 solved, and is why v47 returned uniform.
