======================================================================================
CORRECTED COST COMPARISON.  Heisenberg N=4, M=16, S=8192 shots/evaluation
======================================================================================
  Var(H) at centre                  : 12.3766
  qubit-wise commuting groups G     : 3
  |g_exact|                         : 3.3019
  parameter-shift Var per component : 1.621093e-03   (fair, shot-based)
    idealised value from v4_cost    : 5.9e-05      (27x subsidy)
  circuits per full gradient        : 2*M*G = 96
  C_ps = 2M*V_ps                    : 0.051875
  cost/|g|^2                        : 4.758025e-03

  method                    circuits        V(n)       cost     |g|   cost/|g|^2    vs PS
  ---------------------------------------------------------------------------------------
  parameter-shift                 96  1.6211e-03    0.05187   3.302   4.7580e-03     1.00
  QPE k=4 n=1                     16  3.9921e-03    0.06387   2.989   7.1473e-03     1.50
  QPE k=4 n=2                      8  4.1827e-03    0.03346   2.910   3.9523e-03     0.83
  QPE k=4 n=4                      4  5.7903e-03    0.02316   2.549   3.5637e-03     0.75
  QPE k=4 n=8                      2  4.0986e-03    0.00820   2.358   1.4744e-03     0.31
  QPE k=4 n=M pred                 1  4.7582e-03    0.00476   2.358   8.5585e-04     0.18
  Hadamard k=1 n=1                16  3.0781e-02    0.49250   2.964   5.6046e-02    11.78
  Hadamard k=1 n=2                 8  3.1126e-02    0.24900   2.876   3.0095e-02     6.33
  Hadamard k=1 n=4                 4  2.8687e-02    0.11475   2.487   1.8558e-02     3.90
  Hadamard k=1 n=8                 2  2.4494e-02    0.04899   2.320   9.1029e-03     1.91
  Hadamard k=1 n=16                1  2.5222e-02    0.02522   1.607   9.7613e-03     2.05
  Hadamard k=1 n=M pred            1  2.3937e-02    0.02394   1.607   9.2639e-03     1.95

  vs PS < 1 means QLTO reaches the same relative gradient precision in
  FEWER TOTAL SHOTS, i.e. a genuine information advantage, not just a
  circuit-count one. The circuits column is the separate, larger win.

  G is the lever that generalises: it is 3 here and in the hundreds for
  molecular Hamiltonians, and QPE pays it once regardless.
    Heisenberg N=4: 9 terms -> G = 3
    Heisenberg N=6: 15 terms -> G = 3
    Heisenberg N=8: 21 terms -> G = 3
