===============================================================================
Analytic: total accumulated angle over the walk
===============================================================================
      k    sum(s)   sum gamma/(pi dt)    normalised
  -------------------------------------------------
      1      0.50                0.50          1.00
      2      1.00                1.00          1.00
      5      2.50                2.50          1.00
     10      5.00                5.00          1.00
     15      7.50                7.50          1.00
     20     10.00               10.00          1.00
     30     15.00               15.00          1.00
  sum(s) = k/2 exactly -> current schedule's total angle is LINEAR in k;
  the 2/k factor makes it exactly 1.0 for every k.

===============================================================================
Consequence: distance moved and energy vs k
===============================================================================
      k   |move| now      E now   |move| norm     E norm
  ------------------------------------------------------
      1       0.3058    -4.0262        0.5352    -3.4647
      2       0.3918    -3.8631        0.3958    -3.8807
      5       0.5310    -4.3321        0.3634    -3.7937
     10       0.6522    -4.4897        0.3588    -3.7463
     15       0.6616    -4.4336        0.3534    -3.7343
     20       0.7286    -4.3594        0.3515    -3.7110
     30       0.8600    -4.3932        0.3570    -3.7403
  (flat |move| under 'norm' = k decoupled from step size; then k is a
   convergence knob and dt alone sets how far the walk steps)
