
===== H2 | exact -1.8573 | 2 params/block = 4 vertices | 6 seeds =====
  decoder         shots    E_best   E_final     std     SEM  circ/blk
  -------------------------------------------------------------------
/home/poig/project/self-research/Quantum_AI/QLTO/Application/v4_softmin.py:81: DeprecationWarning: The class ``qiskit.circuit.library.basis_change.qft.QFT`` is deprecated as of Qiskit 2.1. It will be removed in Qiskit 3.0. ('Use qiskit.circuit.library.QFTGate or qiskit.synthesis.qft.synth_qft_full instead, for access to all previous arguments.',)
  qc.append(QFT(num_qubits=k, inverse=True, do_swaps=True), anc)
/home/poig/project/self-research/Quantum_AI/QLTO/Application/v4_softmin.py:81: DeprecationWarning: The class ``qiskit.circuit.library.basis_change.qft.QFT`` is deprecated as of Qiskit 2.1. It will be removed in Qiskit 3.0. ('Use qiskit.circuit.library.QFTGate or qiskit.synthesis.qft.synth_qft_full instead, for access to all previous arguments.',)
  qc.append(QFT(num_qubits=k, inverse=True, do_swaps=True), anc)
  marginal@8k      8192   -1.8252   -1.7653  0.1014  0.0414         2
  top4@8k          8192   -1.2446   -1.2446  0.2062  0.0842         1
  top4@16k        16384   -1.2446   -1.2446  0.2062  0.0842         1
  top8@8k          8192   -1.2446   -1.2446  0.2062  0.0842         1
  frac25@8k        8192   -1.8275   -1.8064  0.0179  0.0073         1
  boltz0.1@8k      8192   -1.8307   -1.7916  0.0125  0.0051         1
  boltz0.3@8k      8192   -1.8358   -1.7975  0.0179  0.0073         1
  boltz1.0@8k      8192   -1.8218   -1.7993  0.0063  0.0026         1

  vs marginal (E_final, negative = decoder better):
    top4@8k       +0.5207  (5.6 sigma)
    top4@16k      +0.5207  (5.6 sigma)
    top8@8k       +0.5207  (5.6 sigma)
    frac25@8k     -0.0411  (1.0 sigma)
    boltz0.1@8k   -0.0263  (0.6 sigma)
    boltz0.3@8k   -0.0322  (0.8 sigma)
    boltz1.0@8k   -0.0340  (0.8 sigma)

===== Heisenberg N=4 | exact -6.4641 | 4 params/block = 16 vertices | 6 seeds =====
  decoder         shots    E_best   E_final     std     SEM  circ/blk
  -------------------------------------------------------------------
  marginal@8k      8192   -6.0170   -6.0064  0.0351  0.0143         2
  top4@8k          8192   -6.0093   -5.9849  0.0482  0.0197         1
  top4@16k        16384   -6.0014   -5.9890  0.0240  0.0098         1
  top8@8k          8192   -5.9936   -5.9820  0.0284  0.0116         1
  frac25@8k        8192   -6.0023   -5.9882  0.0413  0.0169         1
  boltz0.1@8k      8192   -6.0535   -6.0340  0.0452  0.0184         1
  boltz0.3@8k      8192   -6.0325   -6.0263  0.0383  0.0156         1
  boltz1.0@8k      8192   -4.7974   -4.7974  1.1731  0.4789         1

  vs marginal (E_final, negative = decoder better):
    top4@8k       +0.0215  (0.9 sigma)
    top4@16k      +0.0174  (1.0 sigma)
    top8@8k       +0.0243  (1.3 sigma)
    frac25@8k     +0.0182  (0.8 sigma)
    boltz0.1@8k   -0.0276  (1.2 sigma)
    boltz0.3@8k   -0.0199  (0.9 sigma)
    boltz1.0@8k   +1.2090  (2.5 sigma)

===== Heisenberg N=6 | exact -9.9743 | 6 params/block = 64 vertices | 6 seeds =====
  decoder         shots    E_best   E_final     std     SEM  circ/blk
  -------------------------------------------------------------------
  marginal@8k      8192   -9.0491   -9.0390  0.0372  0.0152         2
  top4@8k          8192   -9.0045   -8.9650  0.0646  0.0264         1
  top4@16k        16384   -9.0417   -9.0236  0.0716  0.0292         1
  top8@8k          8192   -9.0664   -9.0510  0.0445  0.0182         1
  frac25@8k        8192   -8.9003   -8.8858  0.3329  0.1359         1
  boltz0.1@8k      8192   -9.0553   -9.0375  0.0599  0.0245         1
  boltz0.3@8k      8192   -8.7223   -8.7218  0.5857  0.2391         1
  boltz1.0@8k      8192   -5.0554   -5.0554  0.7435  0.3035         1

  vs marginal (E_final, negative = decoder better):
    top4@8k       +0.0740  (2.4 sigma)
    top4@16k      +0.0154  (0.5 sigma)
    top8@8k       -0.0120  (0.5 sigma)
    frac25@8k     +0.1531  (1.1 sigma)
    boltz0.1@8k   +0.0015  (0.1 sigma)
    boltz0.3@8k   +0.3172  (1.3 sigma)
    boltz1.0@8k   +3.9836  (13.1 sigma)
