====================================================================================
Schedule A/B with dt tuned per schedule.  start E = -3.3695
====================================================================================

  --- CURRENT ---
     k  dt=0.15   dt=0.3   dt=0.6     dt=1   dt=1.5   dt=2.5     dt=4     best
  ----------------------------------------------------------------------------
     2   -3.368   -3.877   -4.360   -3.895   -2.912   -2.880   -3.382   -4.360
     5   -4.209   -4.310   -4.214   -3.557   -2.964   -3.249   -3.231   -4.310
    10   -4.360   -4.493   -4.065   -3.069   -3.367   -3.321   -2.506   -4.493
    15   -4.561   -4.369   -3.423   -3.034   -3.638   -2.287   -3.263   -4.561
    20   -4.408   -4.242   -3.701   -3.190   -3.715   -2.743   -3.742   -4.408
    30   -4.521   -4.218   -3.830   -2.841   -2.855   -2.851   -2.562   -4.521
  best over dt, per k : ['-4.360', '-4.310', '-4.493', '-4.561', '-4.408', '-4.521']
  spread across k     : 0.2508   (smaller = k and dt properly decoupled)
  best overall        : -4.5609

  --- NORMALISED (2/k) ---
     k  dt=0.15   dt=0.3   dt=0.6     dt=1   dt=1.5   dt=2.5     dt=4     best
  ----------------------------------------------------------------------------
     2   -3.350   -3.876   -4.341   -3.893   -2.885   -2.889   -3.367   -4.341
     5   -3.242   -3.798   -3.962   -4.122   -4.088   -3.137   -3.130   -4.122
    10   -3.223   -3.784   -3.920   -4.202   -4.316   -3.705   -3.059   -4.316
    15   -3.218   -3.742   -3.950   -4.253   -4.393   -3.945   -3.716   -4.393
    20   -3.216   -3.721   -3.937   -4.225   -4.400   -4.014   -4.165   -4.400
    30   -3.208   -3.745   -3.928   -4.253   -4.415   -4.069   -4.221   -4.415
  best over dt, per k : ['-4.341', '-4.122', '-4.316', '-4.393', '-4.400', '-4.415']
  spread across k     : 0.2927   (smaller = k and dt properly decoupled)
  best overall        : -4.4148
