========================================================================================
RECONCILING v53 AGAINST v20's LOGGED ROW
========================================================================================
  v20's own code, unmodified, at Heisenberg N=4 / 256 shots / seeds 42-47.

    seed 42: walk=-4.9179  boltz0.1=-5.6472  gradstep=-5.7996
    seed 43: walk=-5.2800  boltz0.1=-5.0955  gradstep=-5.6291
    seed 44: walk=-5.5212  boltz0.1=-5.3260  gradstep=-5.6478
    seed 45: walk=-4.8658  boltz0.1=-5.2401  gradstep=-5.6943
    seed 46: walk=-4.1973  boltz0.1=-5.4408  gradstep=-5.1195
    seed 47: walk=-5.5265  boltz0.1=-5.7509  gradstep=-5.5902

         arm    v20 today   v20 logged   v53 today   today-log
  ------------------------------------------------------------
        walk      -5.0514      -5.7904     -4.5406     +0.7390
    boltz0.1      -5.4167      -5.5951     -5.0903     +0.1784
    gradstep      -5.5801      -5.8096     -5.3907     +0.2295

  If 'v20 today' matches 'v20 logged', v53 has a bug and the baseline is
  sound. If 'v20 today' matches 'v53 today' instead, nisq_v3 has changed
  under both and the LOG is stale - in which case v20's row cannot be used
  to decide anything, and neither can any other verdict that predates the
  same defaults changes without being re-established.
