====================================================================================================
LEVEL 2 WALK EXPERIMENT — Correlated Drift + Correlated Mixer (2x2 Factorial)
====================================================================================================
  R=0.6, dt=0.5, k=15, 65536 shots.
  Arm A: deg1 drift + product mixer       (Level 1 control)
  Arm B: deg1+2 drift + product mixer     (Reproduces v42)
  Arm C: deg1 drift + correlated mixer    (Isolates mixer)
  Arm D: deg1+2 drift + correlated mixer  (Full Level 2)

====================================================================================================
  PROBLEM: MaxCut N=4
====================================================================================================
   blk  d1ok               arm  scale  corr(P,-E)  enh_true  enh_deg1  mode=x*  depth
  --------------------------------------------------------------------------------------
     0     Y      A: deg1+prod   1.00      0.7047     4.743     4.743     True    134
     0     Y    B: deg1+2+prod   1.00      0.1677     0.940     0.940    False    344
                  C: deg1+corr   0.25      0.7221     4.568     4.568     True    345
                D: deg1+2+corr   0.25      0.1747     0.932     0.932    False    555
                  C: deg1+corr   0.50      0.7242     4.353     4.353     True    345
                D: deg1+2+corr   0.50      0.2039     0.915     0.915    False    555
                  C: deg1+corr   1.00      0.7717     3.255     3.255     True    345
                D: deg1+2+corr   1.00      0.3657     1.422     1.422    False    555
  ......................................................................................
     1     n      A: deg1+prod   1.00      0.4610     1.505     2.384    False    133
     1     n    B: deg1+2+prod   1.00      0.1401     1.072     3.335    False    343
                  C: deg1+corr   0.25     -0.1153     0.644     0.459    False    344
                D: deg1+2+corr   0.25     -0.4045     0.555     0.731    False    554
                  C: deg1+corr   0.50      0.5127     1.768     2.962    False    344
                D: deg1+2+corr   0.50      0.3306     1.058     1.840    False    554
                  C: deg1+corr   1.00      0.6564     1.419     1.536    False    344
                D: deg1+2+corr   1.00     -0.0095     0.802     0.482    False    554
  ......................................................................................
     2     n      A: deg1+prod   1.00      0.3382     0.992     5.951    False    134
     2     n    B: deg1+2+prod   1.00     -0.2154     0.498     1.004    False    344
                  C: deg1+corr   0.25      0.3490     0.972     5.434    False    345
                D: deg1+2+corr   0.25     -0.2053     0.474     0.939    False    555
                  C: deg1+corr   0.50      0.3565     1.007     4.335    False    345
                D: deg1+2+corr   0.50     -0.1758     0.709     0.800    False    555
                  C: deg1+corr   1.00      0.3384     0.959     4.669    False    345
                D: deg1+2+corr   1.00     -0.0776     0.560     0.853    False    555
  ......................................................................................
     3     n      A: deg1+prod   1.00      0.2483     0.574     0.805    False    133
     3     n    B: deg1+2+prod   1.00      0.2048     0.642     0.644    False    343
                  C: deg1+corr   0.25     -0.2339     1.733     1.089    False    344
                D: deg1+2+corr   0.25     -0.1599     1.952     0.978    False    554
                  C: deg1+corr   0.50      0.3022     0.457     0.808    False    344
                D: deg1+2+corr   0.50      0.3243     0.585     0.780    False    554
                  C: deg1+corr   1.00      0.3046     0.822     0.885    False    344
                D: deg1+2+corr   1.00      0.4935     1.021     0.945    False    554
  ......................................................................................
====================================================================================================
  PROBLEM: Heisenberg N=4
====================================================================================================
   blk  d1ok               arm  scale  corr(P,-E)  enh_true  enh_deg1  mode=x*  depth
  --------------------------------------------------------------------------------------
     0     Y      A: deg1+prod   1.00      0.6760     4.620     4.620     True    151
     0     Y    B: deg1+2+prod   1.00      0.0745     1.125     1.125    False    361
                  C: deg1+corr   0.25      0.6547     4.757     4.757     True    362
                D: deg1+2+corr   0.25     -0.0406     0.936     0.936    False    572
                  C: deg1+corr   0.50      0.6620     4.184     4.184     True    362
                D: deg1+2+corr   0.50     -0.2180     1.014     1.014    False    572
                  C: deg1+corr   1.00      0.5648     5.483     5.483     True    362
                D: deg1+2+corr   1.00      0.3142     1.209     1.209    False    572
  ......................................................................................
     1     Y      A: deg1+prod   1.00      0.2663     1.902     1.902     True    150
     1     Y    B: deg1+2+prod   1.00      0.3640     1.567     1.567    False    360
                  C: deg1+corr   0.25      0.0394     0.318     0.318    False    361
                D: deg1+2+corr   0.25      0.1616     0.463     0.463    False    571
                  C: deg1+corr   0.50      0.6808     2.835     2.835     True    361
                D: deg1+2+corr   0.50      0.4962     1.502     1.502    False    571
                  C: deg1+corr   1.00      0.5631     1.616     1.616    False    361
                D: deg1+2+corr   1.00      0.2490     0.793     0.793    False    571
  ......................................................................................
     2     n      A: deg1+prod   1.00      0.5026     0.791     1.949    False    151
     2     n    B: deg1+2+prod   1.00     -0.0601     0.466     5.803    False    361
                  C: deg1+corr   0.25      0.2459     0.843     2.067    False    362
                D: deg1+2+corr   0.25      0.0307     0.515     4.652    False    572
                  C: deg1+corr   0.50      0.2899     0.630     3.224    False    362
                D: deg1+2+corr   0.50      0.1653     0.946     0.678    False    572
                  C: deg1+corr   1.00      0.4105     0.833     2.217    False    362
                D: deg1+2+corr   1.00     -0.3183     0.658     2.078    False    572
  ......................................................................................
     3     n      A: deg1+prod   1.00      0.4116     1.029     2.035    False    151
     3     n    B: deg1+2+prod   1.00      0.2436     1.988     4.818    False    361
                  C: deg1+corr   0.25      0.5669     1.398     1.820    False    362
                D: deg1+2+corr   0.25      0.3000     1.597     3.977    False    572
                  C: deg1+corr   0.50      0.5816     1.623     1.417    False    362
                D: deg1+2+corr   0.50      0.2234     1.237     0.604    False    572
                  C: deg1+corr   1.00      0.3758     1.414     2.499    False    362
                D: deg1+2+corr   1.00      0.2084     0.438     2.848    False    572
  ......................................................................................
