=========================================================================
SYSTEM-REGISTER FILTERED QUANTUM COOLING (ALTERNATIVE 1 PROTOTYPE)
=========================================================================

=========================================================================
  Heisenberg N=4 | Exact E0 = -6.4641 | Gap = 2.6357 | M=4 terms
  Initial E = 3.0000 (error = 9.4641), Fidelity = 0.0000
=========================================================================
   step    Energy     Error  Fidelity  P_succ_raw   CumP_succ
  --------------------------------------------------------------
      1    3.0000    9.4641    0.0000  1.6575e-02  1.6575e-02
      2    3.0000    9.4641    0.0000  1.6575e-02  2.7472e-04
      3    3.0000    9.4641    0.0000  1.6575e-02  4.5534e-06
      4    3.0000    9.4641    0.0000  1.6575e-02  7.5471e-08
      5    3.0000    9.4641    0.0000  1.6575e-02  1.2509e-09
      6    3.0000    9.4641    0.0000  1.6575e-02  2.0733e-11
      7    3.0000    9.4641    0.0000  1.6575e-02  3.4365e-13
      8    3.0000    9.4641    0.0000  1.6575e-02  5.6959e-15

=========================================================================
  Heisenberg N=4 | Exact E0 = -6.4641 | Gap = 2.6357 | M=8 terms
  Initial E = 3.0000 (error = 9.4641), Fidelity = 0.0000
=========================================================================
   step    Energy     Error  Fidelity  P_succ_raw   CumP_succ
  --------------------------------------------------------------
      1    3.0000    9.4641    0.0000  3.3644e-02  3.3644e-02
      2    3.0000    9.4641    0.0000  3.3644e-02  1.1319e-03
      3    3.0000    9.4641    0.0000  3.3644e-02  3.8081e-05
      4    3.0000    9.4641    0.0000  3.3644e-02  1.2812e-06
      5    3.0000    9.4641    0.0000  3.3644e-02  4.3104e-08
      6    3.0000    9.4641    0.0000  3.3644e-02  1.4502e-09
      7    3.0000    9.4641    0.0000  3.3644e-02  4.8790e-11
      8    3.0000    9.4641    0.0000  3.3644e-02  1.6415e-12

=========================================================================
  Heisenberg N=4 | Exact E0 = -6.4641 | Gap = 2.6357 | M=16 terms
  Initial E = 3.0000 (error = 9.4641), Fidelity = 0.0000
=========================================================================
   step    Energy     Error  Fidelity  P_succ_raw   CumP_succ
  --------------------------------------------------------------
      1    3.0000    9.4641    0.0000  4.7092e-02  4.7092e-02
      2    3.0000    9.4641    0.0000  4.7092e-02  2.2177e-03
      3    3.0000    9.4641    0.0000  4.7092e-02  1.0444e-04
      4    3.0000    9.4641    0.0000  4.7092e-02  4.9181e-06
      5    3.0000    9.4641    0.0000  4.7092e-02  2.3161e-07
      6    3.0000    9.4641    0.0000  4.7092e-02  1.0907e-08
      7    3.0000    9.4641    0.0000  4.7092e-02  5.1363e-10
      8    3.0000    9.4641    0.0000  4.7092e-02  2.4188e-11

=========================================================================
  MaxCut N=4 | Exact E0 = -0.0000 | Gap = 0.0000 | M=4 terms
  Initial E = 1.9800 (error = 1.9800), Fidelity = 0.0625
=========================================================================
   step    Energy     Error  Fidelity  P_succ_raw   CumP_succ
  --------------------------------------------------------------
      1    1.9800    1.9800    0.0007  3.0228e-01  3.0228e-01
      2    1.9800    1.9800    0.0000  5.9808e-01  1.8079e-01
      3    1.9800    1.9800    0.0000  6.0128e-01  1.0870e-01
      4    1.9800    1.9800    0.0000  6.0130e-01  6.5364e-02
      5    1.9800    1.9800    0.0000  6.0130e-01  3.9304e-02
      6    1.9800    1.9800    0.0000  6.0130e-01  2.3633e-02
      7    1.9800    1.9800    0.0000  6.0130e-01  1.4211e-02
      8    1.9800    1.9800    0.0000  6.0130e-01  8.5450e-03

=========================================================================
  MaxCut N=4 | Exact E0 = -0.0000 | Gap = 0.0000 | M=8 terms
  Initial E = 1.9800 (error = 1.9800), Fidelity = 0.0625
=========================================================================
   step    Energy     Error  Fidelity  P_succ_raw   CumP_succ
  --------------------------------------------------------------
      1    1.9800    1.9800    0.1007  1.3286e-01  1.3286e-01
      2    1.9800    1.9800    0.1181  1.8257e-01  2.4258e-02
      3    1.9800    1.9800    0.1233  2.0522e-01  4.9781e-03
      4    1.9800    1.9800    0.1246  2.1189e-01  1.0548e-03
      5    1.9800    1.9800    0.1249  2.1359e-01  2.2530e-04
      6    1.9800    1.9800    0.1250  2.1400e-01  4.8214e-05
      7    1.9800    1.9800    0.1250  2.1410e-01  1.0323e-05
      8    1.9800    1.9800    0.1250  2.1413e-01  2.2104e-06

=========================================================================
  MaxCut N=4 | Exact E0 = -0.0000 | Gap = 0.0000 | M=16 terms
  Initial E = 1.9800 (error = 1.9800), Fidelity = 0.0625
=========================================================================
   step    Energy     Error  Fidelity  P_succ_raw   CumP_succ
  --------------------------------------------------------------
      1    1.9800    1.9800    0.0089  9.2003e-04  9.2003e-04
      2    1.9800    1.9800    0.0007  1.5971e-03  1.4693e-06
      3    1.9800    1.9800    0.0001  1.7001e-03  2.4980e-09
      4    1.9800    1.9800    0.0000  1.7086e-03  4.2679e-12
      5    1.9800    1.9800    0.0000  1.7092e-03  7.2948e-15
      6    1.9800    1.9800    0.0000  1.7093e-03  1.2469e-17
      7    1.9800    1.9800    0.0000  1.7093e-03  2.1312e-20
      8    1.9800    1.9800    0.0000  1.7093e-03  3.6428e-23

=========================================================================
  Heisenberg N=6 | Exact E0 = -9.9743 | Gap = 1.9663 | M=4 terms
  Initial E = 5.0000 (error = 14.9743), Fidelity = 0.0000
=========================================================================
   step    Energy     Error  Fidelity  P_succ_raw   CumP_succ
  --------------------------------------------------------------
      1    5.0000   14.9743    0.0000  1.6575e-02  1.6575e-02
      2    5.0000   14.9743    0.0000  1.6575e-02  2.7472e-04
      3    5.0000   14.9743    0.0000  1.6575e-02  4.5534e-06
      4    5.0000   14.9743    0.0000  1.6575e-02  7.5471e-08
      5    5.0000   14.9743    0.0000  1.6575e-02  1.2509e-09
      6    5.0000   14.9743    0.0000  1.6575e-02  2.0733e-11
      7    5.0000   14.9743    0.0000  1.6575e-02  3.4365e-13
      8    5.0000   14.9743    0.0000  1.6575e-02  5.6959e-15

=========================================================================
  Heisenberg N=6 | Exact E0 = -9.9743 | Gap = 1.9663 | M=8 terms
  Initial E = 5.0000 (error = 14.9743), Fidelity = 0.0000
=========================================================================
   step    Energy     Error  Fidelity  P_succ_raw   CumP_succ
  --------------------------------------------------------------
      1    5.0000   14.9743    0.0000  3.3644e-02  3.3644e-02
      2    5.0000   14.9743    0.0000  3.3644e-02  1.1319e-03
      3    5.0000   14.9743    0.0000  3.3644e-02  3.8081e-05
      4    5.0000   14.9743    0.0000  3.3644e-02  1.2812e-06
      5    5.0000   14.9743    0.0000  3.3644e-02  4.3104e-08
      6    5.0000   14.9743    0.0000  3.3644e-02  1.4502e-09
      7    5.0000   14.9743    0.0000  3.3644e-02  4.8790e-11
      8    5.0000   14.9743    0.0000  3.3644e-02  1.6415e-12

=========================================================================
  Heisenberg N=6 | Exact E0 = -9.9743 | Gap = 1.9663 | M=16 terms
  Initial E = 5.0000 (error = 14.9743), Fidelity = 0.0000
=========================================================================
   step    Energy     Error  Fidelity  P_succ_raw   CumP_succ
  --------------------------------------------------------------
      1    5.0000   14.9743    0.0000  4.7092e-02  4.7092e-02
      2    5.0000   14.9743    0.0000  4.7092e-02  2.2177e-03
      3    5.0000   14.9743    0.0000  4.7092e-02  1.0444e-04
      4    5.0000   14.9743    0.0000  4.7092e-02  4.9181e-06
      5    5.0000   14.9743    0.0000  4.7092e-02  2.3161e-07
      6    5.0000   14.9743    0.0000  4.7092e-02  1.0907e-08
      7    5.0000   14.9743    0.0000  4.7092e-02  5.1363e-10
      8    5.0000   14.9743    0.0000  4.7092e-02  2.4188e-11
