=========================================================================
PATH B: MODEL-FREE PULSE CONTROL VIA QLTO PRIMITIVE
=========================================================================
  Target Amplitudes: [ 0.8 -0.6  0.7 -0.5]
  Pulse Duration T = 1.5s | M = 4 control drives

  Initial u: [ 0.6745 -0.1493  0.932  -0.4013]
  Initial Fidelity: 0.88779

PART 1: Pulse Gradient Validation
--------------------------------------------------
  QLTO Gradient: [-0.2224  0.0037 -0.1743  0.3349]
  FD Gradient:   [ 0.1883 -0.3303 -0.1557 -0.1827]
  Cosine Similarity: -0.39160

PART 2: Model-Free Pulse Calibration Loop
-----------------------------------------------------------------
   epoch      R    Fidelity    ||u - u_target||   Circuits Used
-----------------------------------------------------------------
       1  0.300     0.82059              0.5916               1
       4  0.219     0.72666              0.6306               4
       7  0.159     0.72211              0.6150               7
      10  0.116     0.73073              0.6407              10
      13  0.085     0.73760              0.6083              13
      16  0.062     0.78098              0.5563              16
      19  0.045     0.76987              0.5720              19
      22  0.033     0.77946              0.5501              22
      25  0.024     0.76328              0.5821              25

=================================================================
EFFICIENCY COMPARISON
=================================================================
  Final Recovered Amplitudes: [ 0.4057 -0.2789  0.4497 -0.3675]
  True Optimal Amplitudes:    [ 0.8 -0.6  0.7 -0.5]
  Max Amplitude Error:        0.3943
  QLTO Quantum Circuits Used: 25
  FD GRAPE Circuits Required: 200  (8.0x reduction)
