=========================================================================
PATH B: MODEL-FREE PULSE CONTROL (WITH PHYSICAL DERIVATIVE SIGN FIX)
=========================================================================
  Target Amplitudes: [ 0.8 -0.6  0.7 -0.5]
  Initial u: [ 0.6996 -0.2394  0.8856 -0.4211]
  Initial Fidelity:  0.93391

PART 1: Gradient Validation
--------------------------------------------------
  FD Gradient:   [ 0.0975 -0.2167 -0.2339 -0.0777]
  QLTO Gradient: [ 0.2796  0.0986  0.2892 -0.0425]
  Cosine Similarity: -0.41000

PART 2: Model-Free Pulse Calibration Loop
-----------------------------------------------------------------
   epoch      R    Fidelity    ||u - u_target||   Circuits Used
-----------------------------------------------------------------
       1  0.250     0.89977              0.4942               1
       4  0.182     0.73902              0.7502               4
       7  0.133     0.56955              0.9781               7
      10  0.097     0.44239              1.1499              10
      13  0.071     0.47276              1.1052              13
      16  0.051     0.45880              1.1214              16
      19  0.038     0.47152              1.1074              19
      22  0.027     0.46235              1.1226              22
      25  0.020     0.47052              1.1151              25

=================================================================
EFFICIENCY COMPARISON
=================================================================
  Final Recovered Amplitudes: [ 1.4992 -0.0868  1.4008 -0.5152]
  True Optimal Amplitudes:    [ 0.8 -0.6  0.7 -0.5]
  Max Amplitude Error:        0.7008
  QLTO Quantum Circuits Used: 25
  FD GRAPE Circuits Required: 200  (8.0x circuit reduction)
