=========================================================================
TEMPLATE 4 TEST: QUANTUM NATURAL GRADIENT (FUBINI-STUDY METRIC)
=========================================================================

=========================================================================
  Heisenberg N=4 | Exact E0 = -6.4641 | N=4 qubits, M=16 params
=========================================================================
   epoch   E_Euclidean   Err_Euc         E_QNG   Err_QNG   QNG Advantage
  ------------------------------------------------------------------------
       1       -1.5806    4.8835       -1.5806    4.8835Euclidean faster
       4       -4.3322    2.1319       -2.9459    3.5182Euclidean faster
       8       -5.9009    0.5632       -4.3349    2.1292Euclidean faster
      12       -5.9664    0.4977       -5.7805    0.6836Euclidean faster
      16       -5.9876    0.4765       -5.9606    0.5035Euclidean faster
      20       -5.9978    0.4663       -5.9822    0.4819Euclidean faster
      24       -6.0038    0.4603       -5.9912    0.4729Euclidean faster
      28       -6.0080    0.4561       -5.9957    0.4684Euclidean faster
      32       -6.0116    0.4525       -5.9982    0.4659Euclidean faster

=========================================================================
  Frustrated Spin Glass N=4 | Exact E0 = -3.3817 | N=4 qubits, M=16 params
=========================================================================
   epoch   E_Euclidean   Err_Euc         E_QNG   Err_QNG   QNG Advantage
  ------------------------------------------------------------------------
       1        0.2478    3.6295        0.2478    3.6295Euclidean faster
       4       -0.4082    2.9735       -0.0547    3.3270Euclidean faster
       8       -1.5905    1.7912       -0.4909    2.8908Euclidean faster
      12       -2.5330    0.8487       -0.9939    2.3878Euclidean faster
      16       -2.7996    0.5821       -1.5310    1.8507Euclidean faster
      20       -2.8837    0.4980       -2.0478    1.3339Euclidean faster
      24       -2.9329    0.4488       -2.4823    0.8994Euclidean faster
      28       -2.9686    0.4131       -2.7936    0.5881Euclidean faster
      32       -2.9975    0.3842       -2.9526    0.4291Euclidean faster

=========================================================================
  Frustrated Spin Glass N=6 | Exact E0 = -4.2582 | N=6 qubits, M=24 params
=========================================================================
   epoch   E_Euclidean   Err_Euc         E_QNG   Err_QNG   QNG Advantage
  ------------------------------------------------------------------------
       1       -0.7150    3.5432       -0.7150    3.5432Euclidean faster
       4       -1.5210    2.7373       -1.1951    3.0631Euclidean faster
       8       -2.2062    2.0520       -1.5615    2.6967Euclidean faster
      12       -2.5810    1.6772       -1.9244    2.3338Euclidean faster
      16       -2.8284    1.4299       -2.2919    1.9663Euclidean faster
      20       -3.0263    1.2319       -2.5253    1.7330Euclidean faster
      24       -3.2333    1.0249       -2.6685    1.5897Euclidean faster
      28       -3.4819    0.7764       -2.8115    1.4467Euclidean faster
      32       -3.7414    0.5168       -2.9637    1.2946Euclidean faster
