====================================================================================
Walsh weight by degree, PER BLOCK (absolute, not normalised)
====================================================================================
  prediction: deg3+ vanishes to machine precision on the blocks with no
  entangler after them (blk 2, blk 3), and is nonzero on blk 0, blk 1

  --- Heisenberg N=4 | blocks [4, 4, 4, 4] axes ['Y', 'Z', 'Y', 'Z'] ---
  blk  axis          deg1        deg2        deg3        deg4
  -----------------------------------------------------------
  0    Y        2.329e+00   1.286e-01   4.863e-04   1.750e-07
  1    Z        2.265e-02   7.692e-05   1.099e-05   1.694e-08
  2    Y        8.983e-02   1.718e-01   7.858e-32   1.926e-32
  3    Z        4.403e-02   2.724e-01   8.936e-32   1.926e-32
  ........................................
  0    Y        4.269e-01   9.041e-02   3.448e-03   5.464e-05
  1    Z        3.697e-01   3.548e-03   2.808e-08   3.515e-11
  2    Y        3.516e-01   3.334e-01   6.481e-32   8.137e-33
  3    Z        6.386e-01   2.516e-01   1.632e-32   5.826e-33
  ........................................

  --- Heisenberg N=6 | blocks [6, 6, 6, 6] axes ['Y', 'Z', 'Y', 'Z'] ---
  blk  axis          deg1        deg2        deg3        deg4
  -----------------------------------------------------------
  0    Y        2.445e-01   1.074e-01   3.695e-03   2.003e-03
  1    Z        2.632e-01   1.861e-04   2.082e-06   3.934e-08
  2    Y        2.011e-01   3.289e-02   1.883e-32   2.407e-32
  3    Z        9.402e-02   9.104e-03   5.507e-32   1.908e-32
  ........................................
  0    Y        1.761e+00   1.427e-01   1.372e-03   2.483e-06
  1    Z        8.607e-01   1.585e-05   1.706e-07   4.535e-08
  2    Y        6.061e-01   7.382e-02   2.524e-32   2.275e-32
  3    Z        1.232e+00   7.053e-02   6.371e-32   2.290e-32
  ........................................

  deg3 at ~1e-30 or below is exact zero in double precision;
  deg3 at 1e-3 or above is real structure the CX spread created.
