====================================================================================================
tau0 SCALE: SPECTRAL NORM (V3) vs SPECTRAL RANGE (V5)
====================================================================================================
  H_sense is traceless, so range/2 <= ||H0||_2 <= range and V5's tau0 is
  always 1x-2x smaller. Cost of the smaller tau0 is readout resolution.

       problem    ||H0||     range   ratio   lam_min   lam_max    bin V3    bin V5
  --------------------------------------------------------------------------------
      Heis N=4    6.4641    9.4641   1.464   -6.4641    3.0000    3.2321    4.7321
      Heis N=6    9.9743   14.9743   1.501   -9.9743    5.0000    4.9872    7.4872
    MaxCut N=4    4.0000    8.0000   2.000   -4.0000    4.0000    2.0000    4.0000
    MaxCut N=6    6.0000   12.0000   2.000   -6.0000    6.0000    3.0000    6.0000
      TFIM N=4    4.7588    9.5175   2.000   -4.7588    4.7588    2.3794    4.7588
            H2    0.8274    1.6322   1.973   -0.8048    0.8274    0.4137    0.8161

  ALIASING CHECK: the QPE window is |E| <= pi/tau0 = margin*S. Aliasing
  happens iff max|lambda| > margin*S, i.e. iff ||H0|| > margin*S.
       problem   window V3   window V5   max|lam|  alias V3  alias V5
  -------------------------------------------------------------------
      Heis N=4     12.9282     18.9282     6.4641        no        no
      Heis N=6     19.9486     29.9486     9.9743        no        no
    MaxCut N=4      8.0000     16.0000     4.0000        no        no
    MaxCut N=6     12.0000     24.0000     6.0000        no        no
      TFIM N=4      9.5175     19.0351     4.7588        no        no
            H2      1.6548      3.2644     0.8274        no        no

====================================================================================================
  READOUT AND GRADIENT UNDER EACH CONVENTION
====================================================================================================
  num_ancillas=3, margin=2.0, shots=4096, R=0.6, block 0,
  seeds 0-4. 'E err' is |E_qpe - E_exact| at the centre; 'cos' is the
  cosine between the block's sensed gradient and the exact gradient.

       problem   E err V3   E err V5    cos V3    cos V5    winner
  ----------------------------------------------------------------
      Heis N=4     0.1828     0.2386    0.9744    0.9587        V3
      Heis N=6     0.2386     0.1983    0.8770    0.7740        V3
    MaxCut N=4     0.2265     0.2265    0.9850    0.9850       tie
    MaxCut N=6     0.1597     0.2996    0.9584    0.7389        V3
      TFIM N=4     0.3907     0.2481    0.9670    0.9626       tie
            H2     0.0392     0.0445    0.9931    0.9730        V3

  If V3 wins on E err and cos with no aliasing flagged, V5 line 237 is a
  resolution regression and should read H0_norm. If they tie, the choice is
  free and V5's is the safer default. Either way the two files should stop
  disagreeing silently.
