====================================================================================================
BLOCKING AND CIRCUIT COST AS IMPLEMENTED
====================================================================================================
  efficient_su2(N, reps=r); _layers() partitions by disjoint qubit
  support. C_QLTO = G*L per gradient, parameter-shift = 2*M*G.

    N  r    M   L  2(r+1)  n(min)  n(max)  G heis   C_QLTO   C_PS   ratio   2N
  ------------------------------------------------------------------------------------
    4  1   16   4       4       4       4       3       12     96     8.0    8
    4  2   24   6       6       4       4       3       18    144     8.0    8
    4  3   32   8       8       4       4       3       24    192     8.0    8
    4  4   40  10      10       4       4       3       30    240     8.0    8
  ....................................................................................
    6  1   24   4       4       6       6       3       12    144    12.0   12
    6  2   36   6       6       6       6       3       18    216    12.0   12
    6  3   48   8       8       6       6       3       24    288    12.0   12
    6  4   60  10      10       6       6       3       30    360    12.0   12
  ....................................................................................
    8  1   32   4       4       8       8       3       12    192    16.0   16
    8  2   48   6       6       8       8       3       18    288    16.0   16
    8  3   64   8       8       8       8       3       24    384    16.0   16
    8  4   80  10      10       8       8       3       30    480    16.0   16
  ....................................................................................

  L = 2(r+1) and n = N on every row: True

  G by family (the only N-dependence in C_QLTO = 2G(r+1)):
        family    N=4    N=6    N=8   N=10
  ----------------------------------------
    Heisenberg      3      3      3      3
        MaxCut      1      1      1      1

====================================================================================================
  THE SHOT CORRECTION (T4): Var(g_i) = (1/S)[a + b(n-1)]
====================================================================================================
  Refit here so the correction is measured, not assumed. Var of the sensed
  gradient component 0 across 40 repeats, Heisenberg N=8, R=0.6, S=1024,
  sweeping the block width n by taking the first n of a single layer's
  parameters (so the ansatz and the coordinate are held fixed).

     n      Var(g_0)       Var*S
  ------------------------------
     1      0.045569     46.6622
     2      0.060688     62.1449
     4      0.079957     81.8755
     6      0.057135     58.5061
     8      0.079116     81.0144

  fit  Var*S = a + b(n-1)   ->   a = 55.2354,  b = 3.3766,  b/a = 0.061

  b > 0 means shots must grow with block width to hold per-component
  precision. At n = N that is S ~ N, and the 2N circuit advantage becomes
  a CONSTANT factor in total shots: C_QLTO*S ~ 2G(r+1)*N = G*M against
  parameter-shift's 2MG*S'. b ~ 0 would mean the circuit advantage
  survives into shots intact - which is the stronger claim, and the one
  the numbers above decide.

  ---------------------------------------------------------------------------
  CORRECTION, written after the run. The closing paragraph above (produced by
  the script as it stood at run time) attributes the shot question to the b(n-1)
  variance term. That is the wrong mechanism for this path. The sweep measured
  gradient_mode='direct', where T4 establishes b = 0 STRUCTURALLY - a Hadamard
  shot is a bounded +-1 Bernoulli whose variance cannot exceed 1 however much
  the energy varies across the hypercube - with T4's own fit at b/a = -0.004.
  The b/a = 0.061 above sits ~1.4 sigma from zero at 40 repeats (~23% error per
  variance estimate), so it is consistent with T4 and decides nothing.

  What actually caps QLTO on shots is BIAS: the estimator is unbiased for the
  R-smeared gradient, not for grad E, so cos(g_hat, grad E) plateaus at ~0.977
  (v14) while parameter-shift has no floor and overtakes near 8k total shots.
  RESEARCH_NOTES already withdraws "3.2x fewer total shots" on exactly that
  ground. The circuit law in the first table - 2N exactly, on all 12 rows - is
  unaffected and is the claim that survives.
  ---------------------------------------------------------------------------
