====================================================================================================
QLTO MARGINAL vs SPSA — information per energy evaluation
====================================================================================================
  Exact statevector energies, no shot noise. R = C = 0.6, so both carry
  the same O(R^2) displacement bias and differ ONLY in the readout.
  K sigma-samples = 2K energy evaluations for BOTH methods.
  Scored as cos(g_hat, grad E) against the parameter-shift gradient,
  12 repeats. QLTO's advantage should GROW with M if it is the
  cross-talk term; stay flat if it is a constant factor.

  Heisenberg N=4,  M=24,  |grad E| = 2.8699,  max|d_iE| = 1.3721
       K   evals    cos SPSA    cos QLTO      gap
  -----------------------------------------------
       1       2      0.1055      0.1055   0.0000
       2       4      0.1466      0.1466  -0.0000
       4       8      0.1581      0.1581   0.0000
       8      16      0.3548      0.3548   0.0000
      16      32      0.3897      0.3897  -0.0000
      32      64      0.5268      0.5268  -0.0000
      64     128      0.6313      0.6313   0.0000
     128     256      0.7633      0.7633   0.0000
     256     512      0.8330      0.8330   0.0000
  evals to reach cos >= 0.90:  SPSA None   QLTO None

  Heisenberg N=6,  M=36,  |grad E| = 2.4371,  max|d_iE| = 0.8776
       K   evals    cos SPSA    cos QLTO      gap
  -----------------------------------------------
       1       2      0.0524      0.0524   0.0000
       2       4      0.0944      0.0944  -0.0000
       4       8      0.2373      0.2373  -0.0000
       8      16      0.1969      0.1969   0.0000
      16      32      0.3804      0.3804   0.0000
      32      64      0.4984      0.4984   0.0000
      64     128      0.5878      0.5878   0.0000
