====================================================================================
PART 1. Does the return-bit marginal give the gradient?
====================================================================================
  N=4 qubits, 5 terms ['ZZII', 'IZZI', 'IIZZ', 'ZIII', 'IIZI'], T=1.0
  c_true = [ 0.8  -0.55  0.35  0.6  -0.4 ]
/home/poig/anaconda3/lib/python3.13/site-packages/scipy/sparse/linalg/_dsolve/linsolve.py:606: SparseEfficiencyWarning: splu converted its input to CSC format
  return splu(A).solve
/home/poig/anaconda3/lib/python3.13/site-packages/scipy/sparse/linalg/_matfuncs.py:707: SparseEfficiencyWarning: spsolve is more efficient when sparse b is in the CSC matrix format
  return spsolve(Q, P)
  probe theta = [ 1.1  -0.8   0.55  0.3  -0.15]   return prob = 0.7140

/home/poig/anaconda3/lib/python3.13/site-packages/scipy/sparse/_index.py:168: SparseEfficiencyWarning: Changing the sparsity structure of a csr_matrix is expensive. lil and dok are more efficient.
  self._set_intXint(row, col, x.flat[0])
  k   term     d(ret)/dtheta  smeared exact    measured
  -----------------------------------------------------
  0   ZZII           -0.4104        -0.2025     -0.2006
  1   IZZI            0.3277         0.1649      0.1725
  2   IIZZ           -0.2895        -0.1419     -0.1359
  3   ZIII            0.4104         0.2025      0.2073
  4   IIZI           -0.3277        -0.1649     -0.1574

  cos(measured, smeared) = 0.99943   norm ratio = 0.9989
  cos(measured, exact)   = 0.99934
  cos ~ 1 vs SMEARED is the claim; vs exact it degrades by the usual R^2.

====================================================================================
PART 2. Recovery: can it find c_true from a wrong start?
====================================================================================
   epoch      R  ||theta-c||  return prob
  ---------------------------------------
/home/poig/anaconda3/lib/python3.13/site-packages/scipy/sparse/linalg/_dsolve/linsolve.py:606: SparseEfficiencyWarning: splu converted its input to CSC format
  return splu(A).solve
/home/poig/anaconda3/lib/python3.13/site-packages/scipy/sparse/linalg/_matfuncs.py:707: SparseEfficiencyWarning: spsolve is more efficient when sparse b is in the CSC matrix format
  return spsolve(Q, P)
   start      -       0.3108       0.9070
       5  0.287       0.0649       0.9958
      10  0.189       0.1632       0.9737
      15  0.124       0.1308       0.9830
      20  0.082       0.0610       0.9963
      25  0.054       0.1193       0.9858
      30  0.036       0.0467       0.9978

  recovered = [ 0.778 -0.559  0.358  0.566 -0.38 ]
  c_true    = [ 0.8  -0.55  0.35  0.6  -0.4 ]
  max |error| per coefficient = 0.0340
  circuits used = 30 (one per epoch, all 5 coefficients each)
  parameter-shift equivalent = 300 circuits
