================================================================================================
(1)  DO THE CLOSED FORMS MATCH MONTE CARLO?
================================================================================================
  M=8  R=0.45  T=4096  E0=1.7  reps=400. g known exactly.
  Both arms given the SAME readout variance here, so only sigma-resampling
  differs. Sp=1 is SPSA's best case, its largest number of perturbations.

    i      g_i     V5 emp    V5 pred   SPSA emp  SPSA pred   bias V5
  ------------------------------------------------------------------
    0   1.1013    0.00298    0.00292    0.00497    0.00462  -0.00134
    1   0.3384    0.00280    0.00318    0.00514    0.00516   0.00238
    2  -0.5400    0.00330    0.00314    0.00457    0.00507   0.00092
    3  -1.2602    0.00282    0.00282    0.00425    0.00444  -0.00196
    4  -1.8946    0.00253    0.00233    0.00321    0.00346  -0.00180
    5   0.0186    0.00292    0.00321    0.00511    0.00522   0.00428
    6  -0.8106    0.00329    0.00305    0.00525    0.00490   0.00152
    7  -0.8722    0.00311    0.00303    0.00459    0.00485  -0.00120

  If the two 'pred' columns track the two 'emp' columns, the algebra holds
  and E_0 has cancelled in V5 despite E0 = 1.7 being large.

================================================================================================
(2)  RESAMPLING ALONE:  ratio with the readout variance SHARED
================================================================================================
    Sp    sum Var V5   sum Var SPSA    ratio
  ------------------------------------------
     1       0.02411        0.03778     1.57
     2       0.02346        0.06341     2.70
     4       0.02350        0.12019     5.11
     8       0.02410        0.22832     9.47

  SPSA would choose the Sp that minimises its own variance, so the honest
  comparison is against the best row. If that best row sits near 2, then
  resampling alone does NOT explain 5.66x.

================================================================================================
(3)  UNSHARED READOUT:  V5 bounded at v<=1, SPSA paying Var(H_g)
================================================================================================
  V5's shot is a bounded +-1 ancilla bit. SPSA's shot is an energy estimate
  whose variance is Var(H_g) and is not bounded by 1.

    Var(H_g)   Sp*    sum Var V5   sum Var SPSA    ratio
  ------------------------------------------------------
         1.0     1       0.02418        0.03802     1.57
         4.0     1       0.02317        0.06433     2.78
        16.0     1       0.02373        0.17667     7.44
        64.0     1       0.02332        0.60469    25.93

  Reaching ~5x here, at a Var(H_g) the tested Hamiltonians actually have,
  would locate v72's margin in the readout rather than in the superposition
  and would agree with v67, which found the superposition alone buys nothing.
  Failing to reach it for any plausible Var(H_g) would mean this model does
  not contain the effect v72 measured, which is worth more than either.
