
===== Heisenberg N=4 | exact -6.4641 | 5 seeds =====
  lambda            E_best   E_final     std     SEM   time
  ---------------------------------------------------------
  -0.5             -6.0384   -6.0281  0.0361  0.0161   152s
  0.0  (current)   -5.9892   -5.9870  0.0220  0.0098   152s
  0.5              -6.0306   -6.0120  0.0175  0.0078   147s
  1.0              -6.0397   -6.0275  0.0407  0.0182   144s
  2.0              -6.0322   -6.0185  0.0413  0.0185   154s

  vs uniform (E_final, negative = shaping helps):
    lambda=-0.5 -0.0410  (2.2 sigma)
    lambda=0.5  -0.0249  (2.0 sigma)
    lambda=1.0  -0.0405  (2.0 sigma)
    lambda=2.0  -0.0315  (1.5 sigma)

===== Heisenberg N=6 | exact -9.9743 | 5 seeds =====
  lambda            E_best   E_final     std     SEM   time
  ---------------------------------------------------------
  -0.5             -9.0407   -9.0191  0.0661  0.0295   209s
  0.0  (current)   -8.9820   -8.9743  0.2063  0.0923   202s
  0.5              -8.9937   -8.9797  0.1885  0.0843   200s
  1.0              -9.0472   -9.0293  0.0747  0.0334   222s
  2.0              -9.0070   -8.9919  0.1134  0.0507   242s

  vs uniform (E_final, negative = shaping helps):
    lambda=-0.5 -0.0448  (0.5 sigma)
    lambda=0.5  -0.0054  (0.0 sigma)
    lambda=1.0  -0.0550  (0.6 sigma)
    lambda=2.0  -0.0176  (0.2 sigma)
