====================================================================================================
DOES V6's AMORTISATION SURVIVE THE RADIUS IT PAYS FOR IT?
====================================================================================================
  Gradient norm held at 1 for every M, so any M-dependence is the RADIUS
  and not the landscape. G=3, T=200000, readout var=1.0, cubic=0.35.

      M     R fixed   R~sqrt(N/M)  R optimised   R* used          PS
  ------------------------------------------------------------------
      8   4.655e-03     2.625e-03    1.599e-04     0.140   4.863e-05
     16   6.582e-03     1.140e-03    2.474e-04     0.140   9.727e-05
     32   6.748e-03     3.137e-04    2.816e-04     0.140   1.945e-04
     64   6.912e-03     3.772e-04    3.396e-04     0.200   3.891e-04
    128   1.080e-02     6.267e-04    3.912e-04     0.140   7.781e-04

  fitted per-component MSE ~ M^alpha:
      R fixed          alpha = +0.250
      R ~ sqrt(N/M)    alpha = -0.573
      R optimised      alpha = +0.304
      parameter-shift  alpha = +1.000
      optimal radius R*(M) ~ M^+0.051   (the sqrt(N/M) heuristic assumes -0.500)

====================================================================================================
READING IT
====================================================================================================
  Per-component MSE is reported, so parameter-shift's alpha is +1 here
  rather than the +2 v82 reported for tr(Cov); the comparison between arms
  is what matters, not the absolute exponent.

  If 'R fixed' sits near 0 and the other two near +1, then v82 measured an
  amortisation that V6 cannot actually collect, and the radius penalty
  returns the circuit saving in full.

  If 'R optimised' sits clearly below 'R ~ sqrt(N/M)', the heuristic is
  over-shrinking and V6 should solve for R rather than follow a rule - which
  would be a real and cheap improvement to nisq_v6._radius.
