========================================================================================================
V6 AGAINST EVERY GRADIENT METHOD HERE   (N=4, M=24, G=3)
========================================================================================================
  Matched total shots. Richardson auto-switch set at 10^6 total shots per
  gradient; the sweep crosses it between T=2^18 and T=2^22.

     T total            method  circuits     1-cos     R*  vs p-shift
  --------------------------------------------------------------------
       16384   parameter-shift       144   0.04798      -        1.00
       16384              SPSA       2GK   0.27276      -        0.18
       16384                V5        18   0.07292   0.60        0.66
       16384          V6 plain         3   0.07809   0.60        0.61
       16384     V6 richardson         6   0.20487   0.90        0.23
       16384           V6 auto         3   0.07809   0.60        0.61   rich=False ok
  ....................................................................
       65536   parameter-shift       144   0.01362      -        1.00
       65536              SPSA       2GK   0.26837      -        0.05
       65536                V5        18   0.02840   0.60        0.48
       65536          V6 plain         3   0.05174   0.60        0.26
       65536     V6 richardson         6   0.09918   0.90        0.14
       65536           V6 auto         3   0.05174   0.60        0.26   rich=False ok
  ....................................................................
      262144   parameter-shift       144   0.00360      -        1.00
      262144              SPSA       2GK   0.27533      -        0.01
      262144                V5        18   0.01977   0.45        0.18
      262144          V6 plain         3   0.01688   0.45        0.21
      262144     V6 richardson         6   0.03113   0.90        0.12
      262144           V6 auto         3   0.01688   0.45        0.21   rich=False ok
  ....................................................................
     1048576   parameter-shift       144   0.00092      -        1.00
     1048576              SPSA       2GK   0.28072      -        0.00
     1048576                V5        18   0.00513   0.30        0.18
     1048576          V6 plain         3   0.00687   0.30        0.13
     1048576     V6 richardson         6   0.01450   0.45        0.06
     1048576           V6 auto         6   0.01265   0.30        0.07   rich=True WRONG SIDE
  ....................................................................
     4194304   parameter-shift       144   0.00023      -        1.00
     4194304              SPSA       2GK   0.28384      -        0.00
     4194304                V5        18   0.00188   0.30        0.12
     4194304          V6 plain         3   0.00300   0.30        0.08
     4194304     V6 richardson         6   0.00444   0.60        0.05
