============================================================================================
PART 1.  Does the degree-1 marginal survive the LOG design register?
============================================================================================
  cosine against the exactly enumerated smeared gradient, so a wrong
  Gray/foldover convention cannot hide behind a plausible descent.

    N   M  m_row  linear w  design w  saved      cos  circuits
  --------------------------------------------------------------
/home/poig/anaconda3/lib/python3.13/site-packages/scipy/sparse/linalg/_dsolve/linsolve.py:606: SparseEfficiencyWarning: splu converted its input to CSC format
  return splu(A).solve
/home/poig/anaconda3/lib/python3.13/site-packages/scipy/sparse/linalg/_matfuncs.py:707: SparseEfficiencyWarning: spsolve is more efficient when sparse b is in the CSC matrix format
  return spsolve(Q, P)
    4   5      3         9        10     -1  0.99715         1
/home/poig/anaconda3/lib/python3.13/site-packages/scipy/sparse/_index.py:168: SparseEfficiencyWarning: Changing the sparsity structure of a csr_matrix is expensive. lil and dok are more efficient.
  self._set_intXint(row, col, x.flat[0])
    4   8      4        12        11      1  0.97003         1
    5  12      4        17        12      5  0.82684         1
    6  16      5        22        14      8  0.86307         1

  Width crosses early and then diverges: the design register is
  ceil(log2(M+1))+1 whatever M is, the linear one is M.

============================================================================================
PART 2.  Recovery from a wrong start, one circuit per epoch
============================================================================================
  N=6  M=16  terms ZIIIII ... IIZZII
  start ||theta-c|| = 0.9416   return prob = 0.4130

    epoch       R   ||theta-c||   return prob
  -------------------------------------------
        5   0.374        0.2970        0.9153
       10   0.260        0.1059        0.9888
       15   0.181        0.1083        0.9884
       20   0.126        0.0807        0.9935
       25   0.088        0.1014        0.9898
       30   0.061        0.1101        0.9879

  max |error| per coefficient = 0.0602
  circuits used = 30 (one per epoch, all 16 coefficients each)
  parameter-shift equivalent = 960  ->  32x
  design register carried 16 coefficients on 6 qubits
