====================================================================================================
v91  QN-SPSA vs QLTO V6, swept on the same protocol TUNED was derived with
====================================================================================================
  Gacon, Zoufal, Carleo, Woerner, Quantum 5, 567 (2021), arXiv:2103.09232,
  implemented in Application/qnspsa.py.

  WHY THIS METHOD AND NOT ANOTHER. QN-SPSA is the only published method that
  matches V6's cost scaling - constant circuits per step, independent of M - AND
  carries the metric preconditioning that beats V6 on MaxCut N=6, where full QNG
  reaches 0.0047 against V6's 0.0904 for 52x the circuits. If QNG-quality
  geometry is available at constant cost, V6's niche is smaller than the 8-problem
  suite suggests. That is the question this answers.

  IMPLEMENTATION VERIFIED BEFORE USE. The QFIM point-estimate was checked against
  the exactly computed Fubini-Study metric, averaged over 4000 samples with exact
  fidelities:

      N=2 reps=1 M=8   correlation +0.99502   scale 0.98523
      N=3 reps=1 M=12  correlation +0.99255   scale 0.96166

  Positive correlation confirms the leading -1/2 in the point estimate; without
  it the update ASCENDS and would read as a tuning failure. Scale near 1 confirms
  the 1/(2 eps^2) factor.

  COST. The paper counts 6 function evaluations per step. On a Pauli sum that is
  not 6 circuits: the 2 loss evaluations need one circuit per commuting group,
  while the 4 fidelity evaluations are compute-uncompute circuits measured once
  in the computational basis and cost one each. Billed as 2G + 4 plus blocking's
  loss checks - measured 7.1/step at MaxCut (G=1) and 13.3/step at Heisenberg
  (G=3), against V6's 1 and 3.

====================================================================================================
SWEEP 1.  lr 0.03..3.0  x  eps 0.05..0.3
====================================================================================================
  score = mean gap/(spectral range) over H2 / MaxCut N=4 / Heisenberg N=4,
  2 trials, 20 epochs. Lower is better.

       lr    eps     score    nefv   per-problem gaps
  ----------------------------------------------------------------------
     0.03   0.05    0.1707     263   0.0155 0.1765 0.3201  <-- best
     0.03   0.10    0.1892     263   0.0584 0.2541 0.2550
     0.03   0.30    0.1959     263   0.0798 0.1576 0.3503
     0.10   0.05    0.2026     263   0.0211 0.1750 0.4116
     0.10   0.10    0.1996     263   0.0202 0.1747 0.4039
     0.10   0.30    0.2311     263   0.0286 0.2108 0.4541
     0.30   0.05    0.2283     263   0.0239 0.2572 0.4040
     0.30   0.10    0.2836     263   0.1263 0.2941 0.4305
     0.30   0.30    0.2449     263   0.0490 0.2599 0.4257
     1.00   0.05    0.2762     263   0.1473 0.2671 0.4140
     1.00   0.10    0.2956     263   0.1151 0.3332 0.4385
     1.00   0.30    0.2477     263   0.0649 0.2781 0.4003
     3.00   0.05    0.2618     263   0.0811 0.2473 0.4572
     3.00   0.10    0.3003     263   0.1398 0.2891 0.4721
     3.00   0.30    0.2700     263   0.0879 0.3150 0.4070

  BEST: lr=0.03 eps=0.05 score=0.1707 -- ON THE LOWER EDGE, so not bracketed.

====================================================================================================
SWEEP 2.  extension below the boundary, lr 0.001..0.03
====================================================================================================
        lr    eps     score    nefv   per-problem gaps
  ------------------------------------------------------------------
     0.001   0.02    0.4522     263   0.2335 0.5593 0.5637
     0.001   0.05    0.4337     263   0.2339 0.5251 0.5422
     0.001   0.10    0.4326     263   0.2272 0.5452 0.5253
     0.003   0.02    0.3576     263   0.1162 0.5220 0.4347
     0.003   0.05    0.3877     263   0.2015 0.4907 0.4710
     0.003   0.10    0.3779     263   0.1748 0.4962 0.4627
     0.010   0.02    0.2880     263   0.1924 0.2001 0.4717
     0.010   0.05    0.2789     263   0.1522 0.3523 0.3323
     0.010   0.10    0.3063     263   0.1049 0.4203 0.3937
     0.030   0.02    0.2417     263   0.0762 0.2240 0.4249
     0.030   0.05    0.2421     263   0.0161 0.3409 0.3692
     0.030   0.10    0.2287     263   0.0553 0.3113 0.3193

  BEST OVERALL: lr=0.03, bracketed - monotonically worse below (0.4522 at
  lr=0.001) and worse above (0.3003 at lr=3.0).

====================================================================================================
REPEATABILITY, WHICH IS WORSE THAN ANY OTHER ROW IN TUNED
====================================================================================================
  The IDENTICAL cell (lr=0.03, eps=0.05) scored 0.1707 in sweep 1 and 0.2421 in
  sweep 2. Initial parameters and the optimiser's own RNG are seeded; the
  estimator's shot noise is NOT. 2-trial noise is therefore about 0.07, which is
  the same size as the spacing between grid cells.

  NO CONCLUSION SHOULD BE DRAWN FROM ANY SINGLE CELL. What survives is the
  aggregate: QN-SPSA's optimum sits at 0.17-0.24 however it is read.

====================================================================================================
THE RESULT
====================================================================================================
                    score        nefv    H2      MaxCut N=4   Heisenberg N=4
  QN-SPSA (best)   0.17-0.24      263   0.0155     0.1765         0.3201
  QLTO V6          0.0254          60   0.0065     0.0043         0.0654

  V6 wins all three problems, by 7-10x on aggregate score, at 4.4x fewer
  circuits. The comparison is harsher than that: the suite plots against NEFV,
  so at MATCHED cost QN-SPSA would get about 4.5 epochs to V6's 20.

  THE INFORMATIVE PART IS WHERE QN-SPSA LOSES WORST. MaxCut N=4 is 0.1765
  against V6's 0.0043 - and MaxCut is precisely the family where full QNG beats
  V6, reaching 0.0047 at N=6 for 52x the circuits. So the metric advantage does
  NOT survive being SPSA-estimated: the geometry that helps needs the expensive
  exact QFIM.

  That is the same conclusion the earlier AdamW/QFIM ablation reached from the
  other direction, where F^-1 preconditioning applied ON TOP of V6 hurt because
  kappa(F) = 349 and the inverse amplifies noise along low-metric directions.
  Both halves now agree: adding the metric to V6 hurts, and obtaining the metric
  cheaply does not work either. The 2M saving and the preconditioning remain
  mutually exclusive.
