==============================================================================================
V6 ITERATION AS A DYNAMICAL SYSTEM
==============================================================================================
  N=2 reps=1 M=8, hypercube 256 points enumerated exactly.
  R held at 0.6; control parameter is gain = alpha*R.
  V6's default is alpha=0.9, r0=0.6 -> gain = 0.54.
  Map's first bifurcation (Feigenbaum dir) is at r = 0.627688.

      gain   period    E range in attractor      E mean
  -------------------------------------------------------
      0.10        2               7.817e-03   -1.374824
      0.15        2               2.845e-02   -1.363113
      0.20        2               3.356e-02   -1.350901
      0.25        2               3.821e-02   -1.334877
      0.30        2               5.560e-02   -1.314041
      0.35aperiodic               3.689e-02   -1.292741
      0.40aperiodic               1.376e-01   -1.257412
      0.45aperiodic               1.612e-02   -1.243577
      0.50        2               4.953e-02   -1.223470
      0.55        2               1.152e-01   -1.200893
      0.60        2               2.075e-01   -1.162799
      0.65        2               1.854e-01   -1.145297
      0.70aperiodic               2.873e-03   -1.139733
      0.75aperiodic               1.855e-01   -1.111712
      0.80aperiodic               5.494e-02   -1.117856
      0.85        2               3.130e-04   -1.105307
      0.90        2               1.130e-01   -1.090293
      0.95aperiodic               1.183e-01   -1.078629
      1.00        2               2.627e-01   -1.045223
      1.05aperiodic               2.147e-01   -1.037512
      1.10aperiodic               2.031e-01   -1.022872
      1.15aperiodic               2.082e-01   -1.007499
      1.20aperiodic               2.504e-01   -0.990621
      1.25aperiodic               3.301e-01   -0.961116
      1.30aperiodic               6.171e-01   -1.039290
      1.35aperiodic               1.499e+00   -0.679955
      1.40aperiodic               4.782e-01   -0.908746
      1.45aperiodic               4.009e-01   -0.900814
      1.50aperiodic               7.737e-01   -0.833991
      1.55aperiodic               2.329e+00   -0.505332
