  numpy simulator vs qiskit, max |diff| over 20 draws: 9.99e-16
  verified.

============================================================================================
TEST A.  Do the 'aperiodic' labels survive a 12x longer transient?
============================================================================================
     gain   v93 (400)  now (5000)      spread               verdict
  -----------------------------------------------------------------
     0.35   aperiodic           2   3.696e-02         was TRANSIENT
     0.40   aperiodic           2   1.446e-01         was TRANSIENT
     0.45   aperiodic           2   1.611e-02         was TRANSIENT
     0.50           2           2   4.953e-02             unchanged
     0.70   aperiodic           2   2.880e-03         was TRANSIENT
     0.75   aperiodic           2   1.849e-01         was TRANSIENT
     0.80   aperiodic           2   5.467e-02         was TRANSIENT
     0.95   aperiodic           2   9.413e-02         was TRANSIENT

============================================================================================
TEST B.  Is the cascade below gain 0.10?
============================================================================================
     gain    period      spread      E mean
  -----------------------------------------
    0.005         2   1.380e-04   -1.382670
    0.010         2   3.790e-04   -1.382556
    0.015         2   9.033e-05   -1.382587
    0.020         2   2.300e-04   -1.382453
    0.025         2   1.186e-03   -1.382096
    0.030         2   6.680e-04   -1.382053
    0.035         2   1.440e-03   -1.381715
    0.040         2   3.244e-04   -1.381564
    0.045         2   2.328e-03   -1.381041
    0.050         2   2.332e-03   -1.380729
    0.055         2   4.653e-03   -1.379928
    0.060         2   3.176e-03   -1.379862
    0.065         2   4.152e-03   -1.379293
    0.070         2   7.867e-03   -1.378082
    0.075         2   2.793e-03   -1.378477
    0.080         2   6.753e-03   -1.377428
    0.085         2   3.412e-03   -1.377261
    0.090         2   1.318e-02   -1.374973
    0.095         2   1.521e-02   -1.373940
    0.100         2   7.817e-03   -1.374824

============================================================================================
READING IT
============================================================================================
  periods seen below 0.10: [2]
  Only periods 1 and 2 below 0.10: no cascade there either. The
  window/chaos structure is then the whole story and this map does
  not reach chaos by period doubling at any gain tested.
